Archive member included to satisfy reference by file (symbol)

C:/ST/STM32CubeIDE_1.16.1/STM32CubeIDE/plugins/com.st.stm32cube.ide.mcu.externaltools.gnu-tools-for-stm32.12.3.rel1.win32_1.0.200.202406191623/tools/bin/../lib/gcc/arm-none-eabi/12.3.1/../../../../arm-none-eabi/lib/thumb/v7e-m+fp/hard\libc_nano.a(libc_a-exit.o)
                              C:/ST/STM32CubeIDE_1.16.1/STM32CubeIDE/plugins/com.st.stm32cube.ide.mcu.externaltools.gnu-tools-for-stm32.12.3.rel1.win32_1.0.200.202406191623/tools/bin/../lib/gcc/arm-none-eabi/12.3.1/../../../../arm-none-eabi/lib/thumb/v7e-m+fp/hard/crt0.o (exit)
C:/ST/STM32CubeIDE_1.16.1/STM32CubeIDE/plugins/com.st.stm32cube.ide.mcu.externaltools.gnu-tools-for-stm32.12.3.rel1.win32_1.0.200.202406191623/tools/bin/../lib/gcc/arm-none-eabi/12.3.1/../../../../arm-none-eabi/lib/thumb/v7e-m+fp/hard\libc_nano.a(libc_a-findfp.o)
                              ./Middlewares/Third_Party/FreeRTOS/Source/tasks.o (__sf)
C:/ST/STM32CubeIDE_1.16.1/STM32CubeIDE/plugins/com.st.stm32cube.ide.mcu.externaltools.gnu-tools-for-stm32.12.3.rel1.win32_1.0.200.202406191623/tools/bin/../lib/gcc/arm-none-eabi/12.3.1/../../../../arm-none-eabi/lib/thumb/v7e-m+fp/hard\libc_nano.a(libc_a-fwalk.o)
                              C:/ST/STM32CubeIDE_1.16.1/STM32CubeIDE/plugins/com.st.stm32cube.ide.mcu.externaltools.gnu-tools-for-stm32.12.3.rel1.win32_1.0.200.202406191623/tools/bin/../lib/gcc/arm-none-eabi/12.3.1/../../../../arm-none-eabi/lib/thumb/v7e-m+fp/hard\libc_nano.a(libc_a-findfp.o) (_fwalk_sglue)
C:/ST/STM32CubeIDE_1.16.1/STM32CubeIDE/plugins/com.st.stm32cube.ide.mcu.externaltools.gnu-tools-for-stm32.12.3.rel1.win32_1.0.200.202406191623/tools/bin/../lib/gcc/arm-none-eabi/12.3.1/../../../../arm-none-eabi/lib/thumb/v7e-m+fp/hard\libc_nano.a(libc_a-sprintf.o)
                              ./ap/module/ap_lcd.o (sprintf)
C:/ST/STM32CubeIDE_1.16.1/STM32CubeIDE/plugins/com.st.stm32cube.ide.mcu.externaltools.gnu-tools-for-stm32.12.3.rel1.win32_1.0.200.202406191623/tools/bin/../lib/gcc/arm-none-eabi/12.3.1/../../../../arm-none-eabi/lib/thumb/v7e-m+fp/hard\libc_nano.a(libc_a-stdio.o)
                              C:/ST/STM32CubeIDE_1.16.1/STM32CubeIDE/plugins/com.st.stm32cube.ide.mcu.externaltools.gnu-tools-for-stm32.12.3.rel1.win32_1.0.200.202406191623/tools/bin/../lib/gcc/arm-none-eabi/12.3.1/../../../../arm-none-eabi/lib/thumb/v7e-m+fp/hard\libc_nano.a(libc_a-findfp.o) (__sread)
C:/ST/STM32CubeIDE_1.16.1/STM32CubeIDE/plugins/com.st.stm32cube.ide.mcu.externaltools.gnu-tools-for-stm32.12.3.rel1.win32_1.0.200.202406191623/tools/bin/../lib/gcc/arm-none-eabi/12.3.1/../../../../arm-none-eabi/lib/thumb/v7e-m+fp/hard\libc_nano.a(libc_a-memset.o)
                              C:/ST/STM32CubeIDE_1.16.1/STM32CubeIDE/plugins/com.st.stm32cube.ide.mcu.externaltools.gnu-tools-for-stm32.12.3.rel1.win32_1.0.200.202406191623/tools/bin/../lib/gcc/arm-none-eabi/12.3.1/../../../../arm-none-eabi/lib/thumb/v7e-m+fp/hard/crt0.o (memset)
C:/ST/STM32CubeIDE_1.16.1/STM32CubeIDE/plugins/com.st.stm32cube.ide.mcu.externaltools.gnu-tools-for-stm32.12.3.rel1.win32_1.0.200.202406191623/tools/bin/../lib/gcc/arm-none-eabi/12.3.1/../../../../arm-none-eabi/lib/thumb/v7e-m+fp/hard\libc_nano.a(libc_a-strncmp.o)
                              ./ap/module/uart_cmd.o (strncmp)
C:/ST/STM32CubeIDE_1.16.1/STM32CubeIDE/plugins/com.st.stm32cube.ide.mcu.externaltools.gnu-tools-for-stm32.12.3.rel1.win32_1.0.200.202406191623/tools/bin/../lib/gcc/arm-none-eabi/12.3.1/../../../../arm-none-eabi/lib/thumb/v7e-m+fp/hard\libc_nano.a(libc_a-closer.o)
                              C:/ST/STM32CubeIDE_1.16.1/STM32CubeIDE/plugins/com.st.stm32cube.ide.mcu.externaltools.gnu-tools-for-stm32.12.3.rel1.win32_1.0.200.202406191623/tools/bin/../lib/gcc/arm-none-eabi/12.3.1/../../../../arm-none-eabi/lib/thumb/v7e-m+fp/hard\libc_nano.a(libc_a-stdio.o) (_close_r)
C:/ST/STM32CubeIDE_1.16.1/STM32CubeIDE/plugins/com.st.stm32cube.ide.mcu.externaltools.gnu-tools-for-stm32.12.3.rel1.win32_1.0.200.202406191623/tools/bin/../lib/gcc/arm-none-eabi/12.3.1/../../../../arm-none-eabi/lib/thumb/v7e-m+fp/hard\libc_nano.a(libc_a-reent.o)
                              ./Middlewares/Third_Party/FreeRTOS/Source/tasks.o (_reclaim_reent)
C:/ST/STM32CubeIDE_1.16.1/STM32CubeIDE/plugins/com.st.stm32cube.ide.mcu.externaltools.gnu-tools-for-stm32.12.3.rel1.win32_1.0.200.202406191623/tools/bin/../lib/gcc/arm-none-eabi/12.3.1/../../../../arm-none-eabi/lib/thumb/v7e-m+fp/hard\libc_nano.a(libc_a-impure.o)
                              ./Middlewares/Third_Party/FreeRTOS/Source/tasks.o (_impure_ptr)
C:/ST/STM32CubeIDE_1.16.1/STM32CubeIDE/plugins/com.st.stm32cube.ide.mcu.externaltools.gnu-tools-for-stm32.12.3.rel1.win32_1.0.200.202406191623/tools/bin/../lib/gcc/arm-none-eabi/12.3.1/../../../../arm-none-eabi/lib/thumb/v7e-m+fp/hard\libc_nano.a(libc_a-lseekr.o)
[...]
Memory Configuration

Name             Origin             Length             Attributes
RAM              0x20000000         0x00020000         xrw
FLASH            0x08000000         0x00080000         xr
*default*        0x00000000         0xffffffff

Linker script and memory map

LOAD C:/ST/STM32CubeIDE_1.16.1/STM32CubeIDE/plugins/com.st.stm32cube.ide.mcu.externaltools.gnu-tools-for-stm32.12.3.rel1.win32_1.0.200.202406191623/tools/bin/../lib/gcc/arm-none-eabi/12.3.1/thumb/v7e-m+fp/hard/crti.o
LOAD C:/ST/STM32CubeIDE_1.16.1/STM32CubeIDE/plugins/com.st.stm32cube.ide.mcu.externaltools.gnu-tools-for-stm32.12.3.rel1.win32_1.0.200.202406191623/tools/bin/../lib/gcc/arm-none-eabi/12.3.1/thumb/v7e-m+fp/hard/crtbegin.o
LOAD C:/ST/STM32CubeIDE_1.16.1/STM32CubeIDE/plugins/com.st.stm32cube.ide.mcu.externaltools.gnu-tools-for-stm32.12.3.rel1.win32_1.0.200.202406191623/tools/bin/../lib/gcc/arm-none-eabi/12.3.1/../../../../arm-none-eabi/lib/thumb/v7e-m+fp/hard/crt0.o
LOAD ./Core/Src/adc.o
LOAD ./Core/Src/freertos.o
LOAD ./Core/Src/gpio.o
LOAD ./Core/Src/main.o
LOAD ./Core/Src/stm32f4xx_hal_msp.o
LOAD ./Core/Src/stm32f4xx_hal_timebase_tim.o
LOAD ./Core/Src/stm32f4xx_it.o
LOAD ./Core/Src/syscalls.o
LOAD ./Core/Src/sysmem.o
LOAD ./Core/Src/system_stm32f4xx.o
LOAD ./Core/Src/tim.o
LOAD ./Core/Src/usart.o
LOAD ./Core/Startup/startup_stm32f411retx.o
LOAD ./Drivers/STM32F4xx_HAL_Driver/Src/stm32f4xx_hal.o
LOAD ./Drivers/STM32F4xx_HAL_Driver/Src/stm32f4xx_hal_adc.o
LOAD ./Drivers/STM32F4xx_HAL_Driver/Src/stm32f4xx_hal_adc_ex.o
LOAD ./Drivers/STM32F4xx_HAL_Driver/Src/stm32f4xx_hal_cortex.o
LOAD ./Drivers/STM32F4xx_HAL_Driver/Src/stm32f4xx_hal_dma.o
LOAD ./Drivers/STM32F4xx_HAL_Driver/Src/stm32f4xx_hal_dma_ex.o
LOAD ./Drivers/STM32F4xx_HAL_Driver/Src/stm32f4xx_hal_exti.o
LOAD ./Drivers/STM32F4xx_HAL_Driver/Src/stm32f4xx_hal_flash.o
LOAD ./Drivers/STM32F4xx_HAL_Driver/Src/stm32f4xx_hal_flash_ex.o
LOAD ./Drivers/STM32F4xx_HAL_Driver/Src/stm32f4xx_hal_flash_ramfunc.o
LOAD ./Drivers/STM32F4xx_HAL_Driver/Src/stm32f4xx_hal_gpio.o
LOAD ./Drivers/STM32F4xx_HAL_Driver/Src/stm32f4xx_hal_pwr.o
LOAD ./Drivers/STM32F4xx_HAL_Driver/Src/stm32f4xx_hal_pwr_ex.o
LOAD ./Drivers/STM32F4xx_HAL_Driver/Src/stm32f4xx_hal_rcc.o
LOAD ./Drivers/STM32F4xx_HAL_Driver/Src/stm32f4xx_hal_rcc_ex.o
LOAD ./Drivers/STM32F4xx_HAL_Driver/Src/stm32f4xx_hal_tim.o
LOAD ./Drivers/STM32F4xx_HAL_Driver/Src/stm32f4xx_hal_tim_ex.o
LOAD ./Drivers/STM32F4xx_HAL_Driver/Src/stm32f4xx_hal_uart.o
LOAD ./Drivers/STM32F4xx_HAL_Driver/Src/stm32f4xx_ll_adc.o
LOAD ./Middlewares/Third_Party/FreeRTOS/Source/CMSIS_RTOS_V2/cmsis_os2.o
LOAD ./Middlewares/Third_Party/FreeRTOS/Source/croutine.o
LOAD ./Middlewares/Third_Party/FreeRTOS/Source/event_groups.o
LOAD ./Middlewares/Third_Party/FreeRTOS/Source/list.o
LOAD ./Middlewares/Third_Party/FreeRTOS/Source/queue.o
LOAD ./Middlewares/Third_Party/FreeRTOS/Source/stream_buffer.o
LOAD ./Middlewares/Third_Party/FreeRTOS/Source/tasks.o
LOAD ./Middlewares/Third_Party/FreeRTOS/Source/timers.o
LOAD ./Middlewares/Third_Party/FreeRTOS/Source/portable/GCC/ARM_CM4F/port.o
LOAD ./Middlewares/Third_Party/FreeRTOS/Source/portable/MemMang/heap_4.o
LOAD ./ap/ap.o
LOAD ./ap/smart_blind.o
LOAD ./ap/module/ap_lcd.o
LOAD ./ap/module/cds.o
LOAD ./ap/module/servo_motor.o
LOAD ./ap/module/stopwatch.o
LOAD ./ap/module/uart_cmd.o
LOAD ./hw/driver/button.o
LOAD ./hw/driver/hw_adc.o
LOAD ./hw/driver/hw_motor.o
LOAD ./hw/driver/hw_tim.o
LOAD ./hw/driver/lcd.o
LOAD ./hw/driver/led.o
LOAD ./hw/driver/uart.o
LOAD ./hw/hw.o
LOAD ./rtos/display_task.o
LOAD ./rtos/rtos_task.o
LOAD ./rtos/sensor_task.o
LOAD ./rtos/servo_motor_task.o
LOAD ./rtos/smart_blind_task.o
LOAD ./rtos/stopwatch_task.o
LOAD ./rtos/uart_cmd_task.o
START GROUP
LOAD C:/ST/STM32CubeIDE_1.16.1/STM32CubeIDE/plugins/com.st.stm32cube.ide.mcu.externaltools.gnu-tools-for-stm32.12.3.rel1.win32_1.0.200.202406191623/tools/bin/../lib/gcc/arm-none-eabi/12.3.1/../../../../arm-none-eabi/lib/thumb/v7e-m+fp/hard\libc_nano.a
LOAD C:/ST/STM32CubeIDE_1.16.1/STM32CubeIDE/plugins/com.st.stm32cube.ide.mcu.externaltools.gnu-tools-for-stm32.12.3.rel1.win32_1.0.200.202406191623/tools/bin/../lib/gcc/arm-none-eabi/12.3.1/../../../../arm-none-eabi/lib/thumb/v7e-m+fp/hard\libm.a
END GROUP
START GROUP
LOAD C:/ST/STM32CubeIDE_1.16.1/STM32CubeIDE/plugins/com.st.stm32cube.ide.mcu.externaltools.gnu-tools-for-stm32.12.3.rel1.win32_1.0.200.202406191623/tools/bin/../lib/gcc/arm-none-eabi/12.3.1/thumb/v7e-m+fp/hard\libgcc.a
LOAD C:/ST/STM32CubeIDE_1.16.1/STM32CubeIDE/plugins/com.st.stm32cube.ide.mcu.externaltools.gnu-tools-for-stm32.12.3.rel1.win32_1.0.200.202406191623/tools/bin/../lib/gcc/arm-none-eabi/12.3.1/../../../../arm-none-eabi/lib/thumb/v7e-m+fp/hard\libc_nano.a
END GROUP
START GROUP
LOAD C:/ST/STM32CubeIDE_1.16.1/STM32CubeIDE/plugins/com.st.stm32cube.ide.mcu.externaltools.gnu-tools-for-stm32.12.3.rel1.win32_1.0.200.202406191623/tools/bin/../lib/gcc/arm-none-eabi/12.3.1/thumb/v7e-m+fp/hard\libgcc.a
LOAD C:/ST/STM32CubeIDE_1.16.1/STM32CubeIDE/plugins/com.st.stm32cube.ide.mcu.externaltools.gnu-tools-for-stm32.12.3.rel1.win32_1.0.200.202406191623/tools/bin/../lib/gcc/arm-none-eabi/12.3.1/../../../../arm-none-eabi/lib/thumb/v7e-m+fp/hard\libc_nano.a
LOAD C:/ST/STM32CubeIDE_1.16.1/STM32CubeIDE/plugins/com.st.stm32cube.ide.mcu.externaltools.gnu-tools-for-stm32.12.3.rel1.win32_1.0.200.202406191623/tools/bin/../lib/gcc/arm-none-eabi/12.3.1/../../../../arm-none-eabi/lib/thumb/v7e-m+fp/hard\libnosys.a
END GROUP
START GROUP
LOAD C:/ST/STM32CubeIDE_1.16.1/STM32CubeIDE/plugins/com.st.stm32cube.ide.mcu.externaltools.gnu-tools-for-stm32.12.3.rel1.win32_1.0.200.202406191623/tools/bin/../lib/gcc/arm-none-eabi/12.3.1/thumb/v7e-m+fp/hard\libgcc.a
LOAD C:/ST/STM32CubeIDE_1.16.1/STM32CubeIDE/plugins/com.st.stm32cube.ide.mcu.externaltools.gnu-tools-for-stm32.12.3.rel1.win32_1.0.200.202406191623/tools/bin/../lib/gcc/arm-none-eabi/12.3.1/../../../../arm-none-eabi/lib/thumb/v7e-m+fp/hard\libc_nano.a
LOAD C:/ST/STM32CubeIDE_1.16.1/STM32CubeIDE/plugins/com.st.stm32cube.ide.mcu.externaltools.gnu-tools-for-stm32.12.3.rel1.win32_1.0.200.202406191623/tools/bin/../lib/gcc/arm-none-eabi/12.3.1/../../../../arm-none-eabi/lib/thumb/v7e-m+fp/hard\libnosys.a
END GROUP
LOAD C:/ST/STM32CubeIDE_1.16.1/STM32CubeIDE/plugins/com.st.stm32cube.ide.mcu.externaltools.gnu-tools-for-stm32.12.3.rel1.win32_1.0.200.202406191623/tools/bin/../lib/gcc/arm-none-eabi/12.3.1/thumb/v7e-m+fp/hard/crtend.o
LOAD C:/ST/STM32CubeIDE_1.16.1/STM32CubeIDE/plugins/com.st.stm32cube.ide.mcu.externaltools.gnu-tools-for-stm32.12.3.rel1.win32_1.0.200.202406191623/tools/bin/../lib/gcc/arm-none-eabi/12.3.1/thumb/v7e-m+fp/hard/crtn.o
                0x20020000                        _estack = (ORIGIN (RAM) + LENGTH (RAM))
                0x00000200                        _Min_Heap_Size = 0x200
                0x00000400                        _Min_Stack_Size = 0x400

.isr_vector     0x08000000      0x198
                0x08000000                        . = ALIGN (0x4)
 *(.isr_vector)
 .isr_vector    0x08000000      0x198 ./Core/Startup/startup_stm32f411retx.o
                0x08000000                g_pfnVectors
                0x08000198                        . = ALIGN (0x4)

.text           0x080001a0     0x833c
                0x080001a0                        . = ALIGN (0x4)
 *(.text)
 .text          0x080001a0       0x40 C:/ST/STM32CubeIDE_1.16.1/STM32CubeIDE/plugins/com.st.stm32cube.ide.mcu.externaltools.gnu-tools-for-stm32.12.3.rel1.win32_1.0.200.202406191623/tools/bin/../lib/gcc/arm-none-eabi/12.3.1/thumb/v7e-m+fp/hard/crtbegin.o
 .text          0x080001e0       0x14 C:/ST/STM32CubeIDE_1.16.1/STM32CubeIDE/plugins/com.st.stm32cube.ide.mcu.externaltools.gnu-tools-for-stm32.12.3.rel1.win32_1.0.200.202406191623/tools/bin/../lib/gcc/arm-none-eabi/12.3.1/../../../../arm-none-eabi/lib/thumb/v7e-m+fp/hard\libc_nano.a(libc_a-strcmp.o)
                0x080001e0                strcmp
 .text          0x080001f4       0x10 C:/ST/STM32CubeIDE_1.16.1/STM32CubeIDE/plugins/com.st.stm32cube.ide.mcu.externaltools.gnu-tools-for-stm32.12.3.rel1.win32_1.0.200.202406191623/tools/bin/../lib/gcc/arm-none-eabi/12.3.1/../../../../arm-none-eabi/lib/thumb/v7e-m+fp/hard\libc_nano.a(libc_a-strlen.o)
                0x080001f4                strlen
 .text          0x08000204       0x30 C:/ST/STM32CubeIDE_1.16.1/STM32CubeIDE/plugins/com.st.stm32cube.ide.mcu.externaltools.gnu-tools-for-stm32.12.3.rel1.win32_1.0.200.202406191623/tools/bin/../lib/gcc/arm-none-eabi/12.3.1/thumb/v7e-m+fp/hard\libgcc.a(_aeabi_uldivmod.o)
                0x08000204                __aeabi_uldivmod
 .text          0x08000234      0x2bc C:/ST/STM32CubeIDE_1.16.1/STM32CubeIDE/plugins/com.st.stm32cube.ide.mcu.externaltools.gnu-tools-for-stm32.12.3.rel1.win32_1.0.200.202406191623/tools/bin/../lib/gcc/arm-none-eabi/12.3.1/thumb/v7e-m+fp/hard\libgcc.a(_udivmoddi4.o)
                0x08000234                __udivmoddi4
 .text          0x080004f0        0x4 C:/ST/STM32CubeIDE_1.16.1/STM32CubeIDE/plugins/com.st.stm32cube.ide.mcu.externaltools.gnu-tools-for-stm32.12.3.rel1.win32_1.0.200.202406191623/tools/bin/../lib/gcc/arm-none-eabi/12.3.1/thumb/v7e-m+fp/hard\libgcc.a(_dvmd_tls.o)
                0x080004f0                __aeabi_idiv0
                0x080004f0                __aeabi_ldiv0
 *(.text*)
 .text.MX_ADC1_Init
                0x080004f4       0xa4 ./Core/Src/adc.o
                0x080004f4                MX_ADC1_Init
 .text.HAL_ADC_MspInit
                0x08000598       0x88 ./Core/Src/adc.o
                0x08000598                HAL_ADC_MspInit
 .text.MX_FREERTOS_Init
                0x08000620       0x90 ./Core/Src/freertos.o
                0x08000620                MX_FREERTOS_Init
 .text.StartDefaultTask
                0x080006b0        0xe ./Core/Src/freertos.o
                0x080006b0                StartDefaultTask
 .text.uart     0x080006be        0xe ./Core/Src/freertos.o
                0x080006be                uart
 .text.StartTask03
                0x080006cc        0xe ./Core/Src/freertos.o
                0x080006cc                StartTask03
 .text.StartTask04
                0x080006da        0xe ./Core/Src/freertos.o
                0x080006da                StartTask04
 .text.MX_GPIO_Init
                0x080006e8      0x160 ./Core/Src/gpio.o
                0x080006e8                MX_GPIO_Init
 .text.main     0x08000848       0x3c ./Core/Src/main.o
                0x08000848                main
 .text.SystemClock_Config
                0x08000884       0xd0 ./Core/Src/main.o
                0x08000884                SystemClock_Config
 .text.HAL_TIM_PeriodElapsedCallback
                0x08000954       0x2c ./Core/Src/main.o
                0x08000954                HAL_TIM_PeriodElapsedCallback
 .text.Error_Handler
                0x08000980        0xc ./Core/Src/main.o
                0x08000980                Error_Handler
 .text.HAL_MspInit
                0x0800098c       0x58 ./Core/Src/stm32f4xx_hal_msp.o
                0x0800098c                HAL_MspInit
 .text.HAL_InitTick
                0x080009e4       0xe4 ./Core/Src/stm32f4xx_hal_timebase_tim.o
                0x080009e4                HAL_InitTick
 .text.NMI_Handler
                0x08000ac8        0x8 ./Core/Src/stm32f4xx_it.o
                0x08000ac8                NMI_Handler
 .text.HardFault_Handler
                0x08000ad0        0x8 ./Core/Src/stm32f4xx_it.o
                0x08000ad0                HardFault_Handler
 .text.MemManage_Handler
                0x08000ad8        0x8 ./Core/Src/stm32f4xx_it.o
                0x08000ad8                MemManage_Handler
 .text.BusFault_Handler
                0x08000ae0        0x8 ./Core/Src/stm32f4xx_it.o
                0x08000ae0                BusFault_Handler
 .text.UsageFault_Handler
                0x08000ae8        0x8 ./Core/Src/stm32f4xx_it.o
                0x08000ae8                UsageFault_Handler
 .text.DebugMon_Handler
                0x08000af0        0xe ./Core/Src/stm32f4xx_it.o
                0x08000af0                DebugMon_Handler
 *fill*         0x08000afe        0x2 
 .text.TIM1_TRG_COM_TIM11_IRQHandler
                0x08000b00       0x14 ./Core/Src/stm32f4xx_it.o
                0x08000b00                TIM1_TRG_COM_TIM11_IRQHandler
 .text.TIM2_IRQHandler
                0x08000b14       0x14 ./Core/Src/stm32f4xx_it.o
                0x08000b14                TIM2_IRQHandler
 .text.USART2_IRQHandler
                0x08000b28       0x14 ./Core/Src/stm32f4xx_it.o
                0x08000b28                USART2_IRQHandler
 .text.EXTI15_10_IRQHandler
                0x08000b3c       0x10 ./Core/Src/stm32f4xx_it.o
                0x08000b3c                EXTI15_10_IRQHandler
 .text.SystemInit
                0x08000b4c       0x24 ./Core/Src/system_stm32f4xx.o
                0x08000b4c                SystemInit
 .text.MX_TIM2_Init
                0x08000b70       0x98 ./Core/Src/tim.o
                0x08000b70                MX_TIM2_Init
 .text.MX_TIM3_Init
                0x08000c08       0xb4 ./Core/Src/tim.o
                0x08000c08                MX_TIM3_Init
 .text.HAL_TIM_Base_MspInit
                0x08000cbc       0x4c ./Core/Src/tim.o
                0x08000cbc                HAL_TIM_Base_MspInit
 .text.HAL_TIM_PWM_MspInit
                0x08000d08       0x90 ./Core/Src/tim.o
                0x08000d08                HAL_TIM_PWM_MspInit
 .text.HAL_TIM_MspPostInit
                0x08000d98       0x74 ./Core/Src/tim.o
                0x08000d98                HAL_TIM_MspPostInit
 .text.MX_USART2_UART_Init
                0x08000e0c       0x54 ./Core/Src/usart.o
                0x08000e0c                MX_USART2_UART_Init
 .text.HAL_UART_MspInit
                0x08000e60       0xa0 ./Core/Src/usart.o
                0x08000e60                HAL_UART_MspInit
 .text.Reset_Handler
                0x08000f00       0x50 ./Core/Startup/startup_stm32f411retx.o
                0x08000f00                Reset_Handler
 .text.Default_Handler
                0x08000f50        0x2 ./Core/Startup/startup_stm32f411retx.o
                0x08000f50                RTC_Alarm_IRQHandler
                0x08000f50                EXTI2_IRQHandler
                0x08000f50                SPI4_IRQHandler
                0x08000f50                TIM1_CC_IRQHandler
                0x08000f50                DMA2_Stream5_IRQHandler
                0x08000f50                DMA1_Stream5_IRQHandler
                0x08000f50                PVD_IRQHandler
                0x08000f50                SDIO_IRQHandler
                0x08000f50                TAMP_STAMP_IRQHandler
                0x08000f50                EXTI3_IRQHandler
                0x08000f50                TIM1_UP_TIM10_IRQHandler
                0x08000f50                I2C3_ER_IRQHandler
                0x08000f50                EXTI0_IRQHandler
                0x08000f50                I2C2_EV_IRQHandler
                0x08000f50                DMA1_Stream2_IRQHandler
                0x08000f50                FPU_IRQHandler
                0x08000f50                DMA2_Stream2_IRQHandler
                0x08000f50                SPI1_IRQHandler
                0x08000f50                TIM1_BRK_TIM9_IRQHandler
                0x08000f50                DMA2_Stream3_IRQHandler
                0x08000f50                USART6_IRQHandler
                0x08000f50                DMA2_Stream0_IRQHandler
                0x08000f50                TIM4_IRQHandler
                0x08000f50                I2C1_EV_IRQHandler
                0x08000f50                DMA1_Stream6_IRQHandler
                0x08000f50                DMA1_Stream1_IRQHandler
                0x08000f50                TIM3_IRQHandler
                0x08000f50                RCC_IRQHandler
                0x08000f50                Default_Handler
                0x08000f50                ADC_IRQHandler
                0x08000f50                DMA1_Stream7_IRQHandler
                0x08000f50                SPI5_IRQHandler
                0x08000f50                TIM5_IRQHandler
                0x08000f50                DMA2_Stream7_IRQHandler
                0x08000f50                I2C3_EV_IRQHandler
                0x08000f50                EXTI9_5_IRQHandler
                0x08000f50                RTC_WKUP_IRQHandler
                0x08000f50                SPI2_IRQHandler
                0x08000f50                DMA1_Stream0_IRQHandler
                0x08000f50                EXTI4_IRQHandler
                0x08000f50                WWDG_IRQHandler
                0x08000f50                OTG_FS_WKUP_IRQHandler
                0x08000f50                EXTI1_IRQHandler
                0x08000f50                I2C2_ER_IRQHandler
                0x08000f50                DMA2_Stream1_IRQHandler
                0x08000f50                FLASH_IRQHandler
                0x08000f50                DMA2_Stream4_IRQHandler
                0x08000f50                USART1_IRQHandler
                0x08000f50                OTG_FS_IRQHandler
                0x08000f50                SPI3_IRQHandler
                0x08000f50                DMA1_Stream4_IRQHandler
                0x08000f50                I2C1_ER_IRQHandler
                0x08000f50                DMA2_Stream6_IRQHandler
                0x08000f50                DMA1_Stream3_IRQHandler
 *fill*         0x08000f52        0x2 
 .text.HAL_Init
                0x08000f54       0x44 ./Drivers/STM32F4xx_HAL_Driver/Src/stm32f4xx_hal.o
                0x08000f54                HAL_Init
 .text.HAL_IncTick
                0x08000f98       0x28 ./Drivers/STM32F4xx_HAL_Driver/Src/stm32f4xx_hal.o
                0x08000f98                HAL_IncTick
 .text.HAL_GetTick
                0x08000fc0       0x18 ./Drivers/STM32F4xx_HAL_Driver/Src/stm32f4xx_hal.o
                0x08000fc0                HAL_GetTick
 .text.HAL_ADC_Init
                0x08000fd8       0x86 ./Drivers/STM32F4xx_HAL_Driver/Src/stm32f4xx_hal_adc.o
                0x08000fd8                HAL_ADC_Init
 *fill*         0x0800105e        0x2 
 .text.HAL_ADC_ConfigChannel
                0x08001060      0x264 ./Drivers/STM32F4xx_HAL_Driver/Src/stm32f4xx_hal_adc.o
                0x08001060                HAL_ADC_ConfigChannel
 .text.ADC_Init
                0x080012c4      0x1f8 ./Drivers/STM32F4xx_HAL_Driver/Src/stm32f4xx_hal_adc.o
 .text.__NVIC_SetPriorityGrouping
                0x080014bc       0x48 ./Drivers/STM32F4xx_HAL_Driver/Src/stm32f4xx_hal_cortex.o
 .text.__NVIC_GetPriorityGrouping
                0x08001504       0x1c ./Drivers/STM32F4xx_HAL_Driver/Src/stm32f4xx_hal_cortex.o
 .text.__NVIC_EnableIRQ
                0x08001520       0x3c ./Drivers/STM32F4xx_HAL_Driver/Src/stm32f4xx_hal_cortex.o
 .text.__NVIC_SetPriority
                0x0800155c       0x54 ./Drivers/STM32F4xx_HAL_Driver/Src/stm32f4xx_hal_cortex.o
 .text.NVIC_EncodePriority
                0x080015b0       0x66 ./Drivers/STM32F4xx_HAL_Driver/Src/stm32f4xx_hal_cortex.o
 .text.HAL_NVIC_SetPriorityGrouping
                0x08001616       0x16 ./Drivers/STM32F4xx_HAL_Driver/Src/stm32f4xx_hal_cortex.o
                0x08001616                HAL_NVIC_SetPriorityGrouping
 .text.HAL_NVIC_SetPriority
                0x0800162c       0x38 ./Drivers/STM32F4xx_HAL_Driver/Src/stm32f4xx_hal_cortex.o
                0x0800162c                HAL_NVIC_SetPriority
 .text.HAL_NVIC_EnableIRQ
                0x08001664       0x1c ./Drivers/STM32F4xx_HAL_Driver/Src/stm32f4xx_hal_cortex.o
                0x08001664                HAL_NVIC_EnableIRQ
 .text.HAL_DMA_Abort
                0x08001680       0xe0 ./Drivers/STM32F4xx_HAL_Driver/Src/stm32f4xx_hal_dma.o
                0x08001680                HAL_DMA_Abort
 .text.HAL_DMA_Abort_IT
                0x08001760       0x44 ./Drivers/STM32F4xx_HAL_Driver/Src/stm32f4xx_hal_dma.o
                0x08001760                HAL_DMA_Abort_IT
 .text.HAL_GPIO_Init
                0x080017a4      0x308 ./Drivers/STM32F4xx_HAL_Driver/Src/stm32f4xx_hal_gpio.o
                0x080017a4                HAL_GPIO_Init
 .text.HAL_GPIO_WritePin
                0x08001aac       0x32 ./Drivers/STM32F4xx_HAL_Driver/Src/stm32f4xx_hal_gpio.o
                0x08001aac                HAL_GPIO_WritePin
 .text.HAL_GPIO_TogglePin
                0x08001ade       0x34 ./Drivers/STM32F4xx_HAL_Driver/Src/stm32f4xx_hal_gpio.o
                0x08001ade                HAL_GPIO_TogglePin
 *fill*         0x08001b12        0x2 
 .text.HAL_GPIO_EXTI_IRQHandler
                0x08001b14       0x30 ./Drivers/STM32F4xx_HAL_Driver/Src/stm32f4xx_hal_gpio.o
                0x08001b14                HAL_GPIO_EXTI_IRQHandler
 .text.HAL_RCC_OscConfig
                0x08001b44      0x4f0 ./Drivers/STM32F4xx_HAL_Driver/Src/stm32f4xx_hal_rcc.o
                0x08001b44                HAL_RCC_OscConfig
 .text.HAL_RCC_ClockConfig
                0x08002034      0x1cc ./Drivers/STM32F4xx_HAL_Driver/Src/stm32f4xx_hal_rcc.o
                0x08002034                HAL_RCC_ClockConfig
 .text.HAL_RCC_GetSysClockFreq
                0x08002200      0x20c ./Drivers/STM32F4xx_HAL_Driver/Src/stm32f4xx_hal_rcc.o
                0x08002200                HAL_RCC_GetSysClockFreq
 .text.HAL_RCC_GetHCLKFreq
                0x0800240c       0x18 ./Drivers/STM32F4xx_HAL_Driver/Src/stm32f4xx_hal_rcc.o
                0x0800240c                HAL_RCC_GetHCLKFreq
 .text.HAL_RCC_GetPCLK1Freq
                0x08002424       0x28 ./Drivers/STM32F4xx_HAL_Driver/Src/stm32f4xx_hal_rcc.o
                0x08002424                HAL_RCC_GetPCLK1Freq
 .text.HAL_RCC_GetPCLK2Freq
                0x0800244c       0x28 ./Drivers/STM32F4xx_HAL_Driver/Src/stm32f4xx_hal_rcc.o
                0x0800244c                HAL_RCC_GetPCLK2Freq
 .text.HAL_RCC_GetClockConfig
                0x08002474       0x64 ./Drivers/STM32F4xx_HAL_Driver/Src/stm32f4xx_hal_rcc.o
                0x08002474                HAL_RCC_GetClockConfig
 .text.HAL_TIM_Base_Init
                0x080024d8       0x9e ./Drivers/STM32F4xx_HAL_Driver/Src/stm32f4xx_hal_tim.o
                0x080024d8                HAL_TIM_Base_Init
 *fill*         0x08002576        0x2 
 .text.HAL_TIM_Base_Start_IT
                0x08002578       0xc4 ./Drivers/STM32F4xx_HAL_Driver/Src/stm32f4xx_hal_tim.o
                0x08002578                HAL_TIM_Base_Start_IT
 .text.HAL_TIM_Base_Stop_IT
                0x0800263c       0x5e ./Drivers/STM32F4xx_HAL_Driver/Src/stm32f4xx_hal_tim.o
                0x0800263c                HAL_TIM_Base_Stop_IT
 .text.HAL_TIM_PWM_Init
                0x0800269a       0x9e ./Drivers/STM32F4xx_HAL_Driver/Src/stm32f4xx_hal_tim.o
                0x0800269a                HAL_TIM_PWM_Init
 .text.HAL_TIM_PWM_Start
                0x08002738      0x160 ./Drivers/STM32F4xx_HAL_Driver/Src/stm32f4xx_hal_tim.o
                0x08002738                HAL_TIM_PWM_Start
 .text.HAL_TIM_PWM_Stop
                0x08002898       0xc8 ./Drivers/STM32F4xx_HAL_Driver/Src/stm32f4xx_hal_tim.o
                0x08002898                HAL_TIM_PWM_Stop
 .text.HAL_TIM_IRQHandler
                0x08002960      0x1e0 ./Drivers/STM32F4xx_HAL_Driver/Src/stm32f4xx_hal_tim.o
                0x08002960                HAL_TIM_IRQHandler
 .text.HAL_TIM_PWM_ConfigChannel
                0x08002b40      0x184 ./Drivers/STM32F4xx_HAL_Driver/Src/stm32f4xx_hal_tim.o
                0x08002b40                HAL_TIM_PWM_ConfigChannel
 .text.HAL_TIM_ConfigClockSource
                0x08002cc4      0x18e ./Drivers/STM32F4xx_HAL_Driver/Src/stm32f4xx_hal_tim.o
                0x08002cc4                HAL_TIM_ConfigClockSource
 .text.HAL_TIM_OC_DelayElapsedCallback
                0x08002e52       0x14 ./Drivers/STM32F4xx_HAL_Driver/Src/stm32f4xx_hal_tim.o
                0x08002e52                HAL_TIM_OC_DelayElapsedCallback
 .text.HAL_TIM_IC_CaptureCallback
                0x08002e66       0x14 ./Drivers/STM32F4xx_HAL_Driver/Src/stm32f4xx_hal_tim.o
                0x08002e66                HAL_TIM_IC_CaptureCallback
 .text.HAL_TIM_PWM_PulseFinishedCallback
                0x08002e7a       0x14 ./Drivers/STM32F4xx_HAL_Driver/Src/stm32f4xx_hal_tim.o
                0x08002e7a                HAL_TIM_PWM_PulseFinishedCallback
 .text.HAL_TIM_TriggerCallback
                0x08002e8e       0x14 ./Drivers/STM32F4xx_HAL_Driver/Src/stm32f4xx_hal_tim.o
                0x08002e8e                HAL_TIM_TriggerCallback
 *fill*         0x08002ea2        0x2 
 .text.TIM_Base_SetConfig
                0x08002ea4      0x10c ./Drivers/STM32F4xx_HAL_Driver/Src/stm32f4xx_hal_tim.o
                0x08002ea4                TIM_Base_SetConfig
 .text.TIM_OC1_SetConfig
                0x08002fb0       0xcc ./Drivers/STM32F4xx_HAL_Driver/Src/stm32f4xx_hal_tim.o
 .text.TIM_OC2_SetConfig
                0x0800307c       0xd8 ./Drivers/STM32F4xx_HAL_Driver/Src/stm32f4xx_hal_tim.o
                0x0800307c                TIM_OC2_SetConfig
 .text.TIM_OC3_SetConfig
                0x08003154       0xd4 ./Drivers/STM32F4xx_HAL_Driver/Src/stm32f4xx_hal_tim.o
 .text.TIM_OC4_SetConfig
                0x08003228       0xa0 ./Drivers/STM32F4xx_HAL_Driver/Src/stm32f4xx_hal_tim.o
 .text.TIM_TI1_ConfigInputStage
                0x080032c8       0x5e ./Drivers/STM32F4xx_HAL_Driver/Src/stm32f4xx_hal_tim.o
 .text.TIM_TI2_ConfigInputStage
                0x08003326       0x60 ./Drivers/STM32F4xx_HAL_Driver/Src/stm32f4xx_hal_tim.o
 .text.TIM_ITRx_SetConfig
                0x08003386       0x36 ./Drivers/STM32F4xx_HAL_Driver/Src/stm32f4xx_hal_tim.o
 .text.TIM_ETR_SetConfig
                0x080033bc       0x40 ./Drivers/STM32F4xx_HAL_Driver/Src/stm32f4xx_hal_tim.o
                0x080033bc                TIM_ETR_SetConfig
 .text.TIM_CCxChannelCmd
                0x080033fc       0x4a ./Drivers/STM32F4xx_HAL_Driver/Src/stm32f4xx_hal_tim.o
                0x080033fc                TIM_CCxChannelCmd
 *fill*         0x08003446        0x2 
 .text.HAL_TIMEx_MasterConfigSynchronization
                0x08003448       0xdc ./Drivers/STM32F4xx_HAL_Driver/Src/stm32f4xx_hal_tim_ex.o
                0x08003448                HAL_TIMEx_MasterConfigSynchronization
 .text.HAL_TIMEx_CommutCallback
                0x08003524       0x14 ./Drivers/STM32F4xx_HAL_Driver/Src/stm32f4xx_hal_tim_ex.o
                0x08003524                HAL_TIMEx_CommutCallback
 .text.HAL_TIMEx_BreakCallback
                0x08003538       0x14 ./Drivers/STM32F4xx_HAL_Driver/Src/stm32f4xx_hal_tim_ex.o
                0x08003538                HAL_TIMEx_BreakCallback
 .text.HAL_UART_Init
                0x0800354c       0xa0 ./Drivers/STM32F4xx_HAL_Driver/Src/stm32f4xx_hal_uart.o
                0x0800354c                HAL_UART_Init
 .text.HAL_UART_Receive_IT
                0x080035ec       0x4a ./Drivers/STM32F4xx_HAL_Driver/Src/stm32f4xx_hal_uart.o
                0x080035ec                HAL_UART_Receive_IT
 *fill*         0x08003636        0x2 
 .text.HAL_UART_IRQHandler
                0x08003638      0x554 ./Drivers/STM32F4xx_HAL_Driver/Src/stm32f4xx_hal_uart.o
                0x08003638                HAL_UART_IRQHandler
 .text.HAL_UART_TxCpltCallback
                0x08003b8c       0x14 ./Drivers/STM32F4xx_HAL_Driver/Src/stm32f4xx_hal_uart.o
                0x08003b8c                HAL_UART_TxCpltCallback
 .text.HAL_UART_ErrorCallback
                0x08003ba0       0x14 ./Drivers/STM32F4xx_HAL_Driver/Src/stm32f4xx_hal_uart.o
                0x08003ba0                HAL_UART_ErrorCallback
 .text.HAL_UARTEx_RxEventCallback
                0x08003bb4       0x18 ./Drivers/STM32F4xx_HAL_Driver/Src/stm32f4xx_hal_uart.o
                0x08003bb4                HAL_UARTEx_RxEventCallback
 .text.UART_Start_Receive_IT
                0x08003bcc       0x74 ./Drivers/STM32F4xx_HAL_Driver/Src/stm32f4xx_hal_uart.o
                0x08003bcc                UART_Start_Receive_IT
 .text.UART_EndRxTransfer
                0x08003c40       0xc6 ./Drivers/STM32F4xx_HAL_Driver/Src/stm32f4xx_hal_uart.o
 .text.UART_DMAAbortOnError
                0x08003d06       0x22 ./Drivers/STM32F4xx_HAL_Driver/Src/stm32f4xx_hal_uart.o
 .text.UART_Transmit_IT
                0x08003d28       0xa0 ./Drivers/STM32F4xx_HAL_Driver/Src/stm32f4xx_hal_uart.o
 .text.UART_EndTransmit_IT
                0x08003dc8       0x30 ./Drivers/STM32F4xx_HAL_Driver/Src/stm32f4xx_hal_uart.o
 .text.UART_Receive_IT
                0x08003df8      0x17c ./Drivers/STM32F4xx_HAL_Driver/Src/stm32f4xx_hal_uart.o
 .text.UART_SetConfig
                0x08003f74      0x4e8 ./Drivers/STM32F4xx_HAL_Driver/Src/stm32f4xx_hal_uart.o
 .text.__NVIC_SetPriority
                0x0800445c       0x54 ./Middlewares/Third_Party/FreeRTOS/Source/CMSIS_RTOS_V2/cmsis_os2.o
 .text.SysTick_Handler
                0x080044b0       0x20 ./Middlewares/Third_Party/FreeRTOS/Source/CMSIS_RTOS_V2/cmsis_os2.o
                0x080044b0                SysTick_Handler
 .text.SVC_Setup
                0x080044d0       0x12 ./Middlewares/Third_Party/FreeRTOS/Source/CMSIS_RTOS_V2/cmsis_os2.o
 *fill*         0x080044e2        0x2 
 .text.osKernelInitialize
                0x080044e4       0x48 ./Middlewares/Third_Party/FreeRTOS/Source/CMSIS_RTOS_V2/cmsis_os2.o
                0x080044e4                osKernelInitialize
 .text.osKernelStart
                0x0800452c       0x4c ./Middlewares/Third_Party/FreeRTOS/Source/CMSIS_RTOS_V2/cmsis_os2.o
                0x0800452c                osKernelStart
 .text.osThreadNew
                0x08004578      0x124 ./Middlewares/Third_Party/FreeRTOS/Source/CMSIS_RTOS_V2/cmsis_os2.o
                0x08004578                osThreadNew
 .text.osMessageQueueNew
                0x0800469c       0xe6 ./Middlewares/Third_Party/FreeRTOS/Source/CMSIS_RTOS_V2/cmsis_os2.o
                0x0800469c                osMessageQueueNew
 *fill*         0x08004782        0x2 
 .text.vApplicationGetIdleTaskMemory
                0x08004784       0x34 ./Middlewares/Third_Party/FreeRTOS/Source/CMSIS_RTOS_V2/cmsis_os2.o
                0x08004784                vApplicationGetIdleTaskMemory
 .text.vApplicationGetTimerTaskMemory
                0x080047b8       0x34 ./Middlewares/Third_Party/FreeRTOS/Source/CMSIS_RTOS_V2/cmsis_os2.o
                0x080047b8                vApplicationGetTimerTaskMemory
 .text.vListInitialise
                0x080047ec       0x40 ./Middlewares/Third_Party/FreeRTOS/Source/list.o
                0x080047ec                vListInitialise
 .text.vListInitialiseItem
                0x0800482c       0x1a ./Middlewares/Third_Party/FreeRTOS/Source/list.o
                0x0800482c                vListInitialiseItem
 .text.vListInsertEnd
                0x08004846       0x48 ./Middlewares/Third_Party/FreeRTOS/Source/list.o
                0x08004846                vListInsertEnd
 .text.vListInsert
                0x0800488e       0x72 ./Middlewares/Third_Party/FreeRTOS/Source/list.o
                0x0800488e                vListInsert
 .text.uxListRemove
                0x08004900       0x54 ./Middlewares/Third_Party/FreeRTOS/Source/list.o
                0x08004900                uxListRemove
 .text.xQueueGenericReset
                0x08004954       0xd4 ./Middlewares/Third_Party/FreeRTOS/Source/queue.o
                0x08004954                xQueueGenericReset
 .text.xQueueGenericCreateStatic
                0x08004a28       0xfa ./Middlewares/Third_Party/FreeRTOS/Source/queue.o
                0x08004a28                xQueueGenericCreateStatic
 .text.xQueueGenericCreate
                0x08004b22       0x76 ./Middlewares/Third_Party/FreeRTOS/Source/queue.o
                0x08004b22                xQueueGenericCreate
 .text.prvInitialiseNewQueue
                0x08004b98       0x46 ./Middlewares/Third_Party/FreeRTOS/Source/queue.o
 *fill*         0x08004bde        0x2 
 .text.xQueueGenericSend
                0x08004be0      0x204 ./Middlewares/Third_Party/FreeRTOS/Source/queue.o
                0x08004be0                xQueueGenericSend
 .text.xQueueGenericSendFromISR
                0x08004de4      0x13c ./Middlewares/Third_Party/FreeRTOS/Source/queue.o
                0x08004de4                xQueueGenericSendFromISR
 .text.xQueueReceive
                0x08004f20      0x1c4 ./Middlewares/Third_Party/FreeRTOS/Source/queue.o
                0x08004f20                xQueueReceive
 .text.prvCopyDataToQueue
                0x080050e4       0xd4 ./Middlewares/Third_Party/FreeRTOS/Source/queue.o
 .text.prvCopyDataFromQueue
                0x080051b8       0x4c ./Middlewares/Third_Party/FreeRTOS/Source/queue.o
 .text.prvUnlockQueue
                0x08005204       0xa4 ./Middlewares/Third_Party/FreeRTOS/Source/queue.o
 .text.prvIsQueueEmpty
                0x080052a8       0x2c ./Middlewares/Third_Party/FreeRTOS/Source/queue.o
 .text.prvIsQueueFull
                0x080052d4       0x30 ./Middlewares/Third_Party/FreeRTOS/Source/queue.o
 .text.vQueueAddToRegistry
                0x08005304       0x54 ./Middlewares/Third_Party/FreeRTOS/Source/queue.o
                0x08005304                vQueueAddToRegistry
 .text.vQueueWaitForMessageRestricted
                0x08005358       0x68 ./Middlewares/Third_Party/FreeRTOS/Source/queue.o
                0x08005358                vQueueWaitForMessageRestricted
 .text.xTaskCreateStatic
                0x080053c0       0xc0 ./Middlewares/Third_Party/FreeRTOS/Source/tasks.o
                0x080053c0                xTaskCreateStatic
 .text.xTaskCreate
                0x08005480       0x8a ./Middlewares/Third_Party/FreeRTOS/Source/tasks.o
                0x08005480                xTaskCreate
 *fill*         0x0800550a        0x2 
 .text.prvInitialiseNewTask
                0x0800550c      0x150 ./Middlewares/Third_Party/FreeRTOS/Source/tasks.o
 .text.prvAddNewTaskToReadyList
                0x0800565c       0xe0 ./Middlewares/Third_Party/FreeRTOS/Source/tasks.o
 .text.vTaskDelayUntil
                0x0800573c      0x100 ./Middlewares/Third_Party/FreeRTOS/Source/tasks.o
                0x0800573c                vTaskDelayUntil
 .text.vTaskDelay
                0x0800583c       0x6c ./Middlewares/Third_Party/FreeRTOS/Source/tasks.o
                0x0800583c                vTaskDelay
 .text.vTaskStartScheduler
                0x080058a8       0xe0 ./Middlewares/Third_Party/FreeRTOS/Source/tasks.o
                0x080058a8                vTaskStartScheduler
 .text.vTaskSuspendAll
                0x08005988       0x1c ./Middlewares/Third_Party/FreeRTOS/Source/tasks.o
                0x08005988                vTaskSuspendAll
 .text.xTaskResumeAll
                0x080059a4      0x13c ./Middlewares/Third_Party/FreeRTOS/Source/tasks.o
                0x080059a4                xTaskResumeAll
 .text.xTaskGetTickCount
                0x08005ae0       0x20 ./Middlewares/Third_Party/FreeRTOS/Source/tasks.o
                0x08005ae0                xTaskGetTickCount
 .text.xTaskIncrementTick
                0x08005b00      0x174 ./Middlewares/Third_Party/FreeRTOS/Source/tasks.o
                0x08005b00                xTaskIncrementTick
 .text.vTaskSwitchContext
                0x08005c74       0xcc ./Middlewares/Third_Party/FreeRTOS/Source/tasks.o
                0x08005c74                vTaskSwitchContext
 .text.vTaskPlaceOnEventList
                0x08005d40       0x4c ./Middlewares/Third_Party/FreeRTOS/Source/tasks.o
                0x08005d40                vTaskPlaceOnEventList
 .text.vTaskPlaceOnEventListRestricted
                0x08005d8c       0x58 ./Middlewares/Third_Party/FreeRTOS/Source/tasks.o
                0x08005d8c                vTaskPlaceOnEventListRestricted
 .text.xTaskRemoveFromEventList
                0x08005de4       0xc8 ./Middlewares/Third_Party/FreeRTOS/Source/tasks.o
                0x08005de4                xTaskRemoveFromEventList
 .text.vTaskInternalSetTimeOutState
                0x08005eac       0x2c ./Middlewares/Third_Party/FreeRTOS/Source/tasks.o
                0x08005eac                vTaskInternalSetTimeOutState
 .text.xTaskCheckForTimeOut
                0x08005ed8       0xc8 ./Middlewares/Third_Party/FreeRTOS/Source/tasks.o
                0x08005ed8                xTaskCheckForTimeOut
 .text.vTaskMissedYield
                0x08005fa0       0x18 ./Middlewares/Third_Party/FreeRTOS/Source/tasks.o
                0x08005fa0                vTaskMissedYield
 .text.prvIdleTask
                0x08005fb8       0x30 ./Middlewares/Third_Party/FreeRTOS/Source/tasks.o
 .text.prvInitialiseTaskLists
                0x08005fe8       0x80 ./Middlewares/Third_Party/FreeRTOS/Source/tasks.o
 .text.prvCheckTasksWaitingTermination
                0x08006068       0x5c ./Middlewares/Third_Party/FreeRTOS/Source/tasks.o
 .text.prvDeleteTCB
                0x080060c4       0x6a ./Middlewares/Third_Party/FreeRTOS/Source/tasks.o
 *fill*         0x0800612e        0x2 
 .text.prvResetNextTaskUnblockTime
                0x08006130       0x40 ./Middlewares/Third_Party/FreeRTOS/Source/tasks.o
 .text.xTaskGetSchedulerState
                0x08006170       0x3c ./Middlewares/Third_Party/FreeRTOS/Source/tasks.o
                0x08006170                xTaskGetSchedulerState
 .text.xTaskPriorityDisinherit
                0x080061ac       0xe0 ./Middlewares/Third_Party/FreeRTOS/Source/tasks.o
                0x080061ac                xTaskPriorityDisinherit
 .text.prvAddCurrentTaskToDelayedList
                0x0800628c       0xa8 ./Middlewares/Third_Party/FreeRTOS/Source/tasks.o
 .text.xTimerCreateTimerTask
                0x08006334       0x94 ./Middlewares/Third_Party/FreeRTOS/Source/timers.o
                0x08006334                xTimerCreateTimerTask
 .text.xTimerGenericCommand
                0x080063c8       0x9c ./Middlewares/Third_Party/FreeRTOS/Source/timers.o
                0x080063c8                xTimerGenericCommand
 .text.prvProcessExpiredTimer
                0x08006464       0x9c ./Middlewares/Third_Party/FreeRTOS/Source/timers.o
 .text.prvTimerTask
                0x08006500       0x26 ./Middlewares/Third_Party/FreeRTOS/Source/timers.o
 *fill*         0x08006526        0x2 
 .text.prvProcessTimerOrBlockTask
                0x08006528       0x9c ./Middlewares/Third_Party/FreeRTOS/Source/timers.o
 .text.prvGetNextExpireTime
                0x080065c4       0x48 ./Middlewares/Third_Party/FreeRTOS/Source/timers.o
 .text.prvSampleTimeNow
                0x0800660c       0x40 ./Middlewares/Third_Party/FreeRTOS/Source/timers.o
 .text.prvInsertTimerInActiveList
                0x0800664c       0x84 ./Middlewares/Third_Party/FreeRTOS/Source/timers.o
 .text.prvProcessReceivedCommands
                0x080066d0      0x1cc ./Middlewares/Third_Party/FreeRTOS/Source/timers.o
 .text.prvSwitchTimerLists
                0x0800689c       0xcc ./Middlewares/Third_Party/FreeRTOS/Source/timers.o
 .text.prvCheckForValidListAndQueue
                0x08006968       0x80 ./Middlewares/Third_Party/FreeRTOS/Source/timers.o
 .text.pxPortInitialiseStack
                0x080069e8       0x68 ./Middlewares/Third_Party/FreeRTOS/Source/portable/GCC/ARM_CM4F/port.o
                0x080069e8                pxPortInitialiseStack
 .text.prvTaskExitError
                0x08006a50       0x5c ./Middlewares/Third_Party/FreeRTOS/Source/portable/GCC/ARM_CM4F/port.o
 *fill*         0x08006aac        0x4 
 .text.SVC_Handler
                0x08006ab0       0x28 ./Middlewares/Third_Party/FreeRTOS/Source/portable/GCC/ARM_CM4F/port.o
                0x08006ab0                SVC_Handler
 .text.prvPortStartFirstTask
                0x08006ad8       0x28 ./Middlewares/Third_Party/FreeRTOS/Source/portable/GCC/ARM_CM4F/port.o
 .text.xPortStartScheduler
                0x08006b00      0x148 ./Middlewares/Third_Party/FreeRTOS/Source/portable/GCC/ARM_CM4F/port.o
                0x08006b00                xPortStartScheduler
 .text.vPortEnterCritical
                0x08006c48       0x64 ./Middlewares/Third_Party/FreeRTOS/Source/portable/GCC/ARM_CM4F/port.o
                0x08006c48                vPortEnterCritical
 .text.vPortExitCritical
                0x08006cac       0x54 ./Middlewares/Third_Party/FreeRTOS/Source/portable/GCC/ARM_CM4F/port.o
                0x08006cac                vPortExitCritical
 .text.PendSV_Handler
                0x08006d00       0x68 ./Middlewares/Third_Party/FreeRTOS/Source/portable/GCC/ARM_CM4F/port.o
                0x08006d00                PendSV_Handler
 .text.xPortSysTickHandler
                0x08006d68       0x44 ./Middlewares/Third_Party/FreeRTOS/Source/portable/GCC/ARM_CM4F/port.o
                0x08006d68                xPortSysTickHandler
 .text.vPortSetupTimerInterrupt
                0x08006dac       0x48 ./Middlewares/Third_Party/FreeRTOS/Source/portable/GCC/ARM_CM4F/port.o
                0x08006dac                vPortSetupTimerInterrupt
 .text.vPortEnableVFP
                0x08006df4       0x14 ./Middlewares/Third_Party/FreeRTOS/Source/portable/GCC/ARM_CM4F/port.o
 .text.vPortValidateInterruptPriority
                0x08006e08       0x84 ./Middlewares/Third_Party/FreeRTOS/Source/portable/GCC/ARM_CM4F/port.o
                0x08006e08                vPortValidateInterruptPriority
 .text.pvPortMalloc
                0x08006e8c      0x19c ./Middlewares/Third_Party/FreeRTOS/Source/portable/MemMang/heap_4.o
                0x08006e8c                pvPortMalloc
 .text.vPortFree
                0x08007028       0xc8 ./Middlewares/Third_Party/FreeRTOS/Source/portable/MemMang/heap_4.o
                0x08007028                vPortFree
 .text.prvHeapInit
                0x080070f0       0xc4 ./Middlewares/Third_Party/FreeRTOS/Source/portable/MemMang/heap_4.o
 .text.prvInsertBlockIntoFreeList
                0x080071b4       0xb4 ./Middlewares/Third_Party/FreeRTOS/Source/portable/MemMang/heap_4.o
 .text.ap_init  0x08007268        0xe ./ap/ap.o
                0x08007268                ap_init
 .text.servo_motor_init
                0x08007276       0x32 ./ap/module/servo_motor.o
                0x08007276                servo_motor_init
 .text.set_servo_motor_cmd
                0x080072a8       0x34 ./ap/module/servo_motor.o
                0x080072a8                set_servo_motor_cmd
 .text.servo_motor_process
                0x080072dc       0x98 ./ap/module/servo_motor.o
                0x080072dc                servo_motor_process
 .text.stopwatch_init
                0x08007374       0x44 ./ap/module/stopwatch.o
                0x08007374                stopwatch_init
 .text.stopwatch_start
                0x080073b8       0x18 ./ap/module/stopwatch.o
                0x080073b8                stopwatch_start
 .text.stopwatch_pause
                0x080073d0       0x18 ./ap/module/stopwatch.o
                0x080073d0                stopwatch_pause
 .text.stopwatch_stop
                0x080073e8       0x1c ./ap/module/stopwatch.o
                0x080073e8                stopwatch_stop
 .text.stopwatch_set_cmd
                0x08007404       0x20 ./ap/module/stopwatch.o
                0x08007404                stopwatch_set_cmd
 .text.stopwatch_update
                0x08007424       0x6c ./ap/module/stopwatch.o
                0x08007424                stopwatch_update
 .text.stopwatch_process
                0x08007490       0x98 ./ap/module/stopwatch.o
                0x08007490                stopwatch_process
 .text.uart_cmd_process
                0x08007528      0x1c0 ./ap/module/uart_cmd.o
                0x08007528                uart_cmd_process
 .text.HAL_GPIO_EXTI_Callback
                0x080076e8       0x30 ./hw/driver/button.o
                0x080076e8                HAL_GPIO_EXTI_Callback
 .text.hw_motor_init
                0x08007718       0x24 ./hw/driver/hw_motor.o
                0x08007718                hw_motor_init
 .text.hw_motor_start
                0x0800773c       0x1a ./hw/driver/hw_motor.o
                0x0800773c                hw_motor_start
 .text.hw_motor_stop
                0x08007756       0x1a ./hw/driver/hw_motor.o
                0x08007756                hw_motor_stop
 .text.angle_to_ccr
                0x08007770       0x34 ./hw/driver/hw_motor.o
 .text.hw_motor_set_angle
                0x080077a4       0x2e ./hw/driver/hw_motor.o
                0x080077a4                hw_motor_set_angle
 *fill*         0x080077d2        0x2 
 .text.hw_TIM_start
                0x080077d4       0x2c ./hw/driver/hw_tim.o
                0x080077d4                hw_TIM_start
 .text.hw_TIM_stop
                0x08007800       0x2c ./hw/driver/hw_tim.o
                0x08007800                hw_TIM_stop
 .text.hw_TIM_pwm_start
                0x0800782c       0x30 ./hw/driver/hw_tim.o
                0x0800782c                hw_TIM_pwm_start
 .text.hw_TIM_pwm_stop
                0x0800785c       0x30 ./hw/driver/hw_tim.o
                0x0800785c                hw_TIM_pwm_stop
 .text.hw_TIM_pwm_set_ccr
                0x0800788c       0x30 ./hw/driver/hw_tim.o
                0x0800788c                hw_TIM_pwm_set_ccr
 .text.hw_TIM_PeriodElapsedCallback
                0x080078bc       0x38 ./hw/driver/hw_tim.o
                0x080078bc                hw_TIM_PeriodElapsedCallback
 .text.DWT_init
                0x080078f4       0x34 ./hw/driver/lcd.o
 .text.Delay_us
                0x08007928       0x48 ./hw/driver/lcd.o
 .text.lcd_bit_reset
                0x08007970       0xb0 ./hw/driver/lcd.o
 .text.RS_write
                0x08007a20       0x44 ./hw/driver/lcd.o
 .text.enable_pulse
                0x08007a64       0x9c ./hw/driver/lcd.o
 .text.write_upper_nibble
                0x08007b00       0x80 ./hw/driver/lcd.o
 .text.lcd_instruction
                0x08007b80       0xe8 ./hw/driver/lcd.o
 .text.lcd_init
                0x08007c68      0x118 ./hw/driver/lcd.o
 .text.lcd_begin
                0x08007d80       0xd8 ./hw/driver/lcd.o
                0x08007d80                lcd_begin
 .text.lcd_set_cursor
                0x08007e58       0x76 ./hw/driver/lcd.o
                0x08007e58                lcd_set_cursor
 .text.lcd_write_str
                0x08007ece       0x66 ./hw/driver/lcd.o
                0x08007ece                lcd_write_str
 .text.led_init
                0x08007f34       0x44 ./hw/driver/led.o
                0x08007f34                led_init
 .text.led_toggle
                0x08007f78       0x68 ./hw/driver/led.o
                0x08007f78                led_toggle
 .text.uart_init
                0x08007fe0        0xe ./hw/driver/uart.o
                0x08007fe0                uart_init
 *fill*         0x08007fee        0x2 
 .text.uart_rx_ready
                0x08007ff0       0x40 ./hw/driver/uart.o
                0x08007ff0                uart_rx_ready
 .text.HAL_UART_RxCpltCallback
                0x08008030       0x60 ./hw/driver/uart.o
                0x08008030                HAL_UART_RxCpltCallback
 .text.hw_init  0x08008090       0x1a ./hw/hw.o
                0x08008090                hw_init
 *fill*         0x080080aa        0x2 
 .text.display_task
                0x080080ac       0x48 ./rtos/display_task.o
                0x080080ac                display_task
 .text.rtos_init
                0x080080f4       0x88 ./rtos/rtos_task.o
                0x080080f4                rtos_init
 .text.servo_motor_task
                0x0800817c       0x64 ./rtos/servo_motor_task.o
                0x0800817c                servo_motor_task
 .text.stopwatch_task
                0x080081e0       0x48 ./rtos/stopwatch_task.o
                0x080081e0                stopwatch_task
 .text.uart_cmd_task
                0x08008228       0xa8 ./rtos/uart_cmd_task.o
                0x08008228                uart_cmd_task
 .text.memset   0x080082d0       0x10 C:/ST/STM32CubeIDE_1.16.1/STM32CubeIDE/plugins/com.st.stm32cube.ide.mcu.externaltools.gnu-tools-for-stm32.12.3.rel1.win32_1.0.200.202406191623/tools/bin/../lib/gcc/arm-none-eabi/12.3.1/../../../../arm-none-eabi/lib/thumb/v7e-m+fp/hard\libc_nano.a(libc_a-memset.o)
                0x080082d0                memset
 .text.strncmp  0x080082e0       0x24 C:/ST/STM32CubeIDE_1.16.1/STM32CubeIDE/plugins/com.st.stm32cube.ide.mcu.externaltools.gnu-tools-for-stm32.12.3.rel1.win32_1.0.200.202406191623/tools/bin/../lib/gcc/arm-none-eabi/12.3.1/../../../../arm-none-eabi/lib/thumb/v7e-m+fp/hard\libc_nano.a(libc_a-strncmp.o)
                0x080082e0                strncmp
 .text._reclaim_reent
                0x08008304       0xac C:/ST/STM32CubeIDE_1.16.1/STM32CubeIDE/plugins/com.st.stm32cube.ide.mcu.externaltools.gnu-tools-for-stm32.12.3.rel1.win32_1.0.200.202406191623/tools/bin/../lib/gcc/arm-none-eabi/12.3.1/../../../../arm-none-eabi/lib/thumb/v7e-m+fp/hard\libc_nano.a(libc_a-reent.o)
                0x08008304                _reclaim_reent
 .text.__libc_init_array
                0x080083b0       0x48 C:/ST/STM32CubeIDE_1.16.1/STM32CubeIDE/plugins/com.st.stm32cube.ide.mcu.externaltools.gnu-tools-for-stm32.12.3.rel1.win32_1.0.200.202406191623/tools/bin/../lib/gcc/arm-none-eabi/12.3.1/../../../../arm-none-eabi/lib/thumb/v7e-m+fp/hard\libc_nano.a(libc_a-init.o)
                0x080083b0                __libc_init_array
 .text.__retarget_lock_acquire_recursive
                0x080083f8        0x2 C:/ST/STM32CubeIDE_1.16.1/STM32CubeIDE/plugins/com.st.stm32cube.ide.mcu.externaltools.gnu-tools-for-stm32.12.3.rel1.win32_1.0.200.202406191623/tools/bin/../lib/gcc/arm-none-eabi/12.3.1/../../../../arm-none-eabi/lib/thumb/v7e-m+fp/hard\libc_nano.a(libc_a-lock.o)
                0x080083f8                __retarget_lock_acquire_recursive
 .text.__retarget_lock_release_recursive
                0x080083fa        0x2 C:/ST/STM32CubeIDE_1.16.1/STM32CubeIDE/plugins/com.st.stm32cube.ide.mcu.externaltools.gnu-tools-for-stm32.12.3.rel1.win32_1.0.200.202406191623/tools/bin/../lib/gcc/arm-none-eabi/12.3.1/../../../../arm-none-eabi/lib/thumb/v7e-m+fp/hard\libc_nano.a(libc_a-lock.o)
                0x080083fa                __retarget_lock_release_recursive
 .text.memcpy   0x080083fc       0x1c C:/ST/STM32CubeIDE_1.16.1/STM32CubeIDE/plugins/com.st.stm32cube.ide.mcu.externaltools.gnu-tools-for-stm32.12.3.rel1.win32_1.0.200.202406191623/tools/bin/../lib/gcc/arm-none-eabi/12.3.1/../../../../arm-none-eabi/lib/thumb/v7e-m+fp/hard\libc_nano.a(libc_a-memcpy-stub.o)
                0x080083fc                memcpy
 .text._free_r  0x08008418       0x94 C:/ST/STM32CubeIDE_1.16.1/STM32CubeIDE/plugins/com.st.stm32cube.ide.mcu.externaltools.gnu-tools-for-stm32.12.3.rel1.win32_1.0.200.202406191623/tools/bin/../lib/gcc/arm-none-eabi/12.3.1/../../../../arm-none-eabi/lib/thumb/v7e-m+fp/hard\libc_nano.a(libc_a-freer.o)
                0x08008418                _free_r
 .text.__malloc_lock
                0x080084ac        0xc C:/ST/STM32CubeIDE_1.16.1/STM32CubeIDE/plugins/com.st.stm32cube.ide.mcu.externaltools.gnu-tools-for-stm32.12.3.rel1.win32_1.0.200.202406191623/tools/bin/../lib/gcc/arm-none-eabi/12.3.1/../../../../arm-none-eabi/lib/thumb/v7e-m+fp/hard\libc_nano.a(libc_a-mlock.o)
                0x080084ac                __malloc_lock
 .text.__malloc_unlock
                0x080084b8        0xc C:/ST/STM32CubeIDE_1.16.1/STM32CubeIDE/plugins/com.st.stm32cube.ide.mcu.externaltools.gnu-tools-for-stm32.12.3.rel1.win32_1.0.200.202406191623/tools/bin/../lib/gcc/arm-none-eabi/12.3.1/../../../../arm-none-eabi/lib/thumb/v7e-m+fp/hard\libc_nano.a(libc_a-mlock.o)
                0x080084b8                __malloc_unlock
 *(.glue_7)
 .glue_7        0x080084c4        0x0 linker stubs
 *(.glue_7t)
 .glue_7t       0x080084c4        0x0 linker stubs
 *(.eh_frame)
 .eh_frame      0x080084c4        0x0 C:/ST/STM32CubeIDE_1.16.1/STM32CubeIDE/plugins/com.st.stm32cube.ide.mcu.externaltools.gnu-tools-for-stm32.12.3.rel1.win32_1.0.200.202406191623/tools/bin/../lib/gcc/arm-none-eabi/12.3.1/thumb/v7e-m+fp/hard/crtbegin.o
 *(.init)
 .init          0x080084c4        0x4 C:/ST/STM32CubeIDE_1.16.1/STM32CubeIDE/plugins/com.st.stm32cube.ide.mcu.externaltools.gnu-tools-for-stm32.12.3.rel1.win32_1.0.200.202406191623/tools/bin/../lib/gcc/arm-none-eabi/12.3.1/thumb/v7e-m+fp/hard/crti.o
                0x080084c4                _init
 .init          0x080084c8        0x8 C:/ST/STM32CubeIDE_1.16.1/STM32CubeIDE/plugins/com.st.stm32cube.ide.mcu.externaltools.gnu-tools-for-stm32.12.3.rel1.win32_1.0.200.202406191623/tools/bin/../lib/gcc/arm-none-eabi/12.3.1/thumb/v7e-m+fp/hard/crtn.o
 *(.fini)
 .fini          0x080084d0        0x4 C:/ST/STM32CubeIDE_1.16.1/STM32CubeIDE/plugins/com.st.stm32cube.ide.mcu.externaltools.gnu-tools-for-stm32.12.3.rel1.win32_1.0.200.202406191623/tools/bin/../lib/gcc/arm-none-eabi/12.3.1/thumb/v7e-m+fp/hard/crti.o
                0x080084d0                _fini
 .fini          0x080084d4        0x8 C:/ST/STM32CubeIDE_1.16.1/STM32CubeIDE/plugins/com.st.stm32cube.ide.mcu.externaltools.gnu-tools-for-stm32.12.3.rel1.win32_1.0.200.202406191623/tools/bin/../lib/gcc/arm-none-eabi/12.3.1/thumb/v7e-m+fp/hard/crtn.o
                0x080084dc                        . = ALIGN (0x4)
                0x080084dc                        _etext = .

.vfp11_veneer   0x080084dc        0x0
 .vfp11_veneer  0x080084dc        0x0 linker stubs

.v4_bx          0x080084dc        0x0
 .v4_bx         0x080084dc        0x0 linker stubs

.iplt           0x080084dc        0x0
 .iplt          0x080084dc        0x0 C:/ST/STM32CubeIDE_1.16.1/STM32CubeIDE/plugins/com.st.stm32cube.ide.mcu.externaltools.gnu-tools-for-stm32.12.3.rel1.win32_1.0.200.202406191623/tools/bin/../lib/gcc/arm-none-eabi/12.3.1/thumb/v7e-m+fp/hard/crtbegin.o

.rodata         0x080084dc      0x1ac
                0x080084dc                        . = ALIGN (0x4)
 *(.rodata)
 .rodata        0x080084dc       0x3a ./Core/Src/freertos.o
 *fill*         0x08008516        0x2 
 .rodata        0x08008518        0x5 ./Middlewares/Third_Party/FreeRTOS/Source/tasks.o
 *fill*         0x0800851d        0x3 
 .rodata        0x08008520        0xd ./Middlewares/Third_Party/FreeRTOS/Source/timers.o
 *fill*         0x0800852d        0x3 
 .rodata        0x08008530       0x63 ./ap/module/uart_cmd.o
 *fill*         0x08008593        0x1 
 .rodata        0x08008594       0x34 ./rtos/display_task.o
 *(.rodata*)
 .rodata.defaultTask_attributes
                0x080085c8       0x24 ./Core/Src/freertos.o
                0x080085c8                defaultTask_attributes
 .rodata.myTask02_attributes
                0x080085ec       0x24 ./Core/Src/freertos.o
                0x080085ec                myTask02_attributes
 .rodata.myTask03_attributes
                0x08008610       0x24 ./Core/Src/freertos.o
                0x08008610                myTask03_attributes
 .rodata.myTask04_attributes
                0x08008634       0x24 ./Core/Src/freertos.o
                0x08008634                myTask04_attributes
 .rodata.myQueue01_attributes
                0x08008658       0x18 ./Core/Src/freertos.o
                0x08008658                myQueue01_attributes
 .rodata.AHBPrescTable
                0x08008670       0x10 ./Core/Src/system_stm32f4xx.o
                0x08008670                AHBPrescTable
 .rodata.APBPrescTable
                0x08008680        0x8 ./Core/Src/system_stm32f4xx.o
                0x08008680                APBPrescTable
                0x08008688                        . = ALIGN (0x4)

.ARM.extab      0x08008688        0x0
                0x08008688                        . = ALIGN (0x4)
 *(.ARM.extab* .gnu.linkonce.armextab.*)
                0x08008688                        . = ALIGN (0x4)

.ARM            0x08008688        0x8
                0x08008688                        . = ALIGN (0x4)
                0x08008688                        __exidx_start = .
 *(.ARM.exidx*)
 .ARM.exidx     0x08008688        0x8 C:/ST/STM32CubeIDE_1.16.1/STM32CubeIDE/plugins/com.st.stm32cube.ide.mcu.externaltools.gnu-tools-for-stm32.12.3.rel1.win32_1.0.200.202406191623/tools/bin/../lib/gcc/arm-none-eabi/12.3.1/../../../../arm-none-eabi/lib/thumb/v7e-m+fp/hard\libc_nano.a(libc_a-strcmp.o)
 .ARM.exidx     0x08008690        0x0 C:/ST/STM32CubeIDE_1.16.1/STM32CubeIDE/plugins/com.st.stm32cube.ide.mcu.externaltools.gnu-tools-for-stm32.12.3.rel1.win32_1.0.200.202406191623/tools/bin/../lib/gcc/arm-none-eabi/12.3.1/../../../../arm-none-eabi/lib/thumb/v7e-m+fp/hard\libc_nano.a(libc_a-strlen.o)
                                  0x8 (size before relaxing)
 .ARM.exidx     0x08008690        0x0 C:/ST/STM32CubeIDE_1.16.1/STM32CubeIDE/plugins/com.st.stm32cube.ide.mcu.externaltools.gnu-tools-for-stm32.12.3.rel1.win32_1.0.200.202406191623/tools/bin/../lib/gcc/arm-none-eabi/12.3.1/thumb/v7e-m+fp/hard\libgcc.a(_udivmoddi4.o)
                                  0x8 (size before relaxing)
                0x08008690                        __exidx_end = .
                0x08008690                        . = ALIGN (0x4)

.preinit_array  0x08008690        0x0
                0x08008690                        . = ALIGN (0x4)
                0x08008690                        PROVIDE (__preinit_array_start = .)
 *(.preinit_array*)
                0x08008690                        PROVIDE (__preinit_array_end = .)
                0x08008690                        . = ALIGN (0x4)

.init_array     0x08008690        0x4
                0x08008690                        . = ALIGN (0x4)
                0x08008690                        PROVIDE (__init_array_start = .)
 *(SORT_BY_NAME(.init_array.*))
 *(.init_array*)
 .init_array    0x08008690        0x4 C:/ST/STM32CubeIDE_1.16.1/STM32CubeIDE/plugins/com.st.stm32cube.ide.mcu.externaltools.gnu-tools-for-stm32.12.3.rel1.win32_1.0.200.202406191623/tools/bin/../lib/gcc/arm-none-eabi/12.3.1/thumb/v7e-m+fp/hard/crtbegin.o
                0x08008694                        PROVIDE (__init_array_end = .)
                0x08008694                        . = ALIGN (0x4)

.fini_array     0x08008694        0x4
                0x08008694                        . = ALIGN (0x4)
                [!provide]                        PROVIDE (__fini_array_start = .)
 *(SORT_BY_NAME(.fini_array.*))
 *(.fini_array*)
 .fini_array    0x08008694        0x4 C:/ST/STM32CubeIDE_1.16.1/STM32CubeIDE/plugins/com.st.stm32cube.ide.mcu.externaltools.gnu-tools-for-stm32.12.3.rel1.win32_1.0.200.202406191623/tools/bin/../lib/gcc/arm-none-eabi/12.3.1/thumb/v7e-m+fp/hard/crtbegin.o
                [!provide]                        PROVIDE (__fini_array_end = .)
                0x08008698                        . = ALIGN (0x4)
                0x08008698                        _sidata = LOADADDR (.data)

.rel.dyn        0x08008698        0x0
 .rel.iplt      0x08008698        0x0 C:/ST/STM32CubeIDE_1.16.1/STM32CubeIDE/plugins/com.st.stm32cube.ide.mcu.externaltools.gnu-tools-for-stm32.12.3.rel1.win32_1.0.200.202406191623/tools/bin/../lib/gcc/arm-none-eabi/12.3.1/thumb/v7e-m+fp/hard/crtbegin.o

.data           0x20000000       0x78 load address 0x08008698
                0x20000000                        . = ALIGN (0x4)
                0x20000000                        _sdata = .
 *(.data)
 *(.data*)
 .data.SystemCoreClock
                0x20000000        0x4 ./Core/Src/system_stm32f4xx.o
                0x20000000                SystemCoreClock
 .data.uwTickPrio
                0x20000004        0x4 ./Drivers/STM32F4xx_HAL_Driver/Src/stm32f4xx_hal.o
                0x20000004                uwTickPrio
 .data.uwTickFreq
                0x20000008        0x1 ./Drivers/STM32F4xx_HAL_Driver/Src/stm32f4xx_hal.o
                0x20000008                uwTickFreq
 *fill*         0x20000009        0x3 
 .data.uxCriticalNesting
                0x2000000c        0x4 ./Middlewares/Third_Party/FreeRTOS/Source/portable/GCC/ARM_CM4F/port.o
 .data.inputs   0x20000010        0x2 ./hw/driver/button.o
 *fill*         0x20000012        0x2 
 .data.TIM_ch   0x20000014        0x8 ./hw/driver/hw_tim.o
 .data.led_tdl  0x2000001c        0x8 ./hw/driver/led.o
 .data.uart_tbl
                0x20000024        0x4 ./hw/driver/uart.o
 .data._impure_ptr
                0x20000028        0x4 C:/ST/STM32CubeIDE_1.16.1/STM32CubeIDE/plugins/com.st.stm32cube.ide.mcu.externaltools.gnu-tools-for-stm32.12.3.rel1.win32_1.0.200.202406191623/tools/bin/../lib/gcc/arm-none-eabi/12.3.1/../../../../arm-none-eabi/lib/thumb/v7e-m+fp/hard\libc_nano.a(libc_a-impure.o)
                0x20000028                _impure_ptr
 .data._impure_data
                0x2000002c       0x4c C:/ST/STM32CubeIDE_1.16.1/STM32CubeIDE/plugins/com.st.stm32cube.ide.mcu.externaltools.gnu-tools-for-stm32.12.3.rel1.win32_1.0.200.202406191623/tools/bin/../lib/gcc/arm-none-eabi/12.3.1/../../../../arm-none-eabi/lib/thumb/v7e-m+fp/hard\libc_nano.a(libc_a-impure.o)
                0x2000002c                _impure_data
 *(.RamFunc)
 *(.RamFunc*)
                0x20000078                        . = ALIGN (0x4)
                0x20000078                        _edata = .

.igot.plt       0x20000078        0x0 load address 0x08008710
 .igot.plt      0x20000078        0x0 C:/ST/STM32CubeIDE_1.16.1/STM32CubeIDE/plugins/com.st.stm32cube.ide.mcu.externaltools.gnu-tools-for-stm32.12.3.rel1.win32_1.0.200.202406191623/tools/bin/../lib/gcc/arm-none-eabi/12.3.1/thumb/v7e-m+fp/hard/crtbegin.o
                0x20000078                        . = ALIGN (0x4)

.bss            0x20000078     0x4d34 load address 0x08008710
                0x20000078                        _sbss = .
                0x20000078                        __bss_start__ = _sbss
 *(.bss)
 .bss           0x20000078       0x1c C:/ST/STM32CubeIDE_1.16.1/STM32CubeIDE/plugins/com.st.stm32cube.ide.mcu.externaltools.gnu-tools-for-stm32.12.3.rel1.win32_1.0.200.202406191623/tools/bin/../lib/gcc/arm-none-eabi/12.3.1/thumb/v7e-m+fp/hard/crtbegin.o
 *(.bss*)
 .bss.hadc1     0x20000094       0x48 ./Core/Src/adc.o
                0x20000094                hadc1
 .bss.defaultTaskHandle
                0x200000dc        0x4 ./Core/Src/freertos.o
                0x200000dc                defaultTaskHandle
 .bss.myTask02Handle
                0x200000e0        0x4 ./Core/Src/freertos.o
                0x200000e0                myTask02Handle
 .bss.myTask03Handle
                0x200000e4        0x4 ./Core/Src/freertos.o
                0x200000e4                myTask03Handle
 .bss.myTask04Handle
                0x200000e8        0x4 ./Core/Src/freertos.o
                0x200000e8                myTask04Handle
 .bss.myQueue01Handle
                0x200000ec        0x4 ./Core/Src/freertos.o
                0x200000ec                myQueue01Handle
 .bss.htim11    0x200000f0       0x48 ./Core/Src/stm32f4xx_hal_timebase_tim.o
                0x200000f0                htim11
 .bss.htim2     0x20000138       0x48 ./Core/Src/tim.o
                0x20000138                htim2
 .bss.htim3     0x20000180       0x48 ./Core/Src/tim.o
                0x20000180                htim3
 .bss.huart2    0x200001c8       0x48 ./Core/Src/usart.o
                0x200001c8                huart2
 .bss.uwTick    0x20000210        0x4 ./Drivers/STM32F4xx_HAL_Driver/Src/stm32f4xx_hal.o
                0x20000210                uwTick
 .bss.KernelState
                0x20000214        0x4 ./Middlewares/Third_Party/FreeRTOS/Source/CMSIS_RTOS_V2/cmsis_os2.o
 .bss.Idle_TCB.3
                0x20000218       0xa8 ./Middlewares/Third_Party/FreeRTOS/Source/CMSIS_RTOS_V2/cmsis_os2.o
 .bss.Idle_Stack.2
                0x200002c0      0x200 ./Middlewares/Third_Party/FreeRTOS/Source/CMSIS_RTOS_V2/cmsis_os2.o
 .bss.Timer_TCB.1
                0x200004c0       0xa8 ./Middlewares/Third_Party/FreeRTOS/Source/CMSIS_RTOS_V2/cmsis_os2.o
 .bss.Timer_Stack.0
                0x20000568      0x400 ./Middlewares/Third_Party/FreeRTOS/Source/CMSIS_RTOS_V2/cmsis_os2.o
 .bss.xQueueRegistry
                0x20000968       0x40 ./Middlewares/Third_Party/FreeRTOS/Source/queue.o
                0x20000968                xQueueRegistry
 .bss.pxCurrentTCB
                0x200009a8        0x4 ./Middlewares/Third_Party/FreeRTOS/Source/tasks.o
                0x200009a8                pxCurrentTCB
 .bss.pxReadyTasksLists
                0x200009ac      0x460 ./Middlewares/Third_Party/FreeRTOS/Source/tasks.o
 .bss.xDelayedTaskList1
                0x20000e0c       0x14 ./Middlewares/Third_Party/FreeRTOS/Source/tasks.o
 .bss.xDelayedTaskList2
                0x20000e20       0x14 ./Middlewares/Third_Party/FreeRTOS/Source/tasks.o
 .bss.pxDelayedTaskList
                0x20000e34        0x4 ./Middlewares/Third_Party/FreeRTOS/Source/tasks.o
 .bss.pxOverflowDelayedTaskList
                0x20000e38        0x4 ./Middlewares/Third_Party/FreeRTOS/Source/tasks.o
 .bss.xPendingReadyList
                0x20000e3c       0x14 ./Middlewares/Third_Party/FreeRTOS/Source/tasks.o
 .bss.xTasksWaitingTermination
                0x20000e50       0x14 ./Middlewares/Third_Party/FreeRTOS/Source/tasks.o
 .bss.uxDeletedTasksWaitingCleanUp
                0x20000e64        0x4 ./Middlewares/Third_Party/FreeRTOS/Source/tasks.o
 .bss.xSuspendedTaskList
                0x20000e68       0x14 ./Middlewares/Third_Party/FreeRTOS/Source/tasks.o
 .bss.uxCurrentNumberOfTasks
                0x20000e7c        0x4 ./Middlewares/Third_Party/FreeRTOS/Source/tasks.o
 .bss.xTickCount
                0x20000e80        0x4 ./Middlewares/Third_Party/FreeRTOS/Source/tasks.o
 .bss.uxTopReadyPriority
                0x20000e84        0x4 ./Middlewares/Third_Party/FreeRTOS/Source/tasks.o
 .bss.xSchedulerRunning
                0x20000e88        0x4 ./Middlewares/Third_Party/FreeRTOS/Source/tasks.o
 .bss.xPendedTicks
                0x20000e8c        0x4 ./Middlewares/Third_Party/FreeRTOS/Source/tasks.o
 .bss.xYieldPending
                0x20000e90        0x4 ./Middlewares/Third_Party/FreeRTOS/Source/tasks.o
 .bss.xNumOfOverflows
                0x20000e94        0x4 ./Middlewares/Third_Party/FreeRTOS/Source/tasks.o
 .bss.uxTaskNumber
                0x20000e98        0x4 ./Middlewares/Third_Party/FreeRTOS/Source/tasks.o
 .bss.xNextTaskUnblockTime
                0x20000e9c        0x4 ./Middlewares/Third_Party/FreeRTOS/Source/tasks.o
 .bss.xIdleTaskHandle
                0x20000ea0        0x4 ./Middlewares/Third_Party/FreeRTOS/Source/tasks.o
 .bss.uxSchedulerSuspended
                0x20000ea4        0x4 ./Middlewares/Third_Party/FreeRTOS/Source/tasks.o
 .bss.xActiveTimerList1
                0x20000ea8       0x14 ./Middlewares/Third_Party/FreeRTOS/Source/timers.o
 .bss.xActiveTimerList2
                0x20000ebc       0x14 ./Middlewares/Third_Party/FreeRTOS/Source/timers.o
 .bss.pxCurrentTimerList
                0x20000ed0        0x4 ./Middlewares/Third_Party/FreeRTOS/Source/timers.o
 .bss.pxOverflowTimerList
                0x20000ed4        0x4 ./Middlewares/Third_Party/FreeRTOS/Source/timers.o
 .bss.xTimerQueue
                0x20000ed8        0x4 ./Middlewares/Third_Party/FreeRTOS/Source/timers.o
 .bss.xTimerTaskHandle
                0x20000edc        0x4 ./Middlewares/Third_Party/FreeRTOS/Source/timers.o
 .bss.xLastTime.2
                0x20000ee0        0x4 ./Middlewares/Third_Party/FreeRTOS/Source/timers.o
 .bss.ucStaticTimerQueueStorage.1
                0x20000ee4       0xa0 ./Middlewares/Third_Party/FreeRTOS/Source/timers.o
 .bss.xStaticTimerQueue.0
                0x20000f84       0x50 ./Middlewares/Third_Party/FreeRTOS/Source/timers.o
 .bss.ucMaxSysCallPriority
                0x20000fd4        0x1 ./Middlewares/Third_Party/FreeRTOS/Source/portable/GCC/ARM_CM4F/port.o
 *fill*         0x20000fd5        0x3 
 .bss.ulMaxPRIGROUPValue
                0x20000fd8        0x4 ./Middlewares/Third_Party/FreeRTOS/Source/portable/GCC/ARM_CM4F/port.o
 .bss.ucHeap    0x20000fdc     0x3c00 ./Middlewares/Third_Party/FreeRTOS/Source/portable/MemMang/heap_4.o
 .bss.xStart    0x20004bdc        0x8 ./Middlewares/Third_Party/FreeRTOS/Source/portable/MemMang/heap_4.o
 .bss.pxEnd     0x20004be4        0x4 ./Middlewares/Third_Party/FreeRTOS/Source/portable/MemMang/heap_4.o
 .bss.xFreeBytesRemaining
                0x20004be8        0x4 ./Middlewares/Third_Party/FreeRTOS/Source/portable/MemMang/heap_4.o
 .bss.xMinimumEverFreeBytesRemaining
                0x20004bec        0x4 ./Middlewares/Third_Party/FreeRTOS/Source/portable/MemMang/heap_4.o
 .bss.xNumberOfSuccessfulAllocations
                0x20004bf0        0x4 ./Middlewares/Third_Party/FreeRTOS/Source/portable/MemMang/heap_4.o
 .bss.xNumberOfSuccessfulFrees
                0x20004bf4        0x4 ./Middlewares/Third_Party/FreeRTOS/Source/portable/MemMang/heap_4.o
 .bss.xBlockAllocatedBit
                0x20004bf8        0x4 ./Middlewares/Third_Party/FreeRTOS/Source/portable/MemMang/heap_4.o
 .bss.sw        0x20004bfc        0x5 ./ap/module/stopwatch.o
                0x20004bfc                sw
 .bss.sw_cmd    0x20004c01        0x1 ./ap/module/stopwatch.o
 .bss.cmd_idx.1
                0x20004c02        0x1 ./ap/module/uart_cmd.o
 *fill*         0x20004c03        0x1 
 .bss.cmd_buf.0
                0x20004c04       0x1e ./ap/module/uart_cmd.o
 .bss.bt0_pressed_falg
                0x20004c22        0x1 ./hw/driver/button.o
 .bss.ten_ms_flag
                0x20004c23        0x1 ./hw/driver/hw_tim.o
                0x20004c23                ten_ms_flag
 .bss.lcd_tbl   0x20004c24       0x34 ./hw/driver/lcd.o
 .bss.rx_state  0x20004c58        0x1 ./hw/driver/uart.o
 .bss.rx_1byte  0x20004c59        0x1 ./hw/driver/uart.o
 *fill*         0x20004c5a        0x2 
 .bss.UartRxQueueHandle
                0x20004c5c        0x4 ./rtos/rtos_task.o
                0x20004c5c                UartRxQueueHandle
 .bss.SW_Cmd_QueueHandle
                0x20004c60        0x4 ./rtos/rtos_task.o
                0x20004c60                SW_Cmd_QueueHandle
 .bss.Servo_Cmd_QueueHandle
                0x20004c64        0x4 ./rtos/rtos_task.o
                0x20004c64                Servo_Cmd_QueueHandle
 .bss.SmartBlind_Cmd_QueueHandle
                0x20004c68        0x4 ./rtos/rtos_task.o
                0x20004c68                SmartBlind_Cmd_QueueHandle
 .bss.__sf      0x20004c6c      0x138 C:/ST/STM32CubeIDE_1.16.1/STM32CubeIDE/plugins/com.st.stm32cube.ide.mcu.externaltools.gnu-tools-for-stm32.12.3.rel1.win32_1.0.200.202406191623/tools/bin/../lib/gcc/arm-none-eabi/12.3.1/../../../../arm-none-eabi/lib/thumb/v7e-m+fp/hard\libc_nano.a(libc_a-findfp.o)
                0x20004c6c                __sf
 .bss.__lock___malloc_recursive_mutex
                0x20004da4        0x1 C:/ST/STM32CubeIDE_1.16.1/STM32CubeIDE/plugins/com.st.stm32cube.ide.mcu.externaltools.gnu-tools-for-stm32.12.3.rel1.win32_1.0.200.202406191623/tools/bin/../lib/gcc/arm-none-eabi/12.3.1/../../../../arm-none-eabi/lib/thumb/v7e-m+fp/hard\libc_nano.a(libc_a-lock.o)
                0x20004da4                __lock___malloc_recursive_mutex
 *fill*         0x20004da5        0x3 
 .bss.__malloc_free_list
                0x20004da8        0x4 C:/ST/STM32CubeIDE_1.16.1/STM32CubeIDE/plugins/com.st.stm32cube.ide.mcu.externaltools.gnu-tools-for-stm32.12.3.rel1.win32_1.0.200.202406191623/tools/bin/../lib/gcc/arm-none-eabi/12.3.1/../../../../arm-none-eabi/lib/thumb/v7e-m+fp/hard\libc_nano.a(libc_a-mallocr.o)
                0x20004da8                __malloc_free_list
 *(COMMON)
                0x20004dac                        . = ALIGN (0x4)
                0x20004dac                        _ebss = .
                0x20004dac                        __bss_end__ = _ebss

._user_heap_stack
                0x20004dac      0x604 load address 0x08008710
                0x20004db0                        . = ALIGN (0x8)
 *fill*         0x20004dac        0x4 
                [!provide]                        PROVIDE (end = .)
                0x20004db0                        PROVIDE (_end = .)
                0x20004fb0                        . = (. + _Min_Heap_Size)
 *fill*         0x20004db0      0x200 
                0x200053b0                        . = (. + _Min_Stack_Size)
 *fill*         0x20004fb0      0x400 
                0x200053b0                        . = ALIGN (0x8)

/DISCARD/
 libc.a(*)
 libm.a(*)
 libgcc.a(*)

.ARM.attributes
                0x00000000       0x30
 *(.ARM.attributes)
 .ARM.attributes
                0x00000000       0x22 C:/ST/STM32CubeIDE_1.16.1/STM32CubeIDE/plugins/com.st.stm32cube.ide.mcu.externaltools.gnu-tools-for-stm32.12.3.rel1.win32_1.0.200.202406191623/tools/bin/../lib/gcc/arm-none-eabi/12.3.1/thumb/v7e-m+fp/hard/crti.o
 .ARM.attributes
                0x00000022       0x34 C:/ST/STM32CubeIDE_1.16.1/STM32CubeIDE/plugins/com.st.stm32cube.ide.mcu.externaltools.gnu-tools-for-stm32.12.3.rel1.win32_1.0.200.202406191623/tools/bin/../lib/gcc/arm-none-eabi/12.3.1/thumb/v7e-m+fp/hard/crtbegin.o
 .ARM.attributes
                0x00000056       0x34 ./Core/Src/adc.o
 .ARM.attributes
                0x0000008a       0x34 ./Core/Src/freertos.o
 .ARM.attributes
                0x000000be       0x34 ./Core/Src/gpio.o
 .ARM.attributes
                0x000000f2       0x34 ./Core/Src/main.o
 .ARM.attributes
                0x00000126       0x34 ./Core/Src/stm32f4xx_hal_msp.o
 .ARM.attributes
                0x0000015a       0x34 ./Core/Src/stm32f4xx_hal_timebase_tim.o
 .ARM.attributes
                0x0000018e       0x34 ./Core/Src/stm32f4xx_it.o
 .ARM.attributes
                0x000001c2       0x34 ./Core/Src/system_stm32f4xx.o
 .ARM.attributes
                0x000001f6       0x34 ./Core/Src/tim.o
 .ARM.attributes
                0x0000022a       0x34 ./Core/Src/usart.o
 .ARM.attributes
                0x0000025e       0x21 ./Core/Startup/startup_stm32f411retx.o
 .ARM.attributes
                0x0000027f       0x34 ./Drivers/STM32F4xx_HAL_Driver/Src/stm32f4xx_hal.o
 .ARM.attributes
                0x000002b3       0x34 ./Drivers/STM32F4xx_HAL_Driver/Src/stm32f4xx_hal_adc.o
 .ARM.attributes
                0x000002e7       0x34 ./Drivers/STM32F4xx_HAL_Driver/Src/stm32f4xx_hal_cortex.o
 .ARM.attributes
                0x0000031b       0x34 ./Drivers/STM32F4xx_HAL_Driver/Src/stm32f4xx_hal_dma.o
 .ARM.attributes
                0x0000034f       0x34 ./Drivers/STM32F4xx_HAL_Driver/Src/stm32f4xx_hal_gpio.o
 .ARM.attributes
                0x00000383       0x34 ./Drivers/STM32F4xx_HAL_Driver/Src/stm32f4xx_hal_rcc.o
 .ARM.attributes
                0x000003b7       0x34 ./Drivers/STM32F4xx_HAL_Driver/Src/stm32f4xx_hal_tim.o
 .ARM.attributes
                0x000003eb       0x34 ./Drivers/STM32F4xx_HAL_Driver/Src/stm32f4xx_hal_tim_ex.o
 .ARM.attributes
                0x0000041f       0x34 ./Drivers/STM32F4xx_HAL_Driver/Src/stm32f4xx_hal_uart.o
 .ARM.attributes
                0x00000453       0x34 ./Middlewares/Third_Party/FreeRTOS/Source/CMSIS_RTOS_V2/cmsis_os2.o
 .ARM.attributes
                0x00000487       0x34 ./Middlewares/Third_Party/FreeRTOS/Source/list.o
 .ARM.attributes
                0x000004bb       0x34 ./Middlewares/Third_Party/FreeRTOS/Source/queue.o
 .ARM.attributes
                0x000004ef       0x34 ./Middlewares/Third_Party/FreeRTOS/Source/tasks.o
 .ARM.attributes
                0x00000523       0x34 ./Middlewares/Third_Party/FreeRTOS/Source/timers.o
 .ARM.attributes
                0x00000557       0x34 ./Middlewares/Third_Party/FreeRTOS/Source/portable/GCC/ARM_CM4F/port.o
 .ARM.attributes
                0x0000058b       0x34 ./Middlewares/Third_Party/FreeRTOS/Source/portable/MemMang/heap_4.o
 .ARM.attributes
                0x000005bf       0x34 ./ap/ap.o
 .ARM.attributes
                0x000005f3       0x34 ./ap/module/servo_motor.o
 .ARM.attributes
                0x00000627       0x34 ./ap/module/stopwatch.o
 .ARM.attributes
                0x0000065b       0x34 ./ap/module/uart_cmd.o
 .ARM.attributes
                0x0000068f       0x34 ./hw/driver/button.o
 .ARM.attributes
                0x000006c3       0x34 ./hw/driver/hw_motor.o
 .ARM.attributes
                0x000006f7       0x34 ./hw/driver/hw_tim.o
 .ARM.attributes
                0x0000072b       0x34 ./hw/driver/lcd.o
 .ARM.attributes
                0x0000075f       0x34 ./hw/driver/led.o
 .ARM.attributes
                0x00000793       0x34 ./hw/driver/uart.o
 .ARM.attributes
                0x000007c7       0x34 ./hw/hw.o
 .ARM.attributes
                0x000007fb       0x34 ./rtos/display_task.o
 .ARM.attributes
                0x0000082f       0x34 ./rtos/rtos_task.o
 .ARM.attributes
                0x00000863       0x34 ./rtos/servo_motor_task.o
 .ARM.attributes
                0x00000897       0x34 ./rtos/stopwatch_task.o
 .ARM.attributes
                0x000008cb       0x34 ./rtos/uart_cmd_task.o
 .ARM.attributes
                0x000008ff       0x34 C:/ST/STM32CubeIDE_1.16.1/STM32CubeIDE/plugins/com.st.stm32cube.ide.mcu.externaltools.gnu-tools-for-stm32.12.3.rel1.win32_1.0.200.202406191623/tools/bin/../lib/gcc/arm-none-eabi/12.3.1/../../../../arm-none-eabi/lib/thumb/v7e-m+fp/hard\libc_nano.a(libc_a-findfp.o)
 .ARM.attributes
                0x00000933       0x34 C:/ST/STM32CubeIDE_1.16.1/STM32CubeIDE/plugins/com.st.stm32cube.ide.mcu.externaltools.gnu-tools-for-stm32.12.3.rel1.win32_1.0.200.202406191623/tools/bin/../lib/gcc/arm-none-eabi/12.3.1/../../../../arm-none-eabi/lib/thumb/v7e-m+fp/hard\libc_nano.a(libc_a-memset.o)
 .ARM.attributes
                0x00000967       0x34 C:/ST/STM32CubeIDE_1.16.1/STM32CubeIDE/plugins/com.st.stm32cube.ide.mcu.externaltools.gnu-tools-for-stm32.12.3.rel1.win32_1.0.200.202406191623/tools/bin/../lib/gcc/arm-none-eabi/12.3.1/../../../../arm-none-eabi/lib/thumb/v7e-m+fp/hard\libc_nano.a(libc_a-strncmp.o)
 .ARM.attributes
                0x0000099b       0x34 C:/ST/STM32CubeIDE_1.16.1/STM32CubeIDE/plugins/com.st.stm32cube.ide.mcu.externaltools.gnu-tools-for-stm32.12.3.rel1.win32_1.0.200.202406191623/tools/bin/../lib/gcc/arm-none-eabi/12.3.1/../../../../arm-none-eabi/lib/thumb/v7e-m+fp/hard\libc_nano.a(libc_a-reent.o)
 .ARM.attributes
                0x000009cf       0x34 C:/ST/STM32CubeIDE_1.16.1/STM32CubeIDE/plugins/com.st.stm32cube.ide.mcu.externaltools.gnu-tools-for-stm32.12.3.rel1.win32_1.0.200.202406191623/tools/bin/../lib/gcc/arm-none-eabi/12.3.1/../../../../arm-none-eabi/lib/thumb/v7e-m+fp/hard\libc_nano.a(libc_a-impure.o)
 .ARM.attributes
                0x00000a03       0x34 C:/ST/STM32CubeIDE_1.16.1/STM32CubeIDE/plugins/com.st.stm32cube.ide.mcu.externaltools.gnu-tools-for-stm32.12.3.rel1.win32_1.0.200.202406191623/tools/bin/../lib/gcc/arm-none-eabi/12.3.1/../../../../arm-none-eabi/lib/thumb/v7e-m+fp/hard\libc_nano.a(libc_a-init.o)
 .ARM.attributes
                0x00000a37       0x34 C:/ST/STM32CubeIDE_1.16.1/STM32CubeIDE/plugins/com.st.stm32cube.ide.mcu.externaltools.gnu-tools-for-stm32.12.3.rel1.win32_1.0.200.202406191623/tools/bin/../lib/gcc/arm-none-eabi/12.3.1/../../../../arm-none-eabi/lib/thumb/v7e-m+fp/hard\libc_nano.a(libc_a-lock.o)
 .ARM.attributes
                0x00000a6b       0x20 C:/ST/STM32CubeIDE_1.16.1/STM32CubeIDE/plugins/com.st.stm32cube.ide.mcu.externaltools.gnu-tools-for-stm32.12.3.rel1.win32_1.0.200.202406191623/tools/bin/../lib/gcc/arm-none-eabi/12.3.1/../../../../arm-none-eabi/lib/thumb/v7e-m+fp/hard\libc_nano.a(libc_a-strcmp.o)
 .ARM.attributes
                0x00000a8b       0x34 C:/ST/STM32CubeIDE_1.16.1/STM32CubeIDE/plugins/com.st.stm32cube.ide.mcu.externaltools.gnu-tools-for-stm32.12.3.rel1.win32_1.0.200.202406191623/tools/bin/../lib/gcc/arm-none-eabi/12.3.1/../../../../arm-none-eabi/lib/thumb/v7e-m+fp/hard\libc_nano.a(libc_a-memcpy-stub.o)
 .ARM.attributes
                0x00000abf       0x17 C:/ST/STM32CubeIDE_1.16.1/STM32CubeIDE/plugins/com.st.stm32cube.ide.mcu.externaltools.gnu-tools-for-stm32.12.3.rel1.win32_1.0.200.202406191623/tools/bin/../lib/gcc/arm-none-eabi/12.3.1/../../../../arm-none-eabi/lib/thumb/v7e-m+fp/hard\libc_nano.a(libc_a-strlen.o)
 .ARM.attributes
                0x00000ad6       0x34 C:/ST/STM32CubeIDE_1.16.1/STM32CubeIDE/plugins/com.st.stm32cube.ide.mcu.externaltools.gnu-tools-for-stm32.12.3.rel1.win32_1.0.200.202406191623/tools/bin/../lib/gcc/arm-none-eabi/12.3.1/../../../../arm-none-eabi/lib/thumb/v7e-m+fp/hard\libc_nano.a(libc_a-freer.o)
 .ARM.attributes
                0x00000b0a       0x34 C:/ST/STM32CubeIDE_1.16.1/STM32CubeIDE/plugins/com.st.stm32cube.ide.mcu.externaltools.gnu-tools-for-stm32.12.3.rel1.win32_1.0.200.202406191623/tools/bin/../lib/gcc/arm-none-eabi/12.3.1/../../../../arm-none-eabi/lib/thumb/v7e-m+fp/hard\libc_nano.a(libc_a-mallocr.o)
 .ARM.attributes
                0x00000b3e       0x34 C:/ST/STM32CubeIDE_1.16.1/STM32CubeIDE/plugins/com.st.stm32cube.ide.mcu.externaltools.gnu-tools-for-stm32.12.3.rel1.win32_1.0.200.202406191623/tools/bin/../lib/gcc/arm-none-eabi/12.3.1/../../../../arm-none-eabi/lib/thumb/v7e-m+fp/hard\libc_nano.a(libc_a-mlock.o)
 .ARM.attributes
                0x00000b72       0x22 C:/ST/STM32CubeIDE_1.16.1/STM32CubeIDE/plugins/com.st.stm32cube.ide.mcu.externaltools.gnu-tools-for-stm32.12.3.rel1.win32_1.0.200.202406191623/tools/bin/../lib/gcc/arm-none-eabi/12.3.1/thumb/v7e-m+fp/hard\libgcc.a(_aeabi_uldivmod.o)
 .ARM.attributes
                0x00000b94       0x34 C:/ST/STM32CubeIDE_1.16.1/STM32CubeIDE/plugins/com.st.stm32cube.ide.mcu.externaltools.gnu-tools-for-stm32.12.3.rel1.win32_1.0.200.202406191623/tools/bin/../lib/gcc/arm-none-eabi/12.3.1/thumb/v7e-m+fp/hard\libgcc.a(_udivmoddi4.o)
 .ARM.attributes
                0x00000bc8       0x22 C:/ST/STM32CubeIDE_1.16.1/STM32CubeIDE/plugins/com.st.stm32cube.ide.mcu.externaltools.gnu-tools-for-stm32.12.3.rel1.win32_1.0.200.202406191623/tools/bin/../lib/gcc/arm-none-eabi/12.3.1/thumb/v7e-m+fp/hard\libgcc.a(_dvmd_tls.o)
 .ARM.attributes
                0x00000bea       0x22 C:/ST/STM32CubeIDE_1.16.1/STM32CubeIDE/plugins/com.st.stm32cube.ide.mcu.externaltools.gnu-tools-for-stm32.12.3.rel1.win32_1.0.200.202406191623/tools/bin/../lib/gcc/arm-none-eabi/12.3.1/thumb/v7e-m+fp/hard/crtn.o
OUTPUT(stm32f411_RE.elf elf32-littlearm)
LOAD linker stubs
LOAD C:/ST/STM32CubeIDE_1.16.1/STM32CubeIDE/plugins/com.st.stm32cube.ide.mcu.externaltools.gnu-tools-for-stm32.12.3.rel1.win32_1.0.200.202406191623/tools/bin/../lib/gcc/arm-none-eabi/12.3.1/../../../../arm-none-eabi/lib/thumb/v7e-m+fp/hard\libc.a
LOAD C:/ST/STM32CubeIDE_1.16.1/STM32CubeIDE/plugins/com.st.stm32cube.ide.mcu.externaltools.gnu-tools-for-stm32.12.3.rel1.win32_1.0.200.202406191623/tools/bin/../lib/gcc/arm-none-eabi/12.3.1/../../../../arm-none-eabi/lib/thumb/v7e-m+fp/hard\libm.a
LOAD C:/ST/STM32CubeIDE_1.16.1/STM32CubeIDE/plugins/com.st.stm32cube.ide.mcu.externaltools.gnu-tools-for-stm32.12.3.rel1.win32_1.0.200.202406191623/tools/bin/../lib/gcc/arm-none-eabi/12.3.1/thumb/v7e-m+fp/hard\libgcc.a

.debug_info     0x00000000    0x1dbf6
 .debug_info    0x00000000      0x9cd ./Core/Src/adc.o
 .debug_info    0x000009cd      0x4db ./Core/Src/freertos.o
 .debug_info    0x00000ea8      0x61f ./Core/Src/gpio.o
 .debug_info    0x000014c7      0xb94 ./Core/Src/main.o
 .debug_info    0x0000205b      0x456 ./Core/Src/stm32f4xx_hal_msp.o
 .debug_info    0x000024b1      0xb75 ./Core/Src/stm32f4xx_hal_timebase_tim.o
 .debug_info    0x00003026      0x990 ./Core/Src/stm32f4xx_it.o
 .debug_info    0x000039b6      0x53e ./Core/Src/system_stm32f4xx.o
 .debug_info    0x00003ef4      0xec6 ./Core/Src/tim.o
 .debug_info    0x00004dba      0xb35 ./Core/Src/usart.o
 .debug_info    0x000058ef       0x30 ./Core/Startup/startup_stm32f411retx.o
 .debug_info    0x0000591f      0x8c4 ./Drivers/STM32F4xx_HAL_Driver/Src/stm32f4xx_hal.o
 .debug_info    0x000061e3      0xce0 ./Drivers/STM32F4xx_HAL_Driver/Src/stm32f4xx_hal_adc.o
 .debug_info    0x00006ec3      0xcfc ./Drivers/STM32F4xx_HAL_Driver/Src/stm32f4xx_hal_cortex.o
 .debug_info    0x00007bbf      0x8e6 ./Drivers/STM32F4xx_HAL_Driver/Src/stm32f4xx_hal_dma.o
 .debug_info    0x000084a5      0x6f9 ./Drivers/STM32F4xx_HAL_Driver/Src/stm32f4xx_hal_gpio.o
 .debug_info    0x00008b9e      0x904 ./Drivers/STM32F4xx_HAL_Driver/Src/stm32f4xx_hal_rcc.o
 .debug_info    0x000094a2     0x2996 ./Drivers/STM32F4xx_HAL_Driver/Src/stm32f4xx_hal_tim.o
 .debug_info    0x0000be38     0x14d4 ./Drivers/STM32F4xx_HAL_Driver/Src/stm32f4xx_hal_tim_ex.o
 .debug_info    0x0000d30c     0x2f56 ./Drivers/STM32F4xx_HAL_Driver/Src/stm32f4xx_hal_uart.o
 .debug_info    0x00010262     0x4079 ./Middlewares/Third_Party/FreeRTOS/Source/CMSIS_RTOS_V2/cmsis_os2.o
 .debug_info    0x000142db      0x2af ./Middlewares/Third_Party/FreeRTOS/Source/list.o
 .debug_info    0x0001458a     0x1b79 ./Middlewares/Third_Party/FreeRTOS/Source/queue.o
 .debug_info    0x00016103     0x28c1 ./Middlewares/Third_Party/FreeRTOS/Source/tasks.o
 .debug_info    0x000189c4     0x1b50 ./Middlewares/Third_Party/FreeRTOS/Source/timers.o
 .debug_info    0x0001a514      0x4de ./Middlewares/Third_Party/FreeRTOS/Source/portable/GCC/ARM_CM4F/port.o
 .debug_info    0x0001a9f2      0x4d5 ./Middlewares/Third_Party/FreeRTOS/Source/portable/MemMang/heap_4.o
 .debug_info    0x0001aec7       0x91 ./ap/ap.o
 .debug_info    0x0001af58      0x219 ./ap/module/servo_motor.o
 .debug_info    0x0001b171      0x236 ./ap/module/stopwatch.o
 .debug_info    0x0001b3a7      0x20a ./ap/module/uart_cmd.o
 .debug_info    0x0001b5b1      0x129 ./hw/driver/button.o
 .debug_info    0x0001b6da      0x1a1 ./hw/driver/hw_motor.o
 .debug_info    0x0001b87b      0x80b ./hw/driver/hw_tim.o
 .debug_info    0x0001c086      0x78a ./hw/driver/lcd.o
 .debug_info    0x0001c810      0x2aa ./hw/driver/led.o
 .debug_info    0x0001caba      0x761 ./hw/driver/uart.o
 .debug_info    0x0001d21b       0xd9 ./hw/hw.o
 .debug_info    0x0001d2f4      0x106 ./rtos/display_task.o
 .debug_info    0x0001d3fa      0x157 ./rtos/rtos_task.o
 .debug_info    0x0001d551      0x240 ./rtos/servo_motor_task.o
 .debug_info    0x0001d791      0x1df ./rtos/stopwatch_task.o
 .debug_info    0x0001d970      0x286 ./rtos/uart_cmd_task.o

.debug_abbrev   0x00000000     0x4f8e
 .debug_abbrev  0x00000000      0x1f2 ./Core/Src/adc.o
 .debug_abbrev  0x000001f2      0x16b ./Core/Src/freertos.o
 .debug_abbrev  0x0000035d      0x173 ./Core/Src/gpio.o
 .debug_abbrev  0x000004d0      0x262 ./Core/Src/main.o
 .debug_abbrev  0x00000732      0x119 ./Core/Src/stm32f4xx_hal_msp.o
 .debug_abbrev  0x0000084b      0x207 ./Core/Src/stm32f4xx_hal_timebase_tim.o
 .debug_abbrev  0x00000a52      0x1b1 ./Core/Src/stm32f4xx_it.o
 .debug_abbrev  0x00000c03      0x11a ./Core/Src/system_stm32f4xx.o
 .debug_abbrev  0x00000d1d      0x22e ./Core/Src/tim.o
 .debug_abbrev  0x00000f4b      0x217 ./Core/Src/usart.o
 .debug_abbrev  0x00001162       0x24 ./Core/Startup/startup_stm32f411retx.o
 .debug_abbrev  0x00001186      0x24b ./Drivers/STM32F4xx_HAL_Driver/Src/stm32f4xx_hal.o
 .debug_abbrev  0x000013d1      0x20e ./Drivers/STM32F4xx_HAL_Driver/Src/stm32f4xx_hal_adc.o
 .debug_abbrev  0x000015df      0x31d ./Drivers/STM32F4xx_HAL_Driver/Src/stm32f4xx_hal_cortex.o
 .debug_abbrev  0x000018fc      0x221 ./Drivers/STM32F4xx_HAL_Driver/Src/stm32f4xx_hal_dma.o
 .debug_abbrev  0x00001b1d      0x1d3 ./Drivers/STM32F4xx_HAL_Driver/Src/stm32f4xx_hal_gpio.o
 .debug_abbrev  0x00001cf0      0x2b6 ./Drivers/STM32F4xx_HAL_Driver/Src/stm32f4xx_hal_rcc.o
 .debug_abbrev  0x00001fa6      0x28b ./Drivers/STM32F4xx_HAL_Driver/Src/stm32f4xx_hal_tim.o
 .debug_abbrev  0x00002231      0x296 ./Drivers/STM32F4xx_HAL_Driver/Src/stm32f4xx_hal_tim_ex.o
 .debug_abbrev  0x000024c7      0x31b ./Drivers/STM32F4xx_HAL_Driver/Src/stm32f4xx_hal_uart.o
 .debug_abbrev  0x000027e2      0x548 ./Middlewares/Third_Party/FreeRTOS/Source/CMSIS_RTOS_V2/cmsis_os2.o
 .debug_abbrev  0x00002d2a       0xf5 ./Middlewares/Third_Party/FreeRTOS/Source/list.o
 .debug_abbrev  0x00002e1f      0x3b6 ./Middlewares/Third_Party/FreeRTOS/Source/queue.o
 .debug_abbrev  0x000031d5      0x3fe ./Middlewares/Third_Party/FreeRTOS/Source/tasks.o
 .debug_abbrev  0x000035d3      0x368 ./Middlewares/Third_Party/FreeRTOS/Source/timers.o
 .debug_abbrev  0x0000393b      0x25c ./Middlewares/Third_Party/FreeRTOS/Source/portable/GCC/ARM_CM4F/port.o
 .debug_abbrev  0x00003b97      0x21d ./Middlewares/Third_Party/FreeRTOS/Source/portable/MemMang/heap_4.o
 .debug_abbrev  0x00003db4       0x45 ./ap/ap.o
 .debug_abbrev  0x00003df9      0x107 ./ap/module/servo_motor.o
 .debug_abbrev  0x00003f00      0x137 ./ap/module/stopwatch.o
 .debug_abbrev  0x00004037      0x110 ./ap/module/uart_cmd.o
 .debug_abbrev  0x00004147       0xad ./hw/driver/button.o
 .debug_abbrev  0x000041f4       0xce ./hw/driver/hw_motor.o
 .debug_abbrev  0x000042c2      0x1f6 ./hw/driver/hw_tim.o
 .debug_abbrev  0x000044b8      0x25b ./hw/driver/lcd.o
 .debug_abbrev  0x00004713      0x155 ./hw/driver/led.o
 .debug_abbrev  0x00004868      0x1ce ./hw/driver/uart.o
 .debug_abbrev  0x00004a36       0x89 ./hw/hw.o
 .debug_abbrev  0x00004abf       0x84 ./rtos/display_task.o
 .debug_abbrev  0x00004b43       0xc4 ./rtos/rtos_task.o
 .debug_abbrev  0x00004c07      0x112 ./rtos/servo_motor_task.o
 .debug_abbrev  0x00004d19      0x14b ./rtos/stopwatch_task.o
 .debug_abbrev  0x00004e64      0x12a ./rtos/uart_cmd_task.o

.debug_aranges  0x00000000     0x1938
 .debug_aranges
                0x00000000       0x30 ./Core/Src/adc.o
 .debug_aranges
                0x00000030       0x40 ./Core/Src/freertos.o
 .debug_aranges
                0x00000070       0x20 ./Core/Src/gpio.o
 .debug_aranges
                0x00000090       0x38 ./Core/Src/main.o
 .debug_aranges
                0x000000c8       0x20 ./Core/Src/stm32f4xx_hal_msp.o
 .debug_aranges
                0x000000e8       0x30 ./Core/Src/stm32f4xx_hal_timebase_tim.o
 .debug_aranges
                0x00000118       0x68 ./Core/Src/stm32f4xx_it.o
 .debug_aranges
                0x00000180       0x28 ./Core/Src/system_stm32f4xx.o
 .debug_aranges
                0x000001a8       0x50 ./Core/Src/tim.o
 .debug_aranges
                0x000001f8       0x30 ./Core/Src/usart.o
 .debug_aranges
                0x00000228       0x28 ./Core/Startup/startup_stm32f411retx.o
 .debug_aranges
                0x00000250       0xf0 ./Drivers/STM32F4xx_HAL_Driver/Src/stm32f4xx_hal.o
 .debug_aranges
                0x00000340       0xe8 ./Drivers/STM32F4xx_HAL_Driver/Src/stm32f4xx_hal_adc.o
 .debug_aranges
                0x00000428      0x130 ./Drivers/STM32F4xx_HAL_Driver/Src/stm32f4xx_hal_cortex.o
 .debug_aranges
                0x00000558       0x90 ./Drivers/STM32F4xx_HAL_Driver/Src/stm32f4xx_hal_dma.o
 .debug_aranges
                0x000005e8       0x58 ./Drivers/STM32F4xx_HAL_Driver/Src/stm32f4xx_hal_gpio.o
 .debug_aranges
                0x00000640       0x88 ./Drivers/STM32F4xx_HAL_Driver/Src/stm32f4xx_hal_rcc.o
 .debug_aranges
                0x000006c8      0x3d0 ./Drivers/STM32F4xx_HAL_Driver/Src/stm32f4xx_hal_tim.o
 .debug_aranges
                0x00000a98      0x168 ./Drivers/STM32F4xx_HAL_Driver/Src/stm32f4xx_hal_tim_ex.o
 .debug_aranges
                0x00000c00      0x208 ./Drivers/STM32F4xx_HAL_Driver/Src/stm32f4xx_hal_uart.o
 .debug_aranges
                0x00000e08      0x2b0 ./Middlewares/Third_Party/FreeRTOS/Source/CMSIS_RTOS_V2/cmsis_os2.o
 .debug_aranges
                0x000010b8       0x40 ./Middlewares/Third_Party/FreeRTOS/Source/list.o
 .debug_aranges
                0x000010f8      0x158 ./Middlewares/Third_Party/FreeRTOS/Source/queue.o
 .debug_aranges
                0x00001250      0x208 ./Middlewares/Third_Party/FreeRTOS/Source/tasks.o
 .debug_aranges
                0x00001458       0xf0 ./Middlewares/Third_Party/FreeRTOS/Source/timers.o
 .debug_aranges
                0x00001548       0x80 ./Middlewares/Third_Party/FreeRTOS/Source/portable/GCC/ARM_CM4F/port.o
 .debug_aranges
                0x000015c8       0x58 ./Middlewares/Third_Party/FreeRTOS/Source/portable/MemMang/heap_4.o
 .debug_aranges
                0x00001620       0x20 ./ap/ap.o
 .debug_aranges
                0x00001640       0x30 ./ap/module/servo_motor.o
 .debug_aranges
                0x00001670       0x50 ./ap/module/stopwatch.o
 .debug_aranges
                0x000016c0       0x20 ./ap/module/uart_cmd.o
 .debug_aranges
                0x000016e0       0x28 ./hw/driver/button.o
 .debug_aranges
                0x00001708       0x40 ./hw/driver/hw_motor.o
 .debug_aranges
                0x00001748       0x48 ./hw/driver/hw_tim.o
 .debug_aranges
                0x00001790       0x78 ./hw/driver/lcd.o
 .debug_aranges
                0x00001808       0x38 ./hw/driver/led.o
 .debug_aranges
                0x00001840       0x38 ./hw/driver/uart.o
 .debug_aranges
                0x00001878       0x20 ./hw/hw.o
 .debug_aranges
                0x00001898       0x20 ./rtos/display_task.o
 .debug_aranges
                0x000018b8       0x20 ./rtos/rtos_task.o
 .debug_aranges
                0x000018d8       0x20 ./rtos/servo_motor_task.o
 .debug_aranges
                0x000018f8       0x20 ./rtos/stopwatch_task.o
 .debug_aranges
                0x00001918       0x20 ./rtos/uart_cmd_task.o

.debug_rnglists
                0x00000000     0x132e
 .debug_rnglists
                0x00000000       0x21 ./Core/Src/adc.o
 .debug_rnglists
                0x00000021       0x2c ./Core/Src/freertos.o
 .debug_rnglists
                0x0000004d       0x14 ./Core/Src/gpio.o
 .debug_rnglists
                0x00000061       0x26 ./Core/Src/main.o
 .debug_rnglists
                0x00000087       0x13 ./Core/Src/stm32f4xx_hal_msp.o
 .debug_rnglists
                0x0000009a       0x20 ./Core/Src/stm32f4xx_hal_timebase_tim.o
 .debug_rnglists
                0x000000ba       0x49 ./Core/Src/stm32f4xx_it.o
 .debug_rnglists
                0x00000103       0x1a ./Core/Src/system_stm32f4xx.o
 .debug_rnglists
                0x0000011d       0x3a ./Core/Src/tim.o
 .debug_rnglists
                0x00000157       0x20 ./Core/Src/usart.o
 .debug_rnglists
                0x00000177       0x19 ./Core/Startup/startup_stm32f411retx.o
 .debug_rnglists
                0x00000190       0xaf ./Drivers/STM32F4xx_HAL_Driver/Src/stm32f4xx_hal.o
 .debug_rnglists
                0x0000023f       0xb5 ./Drivers/STM32F4xx_HAL_Driver/Src/stm32f4xx_hal_adc.o
 .debug_rnglists
                0x000002f4       0xe0 ./Drivers/STM32F4xx_HAL_Driver/Src/stm32f4xx_hal_cortex.o
 .debug_rnglists
                0x000003d4       0x70 ./Drivers/STM32F4xx_HAL_Driver/Src/stm32f4xx_hal_dma.o
 .debug_rnglists
                0x00000444       0x3f ./Drivers/STM32F4xx_HAL_Driver/Src/stm32f4xx_hal_gpio.o
 .debug_rnglists
                0x00000483       0x66 ./Drivers/STM32F4xx_HAL_Driver/Src/stm32f4xx_hal_rcc.o
 .debug_rnglists
                0x000004e9      0x31a ./Drivers/STM32F4xx_HAL_Driver/Src/stm32f4xx_hal_tim.o
 .debug_rnglists
                0x00000803      0x125 ./Drivers/STM32F4xx_HAL_Driver/Src/stm32f4xx_hal_tim_ex.o
 .debug_rnglists
                0x00000928      0x1bc ./Drivers/STM32F4xx_HAL_Driver/Src/stm32f4xx_hal_uart.o