Archive member included to satisfy reference by file (symbol)

C:/ST/STM32CubeIDE_1.16.1/STM32CubeIDE/plugins/com.st.stm32cube.ide.mcu.externaltools.gnu-tools-for-stm32.12.3.rel1.win32_1.0.200.202406191623/tools/bin/../lib/gcc/arm-none-eabi/12.3.1/../../../../arm-none-eabi/lib/thumb/v7e-m+fp/hard\libc_nano.a(libc_a-exit.o)
                              C:/ST/STM32CubeIDE_1.16.1/STM32CubeIDE/plugins/com.st.stm32cube.ide.mcu.externaltools.gnu-tools-for-stm32.12.3.rel1.win32_1.0.200.202406191623/tools/bin/../lib/gcc/arm-none-eabi/12.3.1/../../../../arm-none-eabi/lib/thumb/v7e-m+fp/hard/crt0.o (exit)
C:/ST/STM32CubeIDE_1.16.1/STM32CubeIDE/plugins/com.st.stm32cube.ide.mcu.externaltools.gnu-tools-for-stm32.12.3.rel1.win32_1.0.200.202406191623/tools/bin/../lib/gcc/arm-none-eabi/12.3.1/../../../../arm-none-eabi/lib/thumb/v7e-m+fp/hard\libc_nano.a(libc_a-findfp.o)
                              ./Middlewares/Third_Party/FreeRTOS/Source/tasks.o (__sf)
C:/ST/STM32CubeIDE_1.16.1/STM32CubeIDE/plugins/com.st.stm32cube.ide.mcu.externaltools.gnu-tools-for-stm32.12.3.rel1.win32_1.0.200.202406191623/tools/bin/../lib/gcc/arm-none-eabi/12.3.1/../../../../arm-none-eabi/lib/thumb/v7e-m+fp/hard\libc_nano.a(libc_a-fwalk.o)
                              C:/ST/STM32CubeIDE_1.16.1/STM32CubeIDE/plugins/com.st.stm32cube.ide.mcu.externaltools.gnu-tools-for-stm32.12.3.rel1.win32_1.0.200.202406191623/tools/bin/../lib/gcc/arm-none-eabi/12.3.1/../../../../arm-none-eabi/lib/thumb/v7e-m+fp/hard\libc_nano.a(libc_a-findfp.o) (_fwalk_sglue)
C:/ST/STM32CubeIDE_1.16.1/STM32CubeIDE/plugins/com.st.stm32cube.ide.mcu.externaltools.gnu-tools-for-stm32.12.3.rel1.win32_1.0.200.202406191623/tools/bin/../lib/gcc/arm-none-eabi/12.3.1/../../../../arm-none-eabi/lib/thumb/v7e-m+fp/hard\libc_nano.a(libc_a-stdio.o)
                              C:/ST/STM32CubeIDE_1.16.1/STM32CubeIDE/plugins/com.st.stm32cube.ide.mcu.externaltools.gnu-tools-for-stm32.12.3.rel1.win32_1.0.200.202406191623/tools/bin/../lib/gcc/arm-none-eabi/12.3.1/../../../../arm-none-eabi/lib/thumb/v7e-m+fp/hard\libc_nano.a(libc_a-findfp.o) (__sread)
C:/ST/STM32CubeIDE_1.16.1/STM32CubeIDE/plugins/com.st.stm32cube.ide.mcu.externaltools.gnu-tools-for-stm32.12.3.rel1.win32_1.0.200.202406191623/tools/bin/../lib/gcc/arm-none-eabi/12.3.1/../../../../arm-none-eabi/lib/thumb/v7e-m+fp/hard\libc_nano.a(libc_a-memset.o)
                              C:/ST/STM32CubeIDE_1.16.1/STM32CubeIDE/plugins/com.st.stm32cube.ide.mcu.externaltools.gnu-tools-for-stm32.12.3.rel1.win32_1.0.200.202406191623/tools/bin/../lib/gcc/arm-none-eabi/12.3.1/../../../../arm-none-eabi/lib/thumb/v7e-m+fp/hard/crt0.o (memset)
C:/ST/STM32CubeIDE_1.16.1/STM32CubeIDE/plugins/com.st.stm32cube.ide.mcu.externaltools.gnu-tools-for-stm32.12.3.rel1.win32_1.0.200.202406191623/tools/bin/../lib/gcc/arm-none-eabi/12.3.1/../../../../arm-none-eabi/lib/thumb/v7e-m+fp/hard\libc_nano.a(libc_a-strncmp.o)
                              ./ap/module/uart_cmd.o (strncmp)
C:/ST/STM32CubeIDE_1.16.1/STM32CubeIDE/plugins/com.st.stm32cube.ide.mcu.externaltools.gnu-tools-for-stm32.12.3.rel1.win32_1.0.200.202406191623/tools/bin/../lib/gcc/arm-none-eabi/12.3.1/../../../../arm-none-eabi/lib/thumb/v7e-m+fp/hard\libc_nano.a(libc_a-closer.o)
                              C:/ST/STM32CubeIDE_1.16.1/STM32CubeIDE/plugins/com.st.stm32cube.ide.mcu.externaltools.gnu-tools-for-stm32.12.3.rel1.win32_1.0.200.202406191623/tools/bin/../lib/gcc/arm-none-eabi/12.3.1/../../../../arm-none-eabi/lib/thumb/v7e-m+fp/hard\libc_nano.a(libc_a-stdio.o) (_close_r)
C:/ST/STM32CubeIDE_1.16.1/STM32CubeIDE/plugins/com.st.stm32cube.ide.mcu.externaltools.gnu-tools-for-stm32.12.3.rel1.win32_1.0.200.202406191623/tools/bin/../lib/gcc/arm-none-eabi/12.3.1/../../../../arm-none-eabi/lib/thumb/v7e-m+fp/hard\libc_nano.a(libc_a-reent.o)
                              ./Middlewares/Third_Party/FreeRTOS/Source/tasks.o (_reclaim_reent)
C:/ST/STM32CubeIDE_1.16.1/STM32CubeIDE/plugins/com.st.stm32cube.ide.mcu.externaltools.gnu-tools-for-stm32.12.3.rel1.win32_1.0.200.202406191623/tools/bin/../lib/gcc/arm-none-eabi/12.3.1/../../../../arm-none-eabi/lib/thumb/v7e-m+fp/hard\libc_nano.a(libc_a-impure.o)
                              ./Middlewares/Third_Party/FreeRTOS/Source/tasks.o (_impure_ptr)
C:/ST/STM32CubeIDE_1.16.1/STM32CubeIDE/plugins/com.st.stm32cube.ide.mcu.externaltools.gnu-tools-for-stm32.12.3.rel1.win32_1.0.200.202406191623/tools/bin/../lib/gcc/arm-none-eabi/12.3.1/../../../../arm-none-eabi/lib/thumb/v7e-m+fp/hard\libc_nano.a(libc_a-lseekr.o)
                              C:/ST/STM32CubeIDE_1.16.1/STM32CubeIDE/plugins/com.st.stm32cube.ide.mcu.externaltools.gnu-tools-for-stm32.12.3.rel1.win32_1.0.200.202406191623/tools/bin/../lib/gcc/arm-none-eabi/12.3.1/../../../../arm-none-eabi/lib/thumb/v7e-m+fp/hard\libc_nano.a(libc_a-stdio.o) (_lseek_r)
[...]
Memory Configuration

Name             Origin             Length             Attributes
RAM              0x20000000         0x00020000         xrw
FLASH            0x08000000         0x00080000         xr
*default*        0x00000000         0xffffffff

Linker script and memory map

LOAD C:/ST/STM32CubeIDE_1.16.1/STM32CubeIDE/plugins/com.st.stm32cube.ide.mcu.externaltools.gnu-tools-for-stm32.12.3.rel1.win32_1.0.200.202406191623/tools/bin/../lib/gcc/arm-none-eabi/12.3.1/thumb/v7e-m+fp/hard/crti.o
LOAD C:/ST/STM32CubeIDE_1.16.1/STM32CubeIDE/plugins/com.st.stm32cube.ide.mcu.externaltools.gnu-tools-for-stm32.12.3.rel1.win32_1.0.200.202406191623/tools/bin/../lib/gcc/arm-none-eabi/12.3.1/thumb/v7e-m+fp/hard/crtbegin.o
LOAD C:/ST/STM32CubeIDE_1.16.1/STM32CubeIDE/plugins/com.st.stm32cube.ide.mcu.externaltools.gnu-tools-for-stm32.12.3.rel1.win32_1.0.200.202406191623/tools/bin/../lib/gcc/arm-none-eabi/12.3.1/../../../../arm-none-eabi/lib/thumb/v7e-m+fp/hard/crt0.o
LOAD ./Core/Src/adc.o
LOAD ./Core/Src/freertos.o
LOAD ./Core/Src/gpio.o
LOAD ./Core/Src/main.o
LOAD ./Core/Src/stm32f4xx_hal_msp.o
LOAD ./Core/Src/stm32f4xx_hal_timebase_tim.o
LOAD ./Core/Src/stm32f4xx_it.o
LOAD ./Core/Src/syscalls.o
LOAD ./Core/Src/sysmem.o
LOAD ./Core/Src/system_stm32f4xx.o
LOAD ./Core/Src/tim.o
LOAD ./Core/Src/usart.o
LOAD ./Core/Startup/startup_stm32f411retx.o
LOAD ./Drivers/STM32F4xx_HAL_Driver/Src/stm32f4xx_hal.o
LOAD ./Drivers/STM32F4xx_HAL_Driver/Src/stm32f4xx_hal_adc.o
LOAD ./Drivers/STM32F4xx_HAL_Driver/Src/stm32f4xx_hal_adc_ex.o
LOAD ./Drivers/STM32F4xx_HAL_Driver/Src/stm32f4xx_hal_cortex.o
LOAD ./Drivers/STM32F4xx_HAL_Driver/Src/stm32f4xx_hal_dma.o
LOAD ./Drivers/STM32F4xx_HAL_Driver/Src/stm32f4xx_hal_dma_ex.o
LOAD ./Drivers/STM32F4xx_HAL_Driver/Src/stm32f4xx_hal_exti.o
LOAD ./Drivers/STM32F4xx_HAL_Driver/Src/stm32f4xx_hal_flash.o
LOAD ./Drivers/STM32F4xx_HAL_Driver/Src/stm32f4xx_hal_flash_ex.o
LOAD ./Drivers/STM32F4xx_HAL_Driver/Src/stm32f4xx_hal_flash_ramfunc.o
LOAD ./Drivers/STM32F4xx_HAL_Driver/Src/stm32f4xx_hal_gpio.o
LOAD ./Drivers/STM32F4xx_HAL_Driver/Src/stm32f4xx_hal_pwr.o
LOAD ./Drivers/STM32F4xx_HAL_Driver/Src/stm32f4xx_hal_pwr_ex.o
LOAD ./Drivers/STM32F4xx_HAL_Driver/Src/stm32f4xx_hal_rcc.o
LOAD ./Drivers/STM32F4xx_HAL_Driver/Src/stm32f4xx_hal_rcc_ex.o
LOAD ./Drivers/STM32F4xx_HAL_Driver/Src/stm32f4xx_hal_tim.o
LOAD ./Drivers/STM32F4xx_HAL_Driver/Src/stm32f4xx_hal_tim_ex.o
LOAD ./Drivers/STM32F4xx_HAL_Driver/Src/stm32f4xx_hal_uart.o
LOAD ./Drivers/STM32F4xx_HAL_Driver/Src/stm32f4xx_ll_adc.o
LOAD ./Middlewares/Third_Party/FreeRTOS/Source/CMSIS_RTOS_V2/cmsis_os2.o
LOAD ./Middlewares/Third_Party/FreeRTOS/Source/croutine.o
LOAD ./Middlewares/Third_Party/FreeRTOS/Source/event_groups.o
LOAD ./Middlewares/Third_Party/FreeRTOS/Source/list.o
LOAD ./Middlewares/Third_Party/FreeRTOS/Source/queue.o
LOAD ./Middlewares/Third_Party/FreeRTOS/Source/stream_buffer.o
LOAD ./Middlewares/Third_Party/FreeRTOS/Source/tasks.o
LOAD ./Middlewares/Third_Party/FreeRTOS/Source/timers.o
LOAD ./Middlewares/Third_Party/FreeRTOS/Source/portable/GCC/ARM_CM4F/port.o
LOAD ./Middlewares/Third_Party/FreeRTOS/Source/portable/MemMang/heap_4.o
LOAD ./ap/ap.o
LOAD ./ap/smart_blind.o
LOAD ./ap/module/cds.o
LOAD ./ap/module/servo_motor.o
LOAD ./ap/module/stopwatch.o
LOAD ./ap/module/uart_cmd.o
LOAD ./hw/driver/button.o
LOAD ./hw/driver/hw_adc.o
LOAD ./hw/driver/hw_motor.o
LOAD ./hw/driver/hw_tim.o
LOAD ./hw/driver/lcd.o
LOAD ./hw/driver/led.o
LOAD ./hw/driver/uart.o
LOAD ./hw/hw.o
LOAD ./rtos/rtos_task.o
LOAD ./rtos/sensor_task.o
LOAD ./rtos/servo_motor_task.o
LOAD ./rtos/smart_blind_task.o
LOAD ./rtos/stopwatch_task.o
LOAD ./rtos/uart_cmd_task.o
START GROUP
LOAD C:/ST/STM32CubeIDE_1.16.1/STM32CubeIDE/plugins/com.st.stm32cube.ide.mcu.externaltools.gnu-tools-for-stm32.12.3.rel1.win32_1.0.200.202406191623/tools/bin/../lib/gcc/arm-none-eabi/12.3.1/../../../../arm-none-eabi/lib/thumb/v7e-m+fp/hard\libc_nano.a
LOAD C:/ST/STM32CubeIDE_1.16.1/STM32CubeIDE/plugins/com.st.stm32cube.ide.mcu.externaltools.gnu-tools-for-stm32.12.3.rel1.win32_1.0.200.202406191623/tools/bin/../lib/gcc/arm-none-eabi/12.3.1/../../../../arm-none-eabi/lib/thumb/v7e-m+fp/hard\libm.a
END GROUP
START GROUP
LOAD C:/ST/STM32CubeIDE_1.16.1/STM32CubeIDE/plugins/com.st.stm32cube.ide.mcu.externaltools.gnu-tools-for-stm32.12.3.rel1.win32_1.0.200.202406191623/tools/bin/../lib/gcc/arm-none-eabi/12.3.1/thumb/v7e-m+fp/hard\libgcc.a
LOAD C:/ST/STM32CubeIDE_1.16.1/STM32CubeIDE/plugins/com.st.stm32cube.ide.mcu.externaltools.gnu-tools-for-stm32.12.3.rel1.win32_1.0.200.202406191623/tools/bin/../lib/gcc/arm-none-eabi/12.3.1/../../../../arm-none-eabi/lib/thumb/v7e-m+fp/hard\libc_nano.a
END GROUP
START GROUP
LOAD C:/ST/STM32CubeIDE_1.16.1/STM32CubeIDE/plugins/com.st.stm32cube.ide.mcu.externaltools.gnu-tools-for-stm32.12.3.rel1.win32_1.0.200.202406191623/tools/bin/../lib/gcc/arm-none-eabi/12.3.1/thumb/v7e-m+fp/hard\libgcc.a
LOAD C:/ST/STM32CubeIDE_1.16.1/STM32CubeIDE/plugins/com.st.stm32cube.ide.mcu.externaltools.gnu-tools-for-stm32.12.3.rel1.win32_1.0.200.202406191623/tools/bin/../lib/gcc/arm-none-eabi/12.3.1/../../../../arm-none-eabi/lib/thumb/v7e-m+fp/hard\libc_nano.a
LOAD C:/ST/STM32CubeIDE_1.16.1/STM32CubeIDE/plugins/com.st.stm32cube.ide.mcu.externaltools.gnu-tools-for-stm32.12.3.rel1.win32_1.0.200.202406191623/tools/bin/../lib/gcc/arm-none-eabi/12.3.1/../../../../arm-none-eabi/lib/thumb/v7e-m+fp/hard\libnosys.a
END GROUP
START GROUP
LOAD C:/ST/STM32CubeIDE_1.16.1/STM32CubeIDE/plugins/com.st.stm32cube.ide.mcu.externaltools.gnu-tools-for-stm32.12.3.rel1.win32_1.0.200.202406191623/tools/bin/../lib/gcc/arm-none-eabi/12.3.1/thumb/v7e-m+fp/hard\libgcc.a
LOAD C:/ST/STM32CubeIDE_1.16.1/STM32CubeIDE/plugins/com.st.stm32cube.ide.mcu.externaltools.gnu-tools-for-stm32.12.3.rel1.win32_1.0.200.202406191623/tools/bin/../lib/gcc/arm-none-eabi/12.3.1/../../../../arm-none-eabi/lib/thumb/v7e-m+fp/hard\libc_nano.a
LOAD C:/ST/STM32CubeIDE_1.16.1/STM32CubeIDE/plugins/com.st.stm32cube.ide.mcu.externaltools.gnu-tools-for-stm32.12.3.rel1.win32_1.0.200.202406191623/tools/bin/../lib/gcc/arm-none-eabi/12.3.1/../../../../arm-none-eabi/lib/thumb/v7e-m+fp/hard\libnosys.a
END GROUP
LOAD C:/ST/STM32CubeIDE_1.16.1/STM32CubeIDE/plugins/com.st.stm32cube.ide.mcu.externaltools.gnu-tools-for-stm32.12.3.rel1.win32_1.0.200.202406191623/tools/bin/../lib/gcc/arm-none-eabi/12.3.1/thumb/v7e-m+fp/hard/crtend.o
LOAD C:/ST/STM32CubeIDE_1.16.1/STM32CubeIDE/plugins/com.st.stm32cube.ide.mcu.externaltools.gnu-tools-for-stm32.12.3.rel1.win32_1.0.200.202406191623/tools/bin/../lib/gcc/arm-none-eabi/12.3.1/thumb/v7e-m+fp/hard/crtn.o
                0x20020000                        _estack = (ORIGIN (RAM) + LENGTH (RAM))
                0x00000200                        _Min_Heap_Size = 0x200
                0x00000400                        _Min_Stack_Size = 0x400

.isr_vector     0x08000000      0x198
                0x08000000                        . = ALIGN (0x4)
 *(.isr_vector)
 .isr_vector    0x08000000      0x198 ./Core/Startup/startup_stm32f411retx.o
                0x08000000                g_pfnVectors
                0x08000198                        . = ALIGN (0x4)

.text           0x080001a0     0x7d0c
                0x080001a0                        . = ALIGN (0x4)
 *(.text)
 .text          0x080001a0       0x40 C:/ST/STM32CubeIDE_1.16.1/STM32CubeIDE/plugins/com.st.stm32cube.ide.mcu.externaltools.gnu-tools-for-stm32.12.3.rel1.win32_1.0.200.202406191623/tools/bin/../lib/gcc/arm-none-eabi/12.3.1/thumb/v7e-m+fp/hard/crtbegin.o
 .text          0x080001e0       0x14 C:/ST/STM32CubeIDE_1.16.1/STM32CubeIDE/plugins/com.st.stm32cube.ide.mcu.externaltools.gnu-tools-for-stm32.12.3.rel1.win32_1.0.200.202406191623/tools/bin/../lib/gcc/arm-none-eabi/12.3.1/../../../../arm-none-eabi/lib/thumb/v7e-m+fp/hard\libc_nano.a(libc_a-strcmp.o)
                0x080001e0                strcmp
 .text          0x080001f4       0x30 C:/ST/STM32CubeIDE_1.16.1/STM32CubeIDE/plugins/com.st.stm32cube.ide.mcu.externaltools.gnu-tools-for-stm32.12.3.rel1.win32_1.0.200.202406191623/tools/bin/../lib/gcc/arm-none-eabi/12.3.1/thumb/v7e-m+fp/hard\libgcc.a(_aeabi_uldivmod.o)
                0x080001f4                __aeabi_uldivmod
 .text          0x08000224      0x2bc C:/ST/STM32CubeIDE_1.16.1/STM32CubeIDE/plugins/com.st.stm32cube.ide.mcu.externaltools.gnu-tools-for-stm32.12.3.rel1.win32_1.0.200.202406191623/tools/bin/../lib/gcc/arm-none-eabi/12.3.1/thumb/v7e-m+fp/hard\libgcc.a(_udivmoddi4.o)
                0x08000224                __udivmoddi4
 .text          0x080004e0        0x4 C:/ST/STM32CubeIDE_1.16.1/STM32CubeIDE/plugins/com.st.stm32cube.ide.mcu.externaltools.gnu-tools-for-stm32.12.3.rel1.win32_1.0.200.202406191623/tools/bin/../lib/gcc/arm-none-eabi/12.3.1/thumb/v7e-m+fp/hard\libgcc.a(_dvmd_tls.o)
                0x080004e0                __aeabi_idiv0
                0x080004e0                __aeabi_ldiv0
 *(.text*)
 .text.MX_ADC1_Init
                0x080004e4       0xa4 ./Core/Src/adc.o
                0x080004e4                MX_ADC1_Init
 .text.HAL_ADC_MspInit
                0x08000588       0x88 ./Core/Src/adc.o
                0x08000588                HAL_ADC_MspInit
 .text.MX_FREERTOS_Init
                0x08000610       0x90 ./Core/Src/freertos.o
                0x08000610                MX_FREERTOS_Init
 .text.StartDefaultTask
                0x080006a0        0xe ./Core/Src/freertos.o
                0x080006a0                StartDefaultTask
 .text.uart     0x080006ae        0xe ./Core/Src/freertos.o
                0x080006ae                uart
 .text.StartTask03
                0x080006bc        0xe ./Core/Src/freertos.o
                0x080006bc                StartTask03
 .text.StartTask04
                0x080006ca        0xe ./Core/Src/freertos.o
                0x080006ca                StartTask04
 .text.MX_GPIO_Init
                0x080006d8      0x108 ./Core/Src/gpio.o
                0x080006d8                MX_GPIO_Init
 .text.main     0x080007e0       0x3c ./Core/Src/main.o
                0x080007e0                main
 .text.SystemClock_Config
                0x0800081c       0xd0 ./Core/Src/main.o
                0x0800081c                SystemClock_Config
 .text.HAL_TIM_PeriodElapsedCallback
                0x080008ec       0x2c ./Core/Src/main.o
                0x080008ec                HAL_TIM_PeriodElapsedCallback
 .text.Error_Handler
                0x08000918        0xc ./Core/Src/main.o
                0x08000918                Error_Handler
 .text.HAL_MspInit
                0x08000924       0x58 ./Core/Src/stm32f4xx_hal_msp.o
                0x08000924                HAL_MspInit
 .text.HAL_InitTick
                0x0800097c       0xe4 ./Core/Src/stm32f4xx_hal_timebase_tim.o
                0x0800097c                HAL_InitTick
 .text.NMI_Handler
                0x08000a60        0x8 ./Core/Src/stm32f4xx_it.o
                0x08000a60                NMI_Handler
 .text.HardFault_Handler
                0x08000a68        0x8 ./Core/Src/stm32f4xx_it.o
                0x08000a68                HardFault_Handler
 .text.MemManage_Handler
                0x08000a70        0x8 ./Core/Src/stm32f4xx_it.o
                0x08000a70                MemManage_Handler
 .text.BusFault_Handler
                0x08000a78        0x8 ./Core/Src/stm32f4xx_it.o
                0x08000a78                BusFault_Handler
 .text.UsageFault_Handler
                0x08000a80        0x8 ./Core/Src/stm32f4xx_it.o
                0x08000a80                UsageFault_Handler
 .text.DebugMon_Handler
                0x08000a88        0xe ./Core/Src/stm32f4xx_it.o
                0x08000a88                DebugMon_Handler
 *fill*         0x08000a96        0x2 
 .text.TIM1_TRG_COM_TIM11_IRQHandler
                0x08000a98       0x14 ./Core/Src/stm32f4xx_it.o
                0x08000a98                TIM1_TRG_COM_TIM11_IRQHandler
 .text.TIM2_IRQHandler
                0x08000aac       0x14 ./Core/Src/stm32f4xx_it.o
                0x08000aac                TIM2_IRQHandler
 .text.USART2_IRQHandler
                0x08000ac0       0x14 ./Core/Src/stm32f4xx_it.o
                0x08000ac0                USART2_IRQHandler
 .text.EXTI15_10_IRQHandler
                0x08000ad4       0x10 ./Core/Src/stm32f4xx_it.o
                0x08000ad4                EXTI15_10_IRQHandler
 .text.SystemInit
                0x08000ae4       0x24 ./Core/Src/system_stm32f4xx.o
                0x08000ae4                SystemInit
 .text.MX_TIM2_Init
                0x08000b08       0x98 ./Core/Src/tim.o
                0x08000b08                MX_TIM2_Init
 .text.MX_TIM3_Init
                0x08000ba0       0xb4 ./Core/Src/tim.o
                0x08000ba0                MX_TIM3_Init
 .text.HAL_TIM_Base_MspInit
                0x08000c54       0x4c ./Core/Src/tim.o
                0x08000c54                HAL_TIM_Base_MspInit
 .text.HAL_TIM_PWM_MspInit
                0x08000ca0       0x90 ./Core/Src/tim.o
                0x08000ca0                HAL_TIM_PWM_MspInit
 .text.HAL_TIM_MspPostInit
                0x08000d30       0x74 ./Core/Src/tim.o
                0x08000d30                HAL_TIM_MspPostInit
 .text.MX_USART2_UART_Init
                0x08000da4       0x54 ./Core/Src/usart.o
                0x08000da4                MX_USART2_UART_Init
 .text.HAL_UART_MspInit
                0x08000df8       0xa0 ./Core/Src/usart.o
                0x08000df8                HAL_UART_MspInit
 .text.Reset_Handler
                0x08000e98       0x50 ./Core/Startup/startup_stm32f411retx.o
                0x08000e98                Reset_Handler
 .text.Default_Handler
                0x08000ee8        0x2 ./Core/Startup/startup_stm32f411retx.o
                0x08000ee8                RTC_Alarm_IRQHandler
                0x08000ee8                EXTI2_IRQHandler
                0x08000ee8                SPI4_IRQHandler
                0x08000ee8                TIM1_CC_IRQHandler
                0x08000ee8                DMA2_Stream5_IRQHandler
                0x08000ee8                DMA1_Stream5_IRQHandler
                0x08000ee8                PVD_IRQHandler
                0x08000ee8                SDIO_IRQHandler
                0x08000ee8                TAMP_STAMP_IRQHandler
                0x08000ee8                EXTI3_IRQHandler
                0x08000ee8                TIM1_UP_TIM10_IRQHandler
                0x08000ee8                I2C3_ER_IRQHandler
                0x08000ee8                EXTI0_IRQHandler
                0x08000ee8                I2C2_EV_IRQHandler
                0x08000ee8                DMA1_Stream2_IRQHandler
                0x08000ee8                FPU_IRQHandler
                0x08000ee8                DMA2_Stream2_IRQHandler
                0x08000ee8                SPI1_IRQHandler
                0x08000ee8                TIM1_BRK_TIM9_IRQHandler
                0x08000ee8                DMA2_Stream3_IRQHandler
                0x08000ee8                USART6_IRQHandler
                0x08000ee8                DMA2_Stream0_IRQHandler
                0x08000ee8                TIM4_IRQHandler
                0x08000ee8                I2C1_EV_IRQHandler
                0x08000ee8                DMA1_Stream6_IRQHandler
                0x08000ee8                DMA1_Stream1_IRQHandler
                0x08000ee8                TIM3_IRQHandler
                0x08000ee8                RCC_IRQHandler
                0x08000ee8                Default_Handler
                0x08000ee8                ADC_IRQHandler
                0x08000ee8                DMA1_Stream7_IRQHandler
                0x08000ee8                SPI5_IRQHandler
                0x08000ee8                TIM5_IRQHandler
                0x08000ee8                DMA2_Stream7_IRQHandler
                0x08000ee8                I2C3_EV_IRQHandler
                0x08000ee8                EXTI9_5_IRQHandler
                0x08000ee8                RTC_WKUP_IRQHandler
                0x08000ee8                SPI2_IRQHandler
                0x08000ee8                DMA1_Stream0_IRQHandler
                0x08000ee8                EXTI4_IRQHandler
                0x08000ee8                WWDG_IRQHandler
                0x08000ee8                OTG_FS_WKUP_IRQHandler
                0x08000ee8                EXTI1_IRQHandler
                0x08000ee8                I2C2_ER_IRQHandler
                0x08000ee8                DMA2_Stream1_IRQHandler
                0x08000ee8                FLASH_IRQHandler
                0x08000ee8                DMA2_Stream4_IRQHandler
                0x08000ee8                USART1_IRQHandler
                0x08000ee8                OTG_FS_IRQHandler
                0x08000ee8                SPI3_IRQHandler
                0x08000ee8                DMA1_Stream4_IRQHandler
                0x08000ee8                I2C1_ER_IRQHandler
                0x08000ee8                DMA2_Stream6_IRQHandler
                0x08000ee8                DMA1_Stream3_IRQHandler
 *fill*         0x08000eea        0x2 
 .text.HAL_Init
                0x08000eec       0x44 ./Drivers/STM32F4xx_HAL_Driver/Src/stm32f4xx_hal.o
                0x08000eec                HAL_Init
 .text.HAL_IncTick
                0x08000f30       0x28 ./Drivers/STM32F4xx_HAL_Driver/Src/stm32f4xx_hal.o
                0x08000f30                HAL_IncTick
 .text.HAL_GetTick
                0x08000f58       0x18 ./Drivers/STM32F4xx_HAL_Driver/Src/stm32f4xx_hal.o
                0x08000f58                HAL_GetTick
 .text.HAL_ADC_Init
                0x08000f70       0x86 ./Drivers/STM32F4xx_HAL_Driver/Src/stm32f4xx_hal_adc.o
                0x08000f70                HAL_ADC_Init
 *fill*         0x08000ff6        0x2 
 .text.HAL_ADC_ConfigChannel
                0x08000ff8      0x264 ./Drivers/STM32F4xx_HAL_Driver/Src/stm32f4xx_hal_adc.o
                0x08000ff8                HAL_ADC_ConfigChannel
 .text.ADC_Init
                0x0800125c      0x1f8 ./Drivers/STM32F4xx_HAL_Driver/Src/stm32f4xx_hal_adc.o
 .text.__NVIC_SetPriorityGrouping
                0x08001454       0x48 ./Drivers/STM32F4xx_HAL_Driver/Src/stm32f4xx_hal_cortex.o
 .text.__NVIC_GetPriorityGrouping
                0x0800149c       0x1c ./Drivers/STM32F4xx_HAL_Driver/Src/stm32f4xx_hal_cortex.o
 .text.__NVIC_EnableIRQ
                0x080014b8       0x3c ./Drivers/STM32F4xx_HAL_Driver/Src/stm32f4xx_hal_cortex.o
 .text.__NVIC_SetPriority
                0x080014f4       0x54 ./Drivers/STM32F4xx_HAL_Driver/Src/stm32f4xx_hal_cortex.o
 .text.NVIC_EncodePriority
                0x08001548       0x66 ./Drivers/STM32F4xx_HAL_Driver/Src/stm32f4xx_hal_cortex.o
 .text.HAL_NVIC_SetPriorityGrouping
                0x080015ae       0x16 ./Drivers/STM32F4xx_HAL_Driver/Src/stm32f4xx_hal_cortex.o
                0x080015ae                HAL_NVIC_SetPriorityGrouping
 .text.HAL_NVIC_SetPriority
                0x080015c4       0x38 ./Drivers/STM32F4xx_HAL_Driver/Src/stm32f4xx_hal_cortex.o
                0x080015c4                HAL_NVIC_SetPriority
 .text.HAL_NVIC_EnableIRQ
                0x080015fc       0x1c ./Drivers/STM32F4xx_HAL_Driver/Src/stm32f4xx_hal_cortex.o
                0x080015fc                HAL_NVIC_EnableIRQ
 .text.HAL_DMA_Abort
                0x08001618       0xe0 ./Drivers/STM32F4xx_HAL_Driver/Src/stm32f4xx_hal_dma.o
                0x08001618                HAL_DMA_Abort
 .text.HAL_DMA_Abort_IT
                0x080016f8       0x44 ./Drivers/STM32F4xx_HAL_Driver/Src/stm32f4xx_hal_dma.o
                0x080016f8                HAL_DMA_Abort_IT
 .text.HAL_GPIO_Init
                0x0800173c      0x308 ./Drivers/STM32F4xx_HAL_Driver/Src/stm32f4xx_hal_gpio.o
                0x0800173c                HAL_GPIO_Init
 .text.HAL_GPIO_WritePin
                0x08001a44       0x32 ./Drivers/STM32F4xx_HAL_Driver/Src/stm32f4xx_hal_gpio.o
                0x08001a44                HAL_GPIO_WritePin
 .text.HAL_GPIO_TogglePin
                0x08001a76       0x34 ./Drivers/STM32F4xx_HAL_Driver/Src/stm32f4xx_hal_gpio.o
                0x08001a76                HAL_GPIO_TogglePin
 *fill*         0x08001aaa        0x2 
 .text.HAL_GPIO_EXTI_IRQHandler
                0x08001aac       0x30 ./Drivers/STM32F4xx_HAL_Driver/Src/stm32f4xx_hal_gpio.o
                0x08001aac                HAL_GPIO_EXTI_IRQHandler
 .text.HAL_RCC_OscConfig
                0x08001adc      0x4f0 ./Drivers/STM32F4xx_HAL_Driver/Src/stm32f4xx_hal_rcc.o
                0x08001adc                HAL_RCC_OscConfig
 .text.HAL_RCC_ClockConfig
                0x08001fcc      0x1cc ./Drivers/STM32F4xx_HAL_Driver/Src/stm32f4xx_hal_rcc.o
                0x08001fcc                HAL_RCC_ClockConfig
 .text.HAL_RCC_GetSysClockFreq
                0x08002198      0x20c ./Drivers/STM32F4xx_HAL_Driver/Src/stm32f4xx_hal_rcc.o
                0x08002198                HAL_RCC_GetSysClockFreq
 .text.HAL_RCC_GetHCLKFreq
                0x080023a4       0x18 ./Drivers/STM32F4xx_HAL_Driver/Src/stm32f4xx_hal_rcc.o
                0x080023a4                HAL_RCC_GetHCLKFreq
 .text.HAL_RCC_GetPCLK1Freq
                0x080023bc       0x28 ./Drivers/STM32F4xx_HAL_Driver/Src/stm32f4xx_hal_rcc.o
                0x080023bc                HAL_RCC_GetPCLK1Freq
 .text.HAL_RCC_GetPCLK2Freq
                0x080023e4       0x28 ./Drivers/STM32F4xx_HAL_Driver/Src/stm32f4xx_hal_rcc.o
                0x080023e4                HAL_RCC_GetPCLK2Freq
 .text.HAL_RCC_GetClockConfig
                0x0800240c       0x64 ./Drivers/STM32F4xx_HAL_Driver/Src/stm32f4xx_hal_rcc.o
                0x0800240c                HAL_RCC_GetClockConfig
 .text.HAL_TIM_Base_Init
                0x08002470       0x9e ./Drivers/STM32F4xx_HAL_Driver/Src/stm32f4xx_hal_tim.o
                0x08002470                HAL_TIM_Base_Init
 *fill*         0x0800250e        0x2 
 .text.HAL_TIM_Base_Start_IT
                0x08002510       0xc4 ./Drivers/STM32F4xx_HAL_Driver/Src/stm32f4xx_hal_tim.o
                0x08002510                HAL_TIM_Base_Start_IT
 .text.HAL_TIM_Base_Stop_IT
                0x080025d4       0x5e ./Drivers/STM32F4xx_HAL_Driver/Src/stm32f4xx_hal_tim.o
                0x080025d4                HAL_TIM_Base_Stop_IT
 .text.HAL_TIM_PWM_Init
                0x08002632       0x9e ./Drivers/STM32F4xx_HAL_Driver/Src/stm32f4xx_hal_tim.o
                0x08002632                HAL_TIM_PWM_Init
 .text.HAL_TIM_PWM_Start
                0x080026d0      0x160 ./Drivers/STM32F4xx_HAL_Driver/Src/stm32f4xx_hal_tim.o
                0x080026d0                HAL_TIM_PWM_Start
 .text.HAL_TIM_PWM_Stop
                0x08002830       0xc8 ./Drivers/STM32F4xx_HAL_Driver/Src/stm32f4xx_hal_tim.o
                0x08002830                HAL_TIM_PWM_Stop
 .text.HAL_TIM_IRQHandler
                0x080028f8      0x1e0 ./Drivers/STM32F4xx_HAL_Driver/Src/stm32f4xx_hal_tim.o
                0x080028f8                HAL_TIM_IRQHandler
 .text.HAL_TIM_PWM_ConfigChannel
                0x08002ad8      0x184 ./Drivers/STM32F4xx_HAL_Driver/Src/stm32f4xx_hal_tim.o
                0x08002ad8                HAL_TIM_PWM_ConfigChannel
 .text.HAL_TIM_ConfigClockSource
                0x08002c5c      0x18e ./Drivers/STM32F4xx_HAL_Driver/Src/stm32f4xx_hal_tim.o
                0x08002c5c                HAL_TIM_ConfigClockSource
 .text.HAL_TIM_OC_DelayElapsedCallback
                0x08002dea       0x14 ./Drivers/STM32F4xx_HAL_Driver/Src/stm32f4xx_hal_tim.o
                0x08002dea                HAL_TIM_OC_DelayElapsedCallback
 .text.HAL_TIM_IC_CaptureCallback
                0x08002dfe       0x14 ./Drivers/STM32F4xx_HAL_Driver/Src/stm32f4xx_hal_tim.o
                0x08002dfe                HAL_TIM_IC_CaptureCallback
 .text.HAL_TIM_PWM_PulseFinishedCallback
                0x08002e12       0x14 ./Drivers/STM32F4xx_HAL_Driver/Src/stm32f4xx_hal_tim.o
                0x08002e12                HAL_TIM_PWM_PulseFinishedCallback
 .text.HAL_TIM_TriggerCallback
                0x08002e26       0x14 ./Drivers/STM32F4xx_HAL_Driver/Src/stm32f4xx_hal_tim.o
                0x08002e26                HAL_TIM_TriggerCallback
 *fill*         0x08002e3a        0x2 
 .text.TIM_Base_SetConfig
                0x08002e3c      0x10c ./Drivers/STM32F4xx_HAL_Driver/Src/stm32f4xx_hal_tim.o
                0x08002e3c                TIM_Base_SetConfig
 .text.TIM_OC1_SetConfig
                0x08002f48       0xcc ./Drivers/STM32F4xx_HAL_Driver/Src/stm32f4xx_hal_tim.o
 .text.TIM_OC2_SetConfig
                0x08003014       0xd8 ./Drivers/STM32F4xx_HAL_Driver/Src/stm32f4xx_hal_tim.o
                0x08003014                TIM_OC2_SetConfig
 .text.TIM_OC3_SetConfig
                0x080030ec       0xd4 ./Drivers/STM32F4xx_HAL_Driver/Src/stm32f4xx_hal_tim.o
 .text.TIM_OC4_SetConfig
                0x080031c0       0xa0 ./Drivers/STM32F4xx_HAL_Driver/Src/stm32f4xx_hal_tim.o
 .text.TIM_TI1_ConfigInputStage
                0x08003260       0x5e ./Drivers/STM32F4xx_HAL_Driver/Src/stm32f4xx_hal_tim.o
 .text.TIM_TI2_ConfigInputStage
                0x080032be       0x60 ./Drivers/STM32F4xx_HAL_Driver/Src/stm32f4xx_hal_tim.o
 .text.TIM_ITRx_SetConfig
                0x0800331e       0x36 ./Drivers/STM32F4xx_HAL_Driver/Src/stm32f4xx_hal_tim.o
 .text.TIM_ETR_SetConfig
                0x08003354       0x40 ./Drivers/STM32F4xx_HAL_Driver/Src/stm32f4xx_hal_tim.o
                0x08003354                TIM_ETR_SetConfig
 .text.TIM_CCxChannelCmd
                0x08003394       0x4a ./Drivers/STM32F4xx_HAL_Driver/Src/stm32f4xx_hal_tim.o
                0x08003394                TIM_CCxChannelCmd
 *fill*         0x080033de        0x2 
 .text.HAL_TIMEx_MasterConfigSynchronization
                0x080033e0       0xdc ./Drivers/STM32F4xx_HAL_Driver/Src/stm32f4xx_hal_tim_ex.o
                0x080033e0                HAL_TIMEx_MasterConfigSynchronization
 .text.HAL_TIMEx_CommutCallback
                0x080034bc       0x14 ./Drivers/STM32F4xx_HAL_Driver/Src/stm32f4xx_hal_tim_ex.o
                0x080034bc                HAL_TIMEx_CommutCallback
 .text.HAL_TIMEx_BreakCallback
                0x080034d0       0x14 ./Drivers/STM32F4xx_HAL_Driver/Src/stm32f4xx_hal_tim_ex.o
                0x080034d0                HAL_TIMEx_BreakCallback
 .text.HAL_UART_Init
                0x080034e4       0xa0 ./Drivers/STM32F4xx_HAL_Driver/Src/stm32f4xx_hal_uart.o
                0x080034e4                HAL_UART_Init
 .text.HAL_UART_Receive_IT
                0x08003584       0x4a ./Drivers/STM32F4xx_HAL_Driver/Src/stm32f4xx_hal_uart.o
                0x08003584                HAL_UART_Receive_IT
 *fill*         0x080035ce        0x2 
 .text.HAL_UART_IRQHandler
                0x080035d0      0x554 ./Drivers/STM32F4xx_HAL_Driver/Src/stm32f4xx_hal_uart.o
                0x080035d0                HAL_UART_IRQHandler
 .text.HAL_UART_TxCpltCallback
                0x08003b24       0x14 ./Drivers/STM32F4xx_HAL_Driver/Src/stm32f4xx_hal_uart.o
                0x08003b24                HAL_UART_TxCpltCallback
 .text.HAL_UART_ErrorCallback
                0x08003b38       0x14 ./Drivers/STM32F4xx_HAL_Driver/Src/stm32f4xx_hal_uart.o
                0x08003b38                HAL_UART_ErrorCallback
 .text.HAL_UARTEx_RxEventCallback
                0x08003b4c       0x18 ./Drivers/STM32F4xx_HAL_Driver/Src/stm32f4xx_hal_uart.o
                0x08003b4c                HAL_UARTEx_RxEventCallback
 .text.UART_Start_Receive_IT
                0x08003b64       0x74 ./Drivers/STM32F4xx_HAL_Driver/Src/stm32f4xx_hal_uart.o
                0x08003b64                UART_Start_Receive_IT
 .text.UART_EndRxTransfer
                0x08003bd8       0xc6 ./Drivers/STM32F4xx_HAL_Driver/Src/stm32f4xx_hal_uart.o
 .text.UART_DMAAbortOnError
                0x08003c9e       0x22 ./Drivers/STM32F4xx_HAL_Driver/Src/stm32f4xx_hal_uart.o
 .text.UART_Transmit_IT
                0x08003cc0       0xa0 ./Drivers/STM32F4xx_HAL_Driver/Src/stm32f4xx_hal_uart.o
 .text.UART_EndTransmit_IT
                0x08003d60       0x30 ./Drivers/STM32F4xx_HAL_Driver/Src/stm32f4xx_hal_uart.o
 .text.UART_Receive_IT
                0x08003d90      0x17c ./Drivers/STM32F4xx_HAL_Driver/Src/stm32f4xx_hal_uart.o
 .text.UART_SetConfig
                0x08003f0c      0x4e8 ./Drivers/STM32F4xx_HAL_Driver/Src/stm32f4xx_hal_uart.o
 .text.__NVIC_SetPriority
                0x080043f4       0x54 ./Middlewares/Third_Party/FreeRTOS/Source/CMSIS_RTOS_V2/cmsis_os2.o
 .text.SysTick_Handler
                0x08004448       0x20 ./Middlewares/Third_Party/FreeRTOS/Source/CMSIS_RTOS_V2/cmsis_os2.o
                0x08004448                SysTick_Handler
 .text.SVC_Setup
                0x08004468       0x12 ./Middlewares/Third_Party/FreeRTOS/Source/CMSIS_RTOS_V2/cmsis_os2.o
 *fill*         0x0800447a        0x2 
 .text.osKernelInitialize
                0x0800447c       0x48 ./Middlewares/Third_Party/FreeRTOS/Source/CMSIS_RTOS_V2/cmsis_os2.o
                0x0800447c                osKernelInitialize
 .text.osKernelStart
                0x080044c4       0x4c ./Middlewares/Third_Party/FreeRTOS/Source/CMSIS_RTOS_V2/cmsis_os2.o
                0x080044c4                osKernelStart
 .text.osThreadNew
                0x08004510      0x124 ./Middlewares/Third_Party/FreeRTOS/Source/CMSIS_RTOS_V2/cmsis_os2.o
                0x08004510                osThreadNew
 .text.osMessageQueueNew
                0x08004634       0xe6 ./Middlewares/Third_Party/FreeRTOS/Source/CMSIS_RTOS_V2/cmsis_os2.o
                0x08004634                osMessageQueueNew
 *fill*         0x0800471a        0x2 
 .text.vApplicationGetIdleTaskMemory
                0x0800471c       0x34 ./Middlewares/Third_Party/FreeRTOS/Source/CMSIS_RTOS_V2/cmsis_os2.o
                0x0800471c                vApplicationGetIdleTaskMemory
 .text.vApplicationGetTimerTaskMemory
                0x08004750       0x34 ./Middlewares/Third_Party/FreeRTOS/Source/CMSIS_RTOS_V2/cmsis_os2.o
                0x08004750                vApplicationGetTimerTaskMemory
 .text.vListInitialise
                0x08004784       0x40 ./Middlewares/Third_Party/FreeRTOS/Source/list.o
                0x08004784                vListInitialise
 .text.vListInitialiseItem
                0x080047c4       0x1a ./Middlewares/Third_Party/FreeRTOS/Source/list.o
                0x080047c4                vListInitialiseItem
 .text.vListInsertEnd
                0x080047de       0x48 ./Middlewares/Third_Party/FreeRTOS/Source/list.o
                0x080047de                vListInsertEnd
 .text.vListInsert
                0x08004826       0x72 ./Middlewares/Third_Party/FreeRTOS/Source/list.o
                0x08004826                vListInsert
 .text.uxListRemove
                0x08004898       0x54 ./Middlewares/Third_Party/FreeRTOS/Source/list.o
                0x08004898                uxListRemove
 .text.xQueueGenericReset
                0x080048ec       0xd4 ./Middlewares/Third_Party/FreeRTOS/Source/queue.o
                0x080048ec                xQueueGenericReset
 .text.xQueueGenericCreateStatic
                0x080049c0       0xfa ./Middlewares/Third_Party/FreeRTOS/Source/queue.o
                0x080049c0                xQueueGenericCreateStatic
 .text.xQueueGenericCreate
                0x08004aba       0x76 ./Middlewares/Third_Party/FreeRTOS/Source/queue.o
                0x08004aba                xQueueGenericCreate
 .text.prvInitialiseNewQueue
                0x08004b30       0x46 ./Middlewares/Third_Party/FreeRTOS/Source/queue.o
 *fill*         0x08004b76        0x2 
 .text.xQueueGenericSend
                0x08004b78      0x204 ./Middlewares/Third_Party/FreeRTOS/Source/queue.o
                0x08004b78                xQueueGenericSend
 .text.xQueueGenericSendFromISR
                0x08004d7c      0x13c ./Middlewares/Third_Party/FreeRTOS/Source/queue.o
                0x08004d7c                xQueueGenericSendFromISR
 .text.xQueueReceive
                0x08004eb8      0x1c4 ./Middlewares/Third_Party/FreeRTOS/Source/queue.o
                0x08004eb8                xQueueReceive
 .text.prvCopyDataToQueue
                0x0800507c       0xd4 ./Middlewares/Third_Party/FreeRTOS/Source/queue.o
 .text.prvCopyDataFromQueue
                0x08005150       0x4c ./Middlewares/Third_Party/FreeRTOS/Source/queue.o
 .text.prvUnlockQueue
                0x0800519c       0xa4 ./Middlewares/Third_Party/FreeRTOS/Source/queue.o
 .text.prvIsQueueEmpty
                0x08005240       0x2c ./Middlewares/Third_Party/FreeRTOS/Source/queue.o
 .text.prvIsQueueFull
                0x0800526c       0x30 ./Middlewares/Third_Party/FreeRTOS/Source/queue.o
 .text.vQueueAddToRegistry
                0x0800529c       0x54 ./Middlewares/Third_Party/FreeRTOS/Source/queue.o
                0x0800529c                vQueueAddToRegistry
 .text.vQueueWaitForMessageRestricted
                0x080052f0       0x68 ./Middlewares/Third_Party/FreeRTOS/Source/queue.o
                0x080052f0                vQueueWaitForMessageRestricted
 .text.xTaskCreateStatic
                0x08005358       0xc0 ./Middlewares/Third_Party/FreeRTOS/Source/tasks.o
                0x08005358                xTaskCreateStatic
 .text.xTaskCreate
                0x08005418       0x8a ./Middlewares/Third_Party/FreeRTOS/Source/tasks.o
                0x08005418                xTaskCreate
 *fill*         0x080054a2        0x2 
 .text.prvInitialiseNewTask
                0x080054a4      0x150 ./Middlewares/Third_Party/FreeRTOS/Source/tasks.o
 .text.prvAddNewTaskToReadyList
                0x080055f4       0xe0 ./Middlewares/Third_Party/FreeRTOS/Source/tasks.o
 .text.vTaskDelayUntil
                0x080056d4      0x100 ./Middlewares/Third_Party/FreeRTOS/Source/tasks.o
                0x080056d4                vTaskDelayUntil
 .text.vTaskStartScheduler
                0x080057d4       0xe0 ./Middlewares/Third_Party/FreeRTOS/Source/tasks.o
                0x080057d4                vTaskStartScheduler
 .text.vTaskSuspendAll
                0x080058b4       0x1c ./Middlewares/Third_Party/FreeRTOS/Source/tasks.o
                0x080058b4                vTaskSuspendAll
 .text.xTaskResumeAll
                0x080058d0      0x13c ./Middlewares/Third_Party/FreeRTOS/Source/tasks.o
                0x080058d0                xTaskResumeAll
 .text.xTaskGetTickCount
                0x08005a0c       0x20 ./Middlewares/Third_Party/FreeRTOS/Source/tasks.o
                0x08005a0c                xTaskGetTickCount
 .text.xTaskIncrementTick
                0x08005a2c      0x174 ./Middlewares/Third_Party/FreeRTOS/Source/tasks.o
                0x08005a2c                xTaskIncrementTick
 .text.vTaskSwitchContext
                0x08005ba0       0xcc ./Middlewares/Third_Party/FreeRTOS/Source/tasks.o
                0x08005ba0                vTaskSwitchContext
 .text.vTaskPlaceOnEventList
                0x08005c6c       0x4c ./Middlewares/Third_Party/FreeRTOS/Source/tasks.o
                0x08005c6c                vTaskPlaceOnEventList
 .text.vTaskPlaceOnEventListRestricted
                0x08005cb8       0x58 ./Middlewares/Third_Party/FreeRTOS/Source/tasks.o
                0x08005cb8                vTaskPlaceOnEventListRestricted
 .text.xTaskRemoveFromEventList
                0x08005d10       0xc8 ./Middlewares/Third_Party/FreeRTOS/Source/tasks.o
                0x08005d10                xTaskRemoveFromEventList
 .text.vTaskInternalSetTimeOutState
                0x08005dd8       0x2c ./Middlewares/Third_Party/FreeRTOS/Source/tasks.o
                0x08005dd8                vTaskInternalSetTimeOutState
 .text.xTaskCheckForTimeOut
                0x08005e04       0xc8 ./Middlewares/Third_Party/FreeRTOS/Source/tasks.o
                0x08005e04                xTaskCheckForTimeOut
 .text.vTaskMissedYield
                0x08005ecc       0x18 ./Middlewares/Third_Party/FreeRTOS/Source/tasks.o
                0x08005ecc                vTaskMissedYield
 .text.prvIdleTask
                0x08005ee4       0x30 ./Middlewares/Third_Party/FreeRTOS/Source/tasks.o
 .text.prvInitialiseTaskLists
                0x08005f14       0x80 ./Middlewares/Third_Party/FreeRTOS/Source/tasks.o
 .text.prvCheckTasksWaitingTermination
                0x08005f94       0x5c ./Middlewares/Third_Party/FreeRTOS/Source/tasks.o
 .text.prvDeleteTCB
                0x08005ff0       0x6a ./Middlewares/Third_Party/FreeRTOS/Source/tasks.o
 *fill*         0x0800605a        0x2 
 .text.prvResetNextTaskUnblockTime
                0x0800605c       0x40 ./Middlewares/Third_Party/FreeRTOS/Source/tasks.o
 .text.xTaskGetSchedulerState
                0x0800609c       0x3c ./Middlewares/Third_Party/FreeRTOS/Source/tasks.o
                0x0800609c                xTaskGetSchedulerState
 .text.xTaskPriorityDisinherit
                0x080060d8       0xe0 ./Middlewares/Third_Party/FreeRTOS/Source/tasks.o
                0x080060d8                xTaskPriorityDisinherit
 .text.prvAddCurrentTaskToDelayedList
                0x080061b8       0xa8 ./Middlewares/Third_Party/FreeRTOS/Source/tasks.o
 .text.xTimerCreateTimerTask
                0x08006260       0x94 ./Middlewares/Third_Party/FreeRTOS/Source/timers.o
                0x08006260                xTimerCreateTimerTask
 .text.xTimerGenericCommand
                0x080062f4       0x9c ./Middlewares/Third_Party/FreeRTOS/Source/timers.o
                0x080062f4                xTimerGenericCommand
 .text.prvProcessExpiredTimer
                0x08006390       0x9c ./Middlewares/Third_Party/FreeRTOS/Source/timers.o
 .text.prvTimerTask
                0x0800642c       0x26 ./Middlewares/Third_Party/FreeRTOS/Source/timers.o
 *fill*         0x08006452        0x2 
 .text.prvProcessTimerOrBlockTask
                0x08006454       0x9c ./Middlewares/Third_Party/FreeRTOS/Source/timers.o
 .text.prvGetNextExpireTime
                0x080064f0       0x48 ./Middlewares/Third_Party/FreeRTOS/Source/timers.o
 .text.prvSampleTimeNow
                0x08006538       0x40 ./Middlewares/Third_Party/FreeRTOS/Source/timers.o
 .text.prvInsertTimerInActiveList
                0x08006578       0x84 ./Middlewares/Third_Party/FreeRTOS/Source/timers.o
 .text.prvProcessReceivedCommands
                0x080065fc      0x1cc ./Middlewares/Third_Party/FreeRTOS/Source/timers.o
 .text.prvSwitchTimerLists
                0x080067c8       0xcc ./Middlewares/Third_Party/FreeRTOS/Source/timers.o
 .text.prvCheckForValidListAndQueue
                0x08006894       0x80 ./Middlewares/Third_Party/FreeRTOS/Source/timers.o
 .text.pxPortInitialiseStack
                0x08006914       0x68 ./Middlewares/Third_Party/FreeRTOS/Source/portable/GCC/ARM_CM4F/port.o
                0x08006914                pxPortInitialiseStack
 .text.prvTaskExitError
                0x0800697c       0x5c ./Middlewares/Third_Party/FreeRTOS/Source/portable/GCC/ARM_CM4F/port.o
 *fill*         0x080069d8        0x8 
 .text.SVC_Handler
                0x080069e0       0x28 ./Middlewares/Third_Party/FreeRTOS/Source/portable/GCC/ARM_CM4F/port.o
                0x080069e0                SVC_Handler
 .text.prvPortStartFirstTask
                0x08006a08       0x28 ./Middlewares/Third_Party/FreeRTOS/Source/portable/GCC/ARM_CM4F/port.o
 .text.xPortStartScheduler
                0x08006a30      0x148 ./Middlewares/Third_Party/FreeRTOS/Source/portable/GCC/ARM_CM4F/port.o
                0x08006a30                xPortStartScheduler
 .text.vPortEnterCritical
                0x08006b78       0x64 ./Middlewares/Third_Party/FreeRTOS/Source/portable/GCC/ARM_CM4F/port.o
                0x08006b78                vPortEnterCritical
 .text.vPortExitCritical
                0x08006bdc       0x54 ./Middlewares/Third_Party/FreeRTOS/Source/portable/GCC/ARM_CM4F/port.o
                0x08006bdc                vPortExitCritical
 .text.PendSV_Handler
                0x08006c30       0x68 ./Middlewares/Third_Party/FreeRTOS/Source/portable/GCC/ARM_CM4F/port.o
                0x08006c30                PendSV_Handler
 .text.xPortSysTickHandler
                0x08006c98       0x44 ./Middlewares/Third_Party/FreeRTOS/Source/portable/GCC/ARM_CM4F/port.o
                0x08006c98                xPortSysTickHandler
 .text.vPortSetupTimerInterrupt
                0x08006cdc       0x48 ./Middlewares/Third_Party/FreeRTOS/Source/portable/GCC/ARM_CM4F/port.o
                0x08006cdc                vPortSetupTimerInterrupt
 .text.vPortEnableVFP
                0x08006d24       0x14 ./Middlewares/Third_Party/FreeRTOS/Source/portable/GCC/ARM_CM4F/port.o
 .text.vPortValidateInterruptPriority
                0x08006d38       0x84 ./Middlewares/Third_Party/FreeRTOS/Source/portable/GCC/ARM_CM4F/port.o
                0x08006d38                vPortValidateInterruptPriority
 .text.pvPortMalloc
                0x08006dbc      0x19c ./Middlewares/Third_Party/FreeRTOS/Source/portable/MemMang/heap_4.o
                0x08006dbc                pvPortMalloc
 .text.vPortFree
                0x08006f58       0xc8 ./Middlewares/Third_Party/FreeRTOS/Source/portable/MemMang/heap_4.o
                0x08006f58                vPortFree
 .text.prvHeapInit
                0x08007020       0xc4 ./Middlewares/Third_Party/FreeRTOS/Source/portable/MemMang/heap_4.o
 .text.prvInsertBlockIntoFreeList
                0x080070e4       0xb4 ./Middlewares/Third_Party/FreeRTOS/Source/portable/MemMang/heap_4.o
 .text.ap_init  0x08007198        0xe ./ap/ap.o
                0x08007198                ap_init
 .text.blind_init
                0x080071a6       0x22 ./ap/smart_blind.o
                0x080071a6                blind_init
 .text.blind_process
                0x080071c8       0xb4 ./ap/smart_blind.o
                0x080071c8                blind_process
 .text.servo_motor_init
                0x0800727c       0x32 ./ap/module/servo_motor.o
                0x0800727c                servo_motor_init
 .text.set_servo_motor_cmd
                0x080072ae       0x34 ./ap/module/servo_motor.o
                0x080072ae                set_servo_motor_cmd
 .text.servo_motor_process
                0x080072e2       0x98 ./ap/module/servo_motor.o
                0x080072e2                servo_motor_process
 *fill*         0x0800737a        0x2 
 .text.stopwatch_init
                0x0800737c       0x44 ./ap/module/stopwatch.o
                0x0800737c                stopwatch_init
 .text.stopwatch_start
                0x080073c0       0x18 ./ap/module/stopwatch.o
                0x080073c0                stopwatch_start
 .text.stopwatch_pause
                0x080073d8       0x18 ./ap/module/stopwatch.o
                0x080073d8                stopwatch_pause
 .text.stopwatch_stop
                0x080073f0       0x1c ./ap/module/stopwatch.o
                0x080073f0                stopwatch_stop
 .text.stopwatch_set_cmd
                0x0800740c       0x20 ./ap/module/stopwatch.o
                0x0800740c                stopwatch_set_cmd
 .text.stopwatch_update
                0x0800742c       0x6c ./ap/module/stopwatch.o
                0x0800742c                stopwatch_update
 .text.stopwatch_process
                0x08007498       0x98 ./ap/module/stopwatch.o
                0x08007498                stopwatch_process
 .text.uart_cmd_process
                0x08007530      0x1c0 ./ap/module/uart_cmd.o
                0x08007530                uart_cmd_process
 .text.HAL_GPIO_EXTI_Callback
                0x080076f0       0x30 ./hw/driver/button.o
                0x080076f0                HAL_GPIO_EXTI_Callback
 .text.hw_motor_init
                0x08007720       0x24 ./hw/driver/hw_motor.o
                0x08007720                hw_motor_init
 .text.hw_motor_start
                0x08007744       0x1a ./hw/driver/hw_motor.o
                0x08007744                hw_motor_start
 .text.hw_motor_stop
                0x0800775e       0x1a ./hw/driver/hw_motor.o
                0x0800775e                hw_motor_stop
 .text.angle_to_ccr
                0x08007778       0x34 ./hw/driver/hw_motor.o
 .text.hw_motor_set_angle
                0x080077ac       0x2e ./hw/driver/hw_motor.o
                0x080077ac                hw_motor_set_angle
 *fill*         0x080077da        0x2 
 .text.hw_TIM_start
                0x080077dc       0x2c ./hw/driver/hw_tim.o
                0x080077dc                hw_TIM_start
 .text.hw_TIM_stop
                0x08007808       0x2c ./hw/driver/hw_tim.o
                0x08007808                hw_TIM_stop
 .text.hw_TIM_pwm_start
                0x08007834       0x30 ./hw/driver/hw_tim.o
                0x08007834                hw_TIM_pwm_start
 .text.hw_TIM_pwm_stop
                0x08007864       0x30 ./hw/driver/hw_tim.o
                0x08007864                hw_TIM_pwm_stop
 .text.hw_TIM_pwm_set_ccr
                0x08007894       0x30 ./hw/driver/hw_tim.o
                0x08007894                hw_TIM_pwm_set_ccr
 .text.hw_TIM_PeriodElapsedCallback
                0x080078c4       0x38 ./hw/driver/hw_tim.o
                0x080078c4                hw_TIM_PeriodElapsedCallback
 .text.led_init
                0x080078fc       0x44 ./hw/driver/led.o
                0x080078fc                led_init
 .text.led_toggle
                0x08007940       0x68 ./hw/driver/led.o
                0x08007940                led_toggle
 .text.uart_init
                0x080079a8        0xe ./hw/driver/uart.o
                0x080079a8                uart_init
 *fill*         0x080079b6        0x2 
 .text.uart_rx_ready
                0x080079b8       0x40 ./hw/driver/uart.o
                0x080079b8                uart_rx_ready
 .text.HAL_UART_RxCpltCallback
                0x080079f8       0x60 ./hw/driver/uart.o
                0x080079f8                HAL_UART_RxCpltCallback
 .text.hw_init  0x08007a58       0x1a ./hw/hw.o
                0x08007a58                hw_init
 *fill*         0x08007a72        0x2 
 .text.rtos_init
                0x08007a74       0x88 ./rtos/rtos_task.o
                0x08007a74                rtos_init
 .text.servo_motor_task
                0x08007afc       0x64 ./rtos/servo_motor_task.o
                0x08007afc                servo_motor_task
 .text.smart_blind_task
                0x08007b60       0x50 ./rtos/smart_blind_task.o
                0x08007b60                smart_blind_task
 .text.stopwatch_task
                0x08007bb0       0x48 ./rtos/stopwatch_task.o
                0x08007bb0                stopwatch_task
 .text.uart_cmd_task
                0x08007bf8       0xa8 ./rtos/uart_cmd_task.o
                0x08007bf8                uart_cmd_task
 .text.memset   0x08007ca0       0x10 C:/ST/STM32CubeIDE_1.16.1/STM32CubeIDE/plugins/com.st.stm32cube.ide.mcu.externaltools.gnu-tools-for-stm32.12.3.rel1.win32_1.0.200.202406191623/tools/bin/../lib/gcc/arm-none-eabi/12.3.1/../../../../arm-none-eabi/lib/thumb/v7e-m+fp/hard\libc_nano.a(libc_a-memset.o)
                0x08007ca0                memset
 .text.strncmp  0x08007cb0       0x24 C:/ST/STM32CubeIDE_1.16.1/STM32CubeIDE/plugins/com.st.stm32cube.ide.mcu.externaltools.gnu-tools-for-stm32.12.3.rel1.win32_1.0.200.202406191623/tools/bin/../lib/gcc/arm-none-eabi/12.3.1/../../../../arm-none-eabi/lib/thumb/v7e-m+fp/hard\libc_nano.a(libc_a-strncmp.o)
                0x08007cb0                strncmp
 .text._reclaim_reent
                0x08007cd4       0xac C:/ST/STM32CubeIDE_1.16.1/STM32CubeIDE/plugins/com.st.stm32cube.ide.mcu.externaltools.gnu-tools-for-stm32.12.3.rel1.win32_1.0.200.202406191623/tools/bin/../lib/gcc/arm-none-eabi/12.3.1/../../../../arm-none-eabi/lib/thumb/v7e-m+fp/hard\libc_nano.a(libc_a-reent.o)
                0x08007cd4                _reclaim_reent
 .text.__libc_init_array
                0x08007d80       0x48 C:/ST/STM32CubeIDE_1.16.1/STM32CubeIDE/plugins/com.st.stm32cube.ide.mcu.externaltools.gnu-tools-for-stm32.12.3.rel1.win32_1.0.200.202406191623/tools/bin/../lib/gcc/arm-none-eabi/12.3.1/../../../../arm-none-eabi/lib/thumb/v7e-m+fp/hard\libc_nano.a(libc_a-init.o)
                0x08007d80                __libc_init_array
 .text.__retarget_lock_acquire_recursive
                0x08007dc8        0x2 C:/ST/STM32CubeIDE_1.16.1/STM32CubeIDE/plugins/com.st.stm32cube.ide.mcu.externaltools.gnu-tools-for-stm32.12.3.rel1.win32_1.0.200.202406191623/tools/bin/../lib/gcc/arm-none-eabi/12.3.1/../../../../arm-none-eabi/lib/thumb/v7e-m+fp/hard\libc_nano.a(libc_a-lock.o)
                0x08007dc8                __retarget_lock_acquire_recursive
 .text.__retarget_lock_release_recursive
                0x08007dca        0x2 C:/ST/STM32CubeIDE_1.16.1/STM32CubeIDE/plugins/com.st.stm32cube.ide.mcu.externaltools.gnu-tools-for-stm32.12.3.rel1.win32_1.0.200.202406191623/tools/bin/../lib/gcc/arm-none-eabi/12.3.1/../../../../arm-none-eabi/lib/thumb/v7e-m+fp/hard\libc_nano.a(libc_a-lock.o)
                0x08007dca                __retarget_lock_release_recursive
 .text.memcpy   0x08007dcc       0x1c C:/ST/STM32CubeIDE_1.16.1/STM32CubeIDE/plugins/com.st.stm32cube.ide.mcu.externaltools.gnu-tools-for-stm32.12.3.rel1.win32_1.0.200.202406191623/tools/bin/../lib/gcc/arm-none-eabi/12.3.1/../../../../arm-none-eabi/lib/thumb/v7e-m+fp/hard\libc_nano.a(libc_a-memcpy-stub.o)
                0x08007dcc                memcpy
 .text._free_r  0x08007de8       0x94 C:/ST/STM32CubeIDE_1.16.1/STM32CubeIDE/plugins/com.st.stm32cube.ide.mcu.externaltools.gnu-tools-for-stm32.12.3.rel1.win32_1.0.200.202406191623/tools/bin/../lib/gcc/arm-none-eabi/12.3.1/../../../../arm-none-eabi/lib/thumb/v7e-m+fp/hard\libc_nano.a(libc_a-freer.o)
                0x08007de8                _free_r
 .text.__malloc_lock
                0x08007e7c        0xc C:/ST/STM32CubeIDE_1.16.1/STM32CubeIDE/plugins/com.st.stm32cube.ide.mcu.externaltools.gnu-tools-for-stm32.12.3.rel1.win32_1.0.200.202406191623/tools/bin/../lib/gcc/arm-none-eabi/12.3.1/../../../../arm-none-eabi/lib/thumb/v7e-m+fp/hard\libc_nano.a(libc_a-mlock.o)
                0x08007e7c                __malloc_lock
 .text.__malloc_unlock
                0x08007e88        0xc C:/ST/STM32CubeIDE_1.16.1/STM32CubeIDE/plugins/com.st.stm32cube.ide.mcu.externaltools.gnu-tools-for-stm32.12.3.rel1.win32_1.0.200.202406191623/tools/bin/../lib/gcc/arm-none-eabi/12.3.1/../../../../arm-none-eabi/lib/thumb/v7e-m+fp/hard\libc_nano.a(libc_a-mlock.o)
                0x08007e88                __malloc_unlock
 *(.glue_7)
 .glue_7        0x08007e94        0x0 linker stubs
 *(.glue_7t)
 .glue_7t       0x08007e94        0x0 linker stubs
 *(.eh_frame)
 .eh_frame      0x08007e94        0x0 C:/ST/STM32CubeIDE_1.16.1/STM32CubeIDE/plugins/com.st.stm32cube.ide.mcu.externaltools.gnu-tools-for-stm32.12.3.rel1.win32_1.0.200.202406191623/tools/bin/../lib/gcc/arm-none-eabi/12.3.1/thumb/v7e-m+fp/hard/crtbegin.o
 *(.init)
 .init          0x08007e94        0x4 C:/ST/STM32CubeIDE_1.16.1/STM32CubeIDE/plugins/com.st.stm32cube.ide.mcu.externaltools.gnu-tools-for-stm32.12.3.rel1.win32_1.0.200.202406191623/tools/bin/../lib/gcc/arm-none-eabi/12.3.1/thumb/v7e-m+fp/hard/crti.o
                0x08007e94                _init
 .init          0x08007e98        0x8 C:/ST/STM32CubeIDE_1.16.1/STM32CubeIDE/plugins/com.st.stm32cube.ide.mcu.externaltools.gnu-tools-for-stm32.12.3.rel1.win32_1.0.200.202406191623/tools/bin/../lib/gcc/arm-none-eabi/12.3.1/thumb/v7e-m+fp/hard/crtn.o
 *(.fini)
 .fini          0x08007ea0        0x4 C:/ST/STM32CubeIDE_1.16.1/STM32CubeIDE/plugins/com.st.stm32cube.ide.mcu.externaltools.gnu-tools-for-stm32.12.3.rel1.win32_1.0.200.202406191623/tools/bin/../lib/gcc/arm-none-eabi/12.3.1/thumb/v7e-m+fp/hard/crti.o
                0x08007ea0                _fini
 .fini          0x08007ea4        0x8 C:/ST/STM32CubeIDE_1.16.1/STM32CubeIDE/plugins/com.st.stm32cube.ide.mcu.externaltools.gnu-tools-for-stm32.12.3.rel1.win32_1.0.200.202406191623/tools/bin/../lib/gcc/arm-none-eabi/12.3.1/thumb/v7e-m+fp/hard/crtn.o
                0x08007eac                        . = ALIGN (0x4)
                0x08007eac                        _etext = .

.vfp11_veneer   0x08007eac        0x0
 .vfp11_veneer  0x08007eac        0x0 linker stubs

.v4_bx          0x08007eac        0x0
 .v4_bx         0x08007eac        0x0 linker stubs

.iplt           0x08007eac        0x0
 .iplt          0x08007eac        0x0 C:/ST/STM32CubeIDE_1.16.1/STM32CubeIDE/plugins/com.st.stm32cube.ide.mcu.externaltools.gnu-tools-for-stm32.12.3.rel1.win32_1.0.200.202406191623/tools/bin/../lib/gcc/arm-none-eabi/12.3.1/thumb/v7e-m+fp/hard/crtbegin.o

.rodata         0x08007eac      0x178
                0x08007eac                        . = ALIGN (0x4)
 *(.rodata)
 .rodata        0x08007eac       0x3a ./Core/Src/freertos.o
 *fill*         0x08007ee6        0x2 
 .rodata        0x08007ee8        0x5 ./Middlewares/Third_Party/FreeRTOS/Source/tasks.o
 *fill*         0x08007eed        0x3 
 .rodata        0x08007ef0        0xd ./Middlewares/Third_Party/FreeRTOS/Source/timers.o
 *fill*         0x08007efd        0x3 
 .rodata        0x08007f00       0x63 ./ap/module/uart_cmd.o
 *(.rodata*)
 *fill*         0x08007f63        0x1 
 .rodata.defaultTask_attributes
                0x08007f64       0x24 ./Core/Src/freertos.o
                0x08007f64                defaultTask_attributes
 .rodata.myTask02_attributes
                0x08007f88       0x24 ./Core/Src/freertos.o
                0x08007f88                myTask02_attributes
 .rodata.myTask03_attributes
                0x08007fac       0x24 ./Core/Src/freertos.o
                0x08007fac                myTask03_attributes
 .rodata.myTask04_attributes
                0x08007fd0       0x24 ./Core/Src/freertos.o
                0x08007fd0                myTask04_attributes
 .rodata.myQueue01_attributes
                0x08007ff4       0x18 ./Core/Src/freertos.o
                0x08007ff4                myQueue01_attributes
 .rodata.AHBPrescTable
                0x0800800c       0x10 ./Core/Src/system_stm32f4xx.o
                0x0800800c                AHBPrescTable
 .rodata.APBPrescTable
                0x0800801c        0x8 ./Core/Src/system_stm32f4xx.o
                0x0800801c                APBPrescTable
                0x08008024                        . = ALIGN (0x4)

.ARM.extab      0x08008024        0x0
                0x08008024                        . = ALIGN (0x4)
 *(.ARM.extab* .gnu.linkonce.armextab.*)
                0x08008024                        . = ALIGN (0x4)

.ARM            0x08008024        0x8
                0x08008024                        . = ALIGN (0x4)
                0x08008024                        __exidx_start = .
 *(.ARM.exidx*)
 .ARM.exidx     0x08008024        0x8 C:/ST/STM32CubeIDE_1.16.1/STM32CubeIDE/plugins/com.st.stm32cube.ide.mcu.externaltools.gnu-tools-for-stm32.12.3.rel1.win32_1.0.200.202406191623/tools/bin/../lib/gcc/arm-none-eabi/12.3.1/../../../../arm-none-eabi/lib/thumb/v7e-m+fp/hard\libc_nano.a(libc_a-strcmp.o)
 .ARM.exidx     0x0800802c        0x0 C:/ST/STM32CubeIDE_1.16.1/STM32CubeIDE/plugins/com.st.stm32cube.ide.mcu.externaltools.gnu-tools-for-stm32.12.3.rel1.win32_1.0.200.202406191623/tools/bin/../lib/gcc/arm-none-eabi/12.3.1/thumb/v7e-m+fp/hard\libgcc.a(_udivmoddi4.o)
                                  0x8 (size before relaxing)
                0x0800802c                        __exidx_end = .
                0x0800802c                        . = ALIGN (0x4)

.preinit_array  0x0800802c        0x0
                0x0800802c                        . = ALIGN (0x4)
                0x0800802c                        PROVIDE (__preinit_array_start = .)
 *(.preinit_array*)
                0x0800802c                        PROVIDE (__preinit_array_end = .)
                0x0800802c                        . = ALIGN (0x4)

.init_array     0x0800802c        0x4
                0x0800802c                        . = ALIGN (0x4)
                0x0800802c                        PROVIDE (__init_array_start = .)
 *(SORT_BY_NAME(.init_array.*))
 *(.init_array*)
 .init_array    0x0800802c        0x4 C:/ST/STM32CubeIDE_1.16.1/STM32CubeIDE/plugins/com.st.stm32cube.ide.mcu.externaltools.gnu-tools-for-stm32.12.3.rel1.win32_1.0.200.202406191623/tools/bin/../lib/gcc/arm-none-eabi/12.3.1/thumb/v7e-m+fp/hard/crtbegin.o
                0x08008030                        PROVIDE (__init_array_end = .)
                0x08008030                        . = ALIGN (0x4)

.fini_array     0x08008030        0x4
                0x08008030                        . = ALIGN (0x4)
                [!provide]                        PROVIDE (__fini_array_start = .)
 *(SORT_BY_NAME(.fini_array.*))
 *(.fini_array*)
 .fini_array    0x08008030        0x4 C:/ST/STM32CubeIDE_1.16.1/STM32CubeIDE/plugins/com.st.stm32cube.ide.mcu.externaltools.gnu-tools-for-stm32.12.3.rel1.win32_1.0.200.202406191623/tools/bin/../lib/gcc/arm-none-eabi/12.3.1/thumb/v7e-m+fp/hard/crtbegin.o
                [!provide]                        PROVIDE (__fini_array_end = .)
                0x08008034                        . = ALIGN (0x4)
                0x08008034                        _sidata = LOADADDR (.data)

.rel.dyn        0x08008034        0x0
 .rel.iplt      0x08008034        0x0 C:/ST/STM32CubeIDE_1.16.1/STM32CubeIDE/plugins/com.st.stm32cube.ide.mcu.externaltools.gnu-tools-for-stm32.12.3.rel1.win32_1.0.200.202406191623/tools/bin/../lib/gcc/arm-none-eabi/12.3.1/thumb/v7e-m+fp/hard/crtbegin.o

.data           0x20000000       0x78 load address 0x08008034
                0x20000000                        . = ALIGN (0x4)
                0x20000000                        _sdata = .
 *(.data)
 *(.data*)
 .data.SystemCoreClock
                0x20000000        0x4 ./Core/Src/system_stm32f4xx.o
                0x20000000                SystemCoreClock
 .data.uwTickPrio
                0x20000004        0x4 ./Drivers/STM32F4xx_HAL_Driver/Src/stm32f4xx_hal.o
                0x20000004                uwTickPrio
 .data.uwTickFreq
                0x20000008        0x1 ./Drivers/STM32F4xx_HAL_Driver/Src/stm32f4xx_hal.o
                0x20000008                uwTickFreq
 *fill*         0x20000009        0x3 
 .data.uxCriticalNesting
                0x2000000c        0x4 ./Middlewares/Third_Party/FreeRTOS/Source/portable/GCC/ARM_CM4F/port.o
 .data.inputs   0x20000010        0x2 ./hw/driver/button.o
 *fill*         0x20000012        0x2 
 .data.TIM_ch   0x20000014        0x8 ./hw/driver/hw_tim.o
 .data.led_tdl  0x2000001c        0x8 ./hw/driver/led.o
 .data.uart_tbl
                0x20000024        0x4 ./hw/driver/uart.o
 .data._impure_ptr
                0x20000028        0x4 C:/ST/STM32CubeIDE_1.16.1/STM32CubeIDE/plugins/com.st.stm32cube.ide.mcu.externaltools.gnu-tools-for-stm32.12.3.rel1.win32_1.0.200.202406191623/tools/bin/../lib/gcc/arm-none-eabi/12.3.1/../../../../arm-none-eabi/lib/thumb/v7e-m+fp/hard\libc_nano.a(libc_a-impure.o)
                0x20000028                _impure_ptr
 .data._impure_data
                0x2000002c       0x4c C:/ST/STM32CubeIDE_1.16.1/STM32CubeIDE/plugins/com.st.stm32cube.ide.mcu.externaltools.gnu-tools-for-stm32.12.3.rel1.win32_1.0.200.202406191623/tools/bin/../lib/gcc/arm-none-eabi/12.3.1/../../../../arm-none-eabi/lib/thumb/v7e-m+fp/hard\libc_nano.a(libc_a-impure.o)
                0x2000002c                _impure_data
 *(.RamFunc)
 *(.RamFunc*)
                0x20000078                        . = ALIGN (0x4)
                0x20000078                        _edata = .

.igot.plt       0x20000078        0x0 load address 0x080080ac
 .igot.plt      0x20000078        0x0 C:/ST/STM32CubeIDE_1.16.1/STM32CubeIDE/plugins/com.st.stm32cube.ide.mcu.externaltools.gnu-tools-for-stm32.12.3.rel1.win32_1.0.200.202406191623/tools/bin/../lib/gcc/arm-none-eabi/12.3.1/thumb/v7e-m+fp/hard/crtbegin.o
                0x20000078                        . = ALIGN (0x4)

.bss            0x20000078     0x4d00 load address 0x080080ac
                0x20000078                        _sbss = .
                0x20000078                        __bss_start__ = _sbss
 *(.bss)
 .bss           0x20000078       0x1c C:/ST/STM32CubeIDE_1.16.1/STM32CubeIDE/plugins/com.st.stm32cube.ide.mcu.externaltools.gnu-tools-for-stm32.12.3.rel1.win32_1.0.200.202406191623/tools/bin/../lib/gcc/arm-none-eabi/12.3.1/thumb/v7e-m+fp/hard/crtbegin.o
 *(.bss*)
 .bss.hadc1     0x20000094       0x48 ./Core/Src/adc.o
                0x20000094                hadc1
 .bss.defaultTaskHandle
                0x200000dc        0x4 ./Core/Src/freertos.o
                0x200000dc                defaultTaskHandle
 .bss.myTask02Handle
                0x200000e0        0x4 ./Core/Src/freertos.o
                0x200000e0                myTask02Handle
 .bss.myTask03Handle
                0x200000e4        0x4 ./Core/Src/freertos.o
                0x200000e4                myTask03Handle
 .bss.myTask04Handle
                0x200000e8        0x4 ./Core/Src/freertos.o
                0x200000e8                myTask04Handle
 .bss.myQueue01Handle
                0x200000ec        0x4 ./Core/Src/freertos.o
                0x200000ec                myQueue01Handle
 .bss.htim11    0x200000f0       0x48 ./Core/Src/stm32f4xx_hal_timebase_tim.o
                0x200000f0                htim11
 .bss.htim2     0x20000138       0x48 ./Core/Src/tim.o
                0x20000138                htim2
 .bss.htim3     0x20000180       0x48 ./Core/Src/tim.o
                0x20000180                htim3
 .bss.huart2    0x200001c8       0x48 ./Core/Src/usart.o
                0x200001c8                huart2
 .bss.uwTick    0x20000210        0x4 ./Drivers/STM32F4xx_HAL_Driver/Src/stm32f4xx_hal.o
                0x20000210                uwTick
 .bss.KernelState
                0x20000214        0x4 ./Middlewares/Third_Party/FreeRTOS/Source/CMSIS_RTOS_V2/cmsis_os2.o
 .bss.Idle_TCB.3
                0x20000218       0xa8 ./Middlewares/Third_Party/FreeRTOS/Source/CMSIS_RTOS_V2/cmsis_os2.o
 .bss.Idle_Stack.2
                0x200002c0      0x200 ./Middlewares/Third_Party/FreeRTOS/Source/CMSIS_RTOS_V2/cmsis_os2.o
 .bss.Timer_TCB.1
                0x200004c0       0xa8 ./Middlewares/Third_Party/FreeRTOS/Source/CMSIS_RTOS_V2/cmsis_os2.o
 .bss.Timer_Stack.0
                0x20000568      0x400 ./Middlewares/Third_Party/FreeRTOS/Source/CMSIS_RTOS_V2/cmsis_os2.o
 .bss.xQueueRegistry
                0x20000968       0x40 ./Middlewares/Third_Party/FreeRTOS/Source/queue.o
                0x20000968                xQueueRegistry
 .bss.pxCurrentTCB
                0x200009a8        0x4 ./Middlewares/Third_Party/FreeRTOS/Source/tasks.o
                0x200009a8                pxCurrentTCB
 .bss.pxReadyTasksLists
                0x200009ac      0x460 ./Middlewares/Third_Party/FreeRTOS/Source/tasks.o
 .bss.xDelayedTaskList1
                0x20000e0c       0x14 ./Middlewares/Third_Party/FreeRTOS/Source/tasks.o
 .bss.xDelayedTaskList2
                0x20000e20       0x14 ./Middlewares/Third_Party/FreeRTOS/Source/tasks.o
 .bss.pxDelayedTaskList
                0x20000e34        0x4 ./Middlewares/Third_Party/FreeRTOS/Source/tasks.o
 .bss.pxOverflowDelayedTaskList
                0x20000e38        0x4 ./Middlewares/Third_Party/FreeRTOS/Source/tasks.o
 .bss.xPendingReadyList
                0x20000e3c       0x14 ./Middlewares/Third_Party/FreeRTOS/Source/tasks.o
 .bss.xTasksWaitingTermination
                0x20000e50       0x14 ./Middlewares/Third_Party/FreeRTOS/Source/tasks.o
 .bss.uxDeletedTasksWaitingCleanUp
                0x20000e64        0x4 ./Middlewares/Third_Party/FreeRTOS/Source/tasks.o
 .bss.xSuspendedTaskList
                0x20000e68       0x14 ./Middlewares/Third_Party/FreeRTOS/Source/tasks.o
 .bss.uxCurrentNumberOfTasks
                0x20000e7c        0x4 ./Middlewares/Third_Party/FreeRTOS/Source/tasks.o
 .bss.xTickCount
                0x20000e80        0x4 ./Middlewares/Third_Party/FreeRTOS/Source/tasks.o
 .bss.uxTopReadyPriority
                0x20000e84        0x4 ./Middlewares/Third_Party/FreeRTOS/Source/tasks.o
 .bss.xSchedulerRunning
                0x20000e88        0x4 ./Middlewares/Third_Party/FreeRTOS/Source/tasks.o
 .bss.xPendedTicks
                0x20000e8c        0x4 ./Middlewares/Third_Party/FreeRTOS/Source/tasks.o
 .bss.xYieldPending
                0x20000e90        0x4 ./Middlewares/Third_Party/FreeRTOS/Source/tasks.o
 .bss.xNumOfOverflows
                0x20000e94        0x4 ./Middlewares/Third_Party/FreeRTOS/Source/tasks.o
 .bss.uxTaskNumber
                0x20000e98        0x4 ./Middlewares/Third_Party/FreeRTOS/Source/tasks.o
 .bss.xNextTaskUnblockTime
                0x20000e9c        0x4 ./Middlewares/Third_Party/FreeRTOS/Source/tasks.o
 .bss.xIdleTaskHandle
                0x20000ea0        0x4 ./Middlewares/Third_Party/FreeRTOS/Source/tasks.o
 .bss.uxSchedulerSuspended
                0x20000ea4        0x4 ./Middlewares/Third_Party/FreeRTOS/Source/tasks.o
 .bss.xActiveTimerList1
                0x20000ea8       0x14 ./Middlewares/Third_Party/FreeRTOS/Source/timers.o
 .bss.xActiveTimerList2
                0x20000ebc       0x14 ./Middlewares/Third_Party/FreeRTOS/Source/timers.o
 .bss.pxCurrentTimerList
                0x20000ed0        0x4 ./Middlewares/Third_Party/FreeRTOS/Source/timers.o
 .bss.pxOverflowTimerList
                0x20000ed4        0x4 ./Middlewares/Third_Party/FreeRTOS/Source/timers.o
 .bss.xTimerQueue
                0x20000ed8        0x4 ./Middlewares/Third_Party/FreeRTOS/Source/timers.o
 .bss.xTimerTaskHandle
                0x20000edc        0x4 ./Middlewares/Third_Party/FreeRTOS/Source/timers.o
 .bss.xLastTime.2
                0x20000ee0        0x4 ./Middlewares/Third_Party/FreeRTOS/Source/timers.o
 .bss.ucStaticTimerQueueStorage.1
                0x20000ee4       0xa0 ./Middlewares/Third_Party/FreeRTOS/Source/timers.o
 .bss.xStaticTimerQueue.0
                0x20000f84       0x50 ./Middlewares/Third_Party/FreeRTOS/Source/timers.o
 .bss.ucMaxSysCallPriority
                0x20000fd4        0x1 ./Middlewares/Third_Party/FreeRTOS/Source/portable/GCC/ARM_CM4F/port.o
 *fill*         0x20000fd5        0x3 
 .bss.ulMaxPRIGROUPValue
                0x20000fd8        0x4 ./Middlewares/Third_Party/FreeRTOS/Source/portable/GCC/ARM_CM4F/port.o
 .bss.ucHeap    0x20000fdc     0x3c00 ./Middlewares/Third_Party/FreeRTOS/Source/portable/MemMang/heap_4.o
 .bss.xStart    0x20004bdc        0x8 ./Middlewares/Third_Party/FreeRTOS/Source/portable/MemMang/heap_4.o
 .bss.pxEnd     0x20004be4        0x4 ./Middlewares/Third_Party/FreeRTOS/Source/portable/MemMang/heap_4.o
 .bss.xFreeBytesRemaining
                0x20004be8        0x4 ./Middlewares/Third_Party/FreeRTOS/Source/portable/MemMang/heap_4.o
 .bss.xMinimumEverFreeBytesRemaining
                0x20004bec        0x4 ./Middlewares/Third_Party/FreeRTOS/Source/portable/MemMang/heap_4.o
 .bss.xNumberOfSuccessfulAllocations
                0x20004bf0        0x4 ./Middlewares/Third_Party/FreeRTOS/Source/portable/MemMang/heap_4.o
 .bss.xNumberOfSuccessfulFrees
                0x20004bf4        0x4 ./Middlewares/Third_Party/FreeRTOS/Source/portable/MemMang/heap_4.o
 .bss.xBlockAllocatedBit
                0x20004bf8        0x4 ./Middlewares/Third_Party/FreeRTOS/Source/portable/MemMang/heap_4.o
 .bss.sw        0x20004bfc        0x5 ./ap/module/stopwatch.o
                0x20004bfc                sw
 .bss.sw_cmd    0x20004c01        0x1 ./ap/module/stopwatch.o
 .bss.cmd_idx.1
                0x20004c02        0x1 ./ap/module/uart_cmd.o
 *fill*         0x20004c03        0x1 
 .bss.cmd_buf.0
                0x20004c04       0x1e ./ap/module/uart_cmd.o
 .bss.bt0_pressed_falg
                0x20004c22        0x1 ./hw/driver/button.o
 .bss.ten_ms_flag
                0x20004c23        0x1 ./hw/driver/hw_tim.o
                0x20004c23                ten_ms_flag
 .bss.rx_state  0x20004c24        0x1 ./hw/driver/uart.o
 .bss.rx_1byte  0x20004c25        0x1 ./hw/driver/uart.o
 *fill*         0x20004c26        0x2 
 .bss.UartRxQueueHandle
                0x20004c28        0x4 ./rtos/rtos_task.o
                0x20004c28                UartRxQueueHandle
 .bss.SW_Cmd_QueueHandle
                0x20004c2c        0x4 ./rtos/rtos_task.o
                0x20004c2c                SW_Cmd_QueueHandle
 .bss.Servo_Cmd_QueueHandle
                0x20004c30        0x4 ./rtos/rtos_task.o
                0x20004c30                Servo_Cmd_QueueHandle
 .bss.SmartBlind_Cmd_QueueHandle
                0x20004c34        0x4 ./rtos/rtos_task.o
                0x20004c34                SmartBlind_Cmd_QueueHandle
 .bss.__sf      0x20004c38      0x138 C:/ST/STM32CubeIDE_1.16.1/STM32CubeIDE/plugins/com.st.stm32cube.ide.mcu.externaltools.gnu-tools-for-stm32.12.3.rel1.win32_1.0.200.202406191623/tools/bin/../lib/gcc/arm-none-eabi/12.3.1/../../../../arm-none-eabi/lib/thumb/v7e-m+fp/hard\libc_nano.a(libc_a-findfp.o)
                0x20004c38                __sf
 .bss.__lock___malloc_recursive_mutex
                0x20004d70        0x1 C:/ST/STM32CubeIDE_1.16.1/STM32CubeIDE/plugins/com.st.stm32cube.ide.mcu.externaltools.gnu-tools-for-stm32.12.3.rel1.win32_1.0.200.202406191623/tools/bin/../lib/gcc/arm-none-eabi/12.3.1/../../../../arm-none-eabi/lib/thumb/v7e-m+fp/hard\libc_nano.a(libc_a-lock.o)
                0x20004d70                __lock___malloc_recursive_mutex
 *fill*         0x20004d71        0x3 
 .bss.__malloc_free_list
                0x20004d74        0x4 C:/ST/STM32CubeIDE_1.16.1/STM32CubeIDE/plugins/com.st.stm32cube.ide.mcu.externaltools.gnu-tools-for-stm32.12.3.rel1.win32_1.0.200.202406191623/tools/bin/../lib/gcc/arm-none-eabi/12.3.1/../../../../arm-none-eabi/lib/thumb/v7e-m+fp/hard\libc_nano.a(libc_a-mallocr.o)
                0x20004d74                __malloc_free_list
 *(COMMON)
                0x20004d78                        . = ALIGN (0x4)
                0x20004d78                        _ebss = .
                0x20004d78                        __bss_end__ = _ebss

._user_heap_stack
                0x20004d78      0x600 load address 0x080080ac
                0x20004d78                        . = ALIGN (0x8)
                [!provide]                        PROVIDE (end = .)
                0x20004d78                        PROVIDE (_end = .)
                0x20004f78                        . = (. + _Min_Heap_Size)
 *fill*         0x20004d78      0x200 
                0x20005378                        . = (. + _Min_Stack_Size)
 *fill*         0x20004f78      0x400 
                0x20005378                        . = ALIGN (0x8)

/DISCARD/
 libc.a(*)
 libm.a(*)
 libgcc.a(*)

.ARM.attributes
                0x00000000       0x30
 *(.ARM.attributes)
 .ARM.attributes
                0x00000000       0x22 C:/ST/STM32CubeIDE_1.16.1/STM32CubeIDE/plugins/com.st.stm32cube.ide.mcu.externaltools.gnu-tools-for-stm32.12.3.rel1.win32_1.0.200.202406191623/tools/bin/../lib/gcc/arm-none-eabi/12.3.1/thumb/v7e-m+fp/hard/crti.o
 .ARM.attributes
                0x00000022       0x34 C:/ST/STM32CubeIDE_1.16.1/STM32CubeIDE/plugins/com.st.stm32cube.ide.mcu.externaltools.gnu-tools-for-stm32.12.3.rel1.win32_1.0.200.202406191623/tools/bin/../lib/gcc/arm-none-eabi/12.3.1/thumb/v7e-m+fp/hard/crtbegin.o
 .ARM.attributes
                0x00000056       0x34 ./Core/Src/adc.o
 .ARM.attributes
                0x0000008a       0x34 ./Core/Src/freertos.o
 .ARM.attributes
                0x000000be       0x34 ./Core/Src/gpio.o
 .ARM.attributes
                0x000000f2       0x34 ./Core/Src/main.o
 .ARM.attributes
                0x00000126       0x34 ./Core/Src/stm32f4xx_hal_msp.o
 .ARM.attributes
                0x0000015a       0x34 ./Core/Src/stm32f4xx_hal_timebase_tim.o
 .ARM.attributes
                0x0000018e       0x34 ./Core/Src/stm32f4xx_it.o
 .ARM.attributes
                0x000001c2       0x34 ./Core/Src/system_stm32f4xx.o
 .ARM.attributes
                0x000001f6       0x34 ./Core/Src/tim.o
 .ARM.attributes
                0x0000022a       0x34 ./Core/Src/usart.o
 .ARM.attributes
                0x0000025e       0x21 ./Core/Startup/startup_stm32f411retx.o
 .ARM.attributes
                0x0000027f       0x34 ./Drivers/STM32F4xx_HAL_Driver/Src/stm32f4xx_hal.o
 .ARM.attributes
                0x000002b3       0x34 ./Drivers/STM32F4xx_HAL_Driver/Src/stm32f4xx_hal_adc.o
 .ARM.attributes
                0x000002e7       0x34 ./Drivers/STM32F4xx_HAL_Driver/Src/stm32f4xx_hal_cortex.o
 .ARM.attributes
                0x0000031b       0x34 ./Drivers/STM32F4xx_HAL_Driver/Src/stm32f4xx_hal_dma.o
 .ARM.attributes
                0x0000034f       0x34 ./Drivers/STM32F4xx_HAL_Driver/Src/stm32f4xx_hal_gpio.o
 .ARM.attributes
                0x00000383       0x34 ./Drivers/STM32F4xx_HAL_Driver/Src/stm32f4xx_hal_rcc.o
 .ARM.attributes
                0x000003b7       0x34 ./Drivers/STM32F4xx_HAL_Driver/Src/stm32f4xx_hal_tim.o
 .ARM.attributes
                0x000003eb       0x34 ./Drivers/STM32F4xx_HAL_Driver/Src/stm32f4xx_hal_tim_ex.o
 .ARM.attributes
                0x0000041f       0x34 ./Drivers/STM32F4xx_HAL_Driver/Src/stm32f4xx_hal_uart.o
 .ARM.attributes
                0x00000453       0x34 ./Middlewares/Third_Party/FreeRTOS/Source/CMSIS_RTOS_V2/cmsis_os2.o
 .ARM.attributes
                0x00000487       0x34 ./Middlewares/Third_Party/FreeRTOS/Source/list.o
 .ARM.attributes
                0x000004bb       0x34 ./Middlewares/Third_Party/FreeRTOS/Source/queue.o
 .ARM.attributes
                0x000004ef       0x34 ./Middlewares/Third_Party/FreeRTOS/Source/tasks.o
 .ARM.attributes
                0x00000523       0x34 ./Middlewares/Third_Party/FreeRTOS/Source/timers.o
 .ARM.attributes
                0x00000557       0x34 ./Middlewares/Third_Party/FreeRTOS/Source/portable/GCC/ARM_CM4F/port.o
 .ARM.attributes
                0x0000058b       0x34 ./Middlewares/Third_Party/FreeRTOS/Source/portable/MemMang/heap_4.o
 .ARM.attributes
                0x000005bf       0x34 ./ap/ap.o
 .ARM.attributes
                0x000005f3       0x34 ./ap/smart_blind.o
 .ARM.attributes
                0x00000627       0x34 ./ap/module/servo_motor.o
 .ARM.attributes
                0x0000065b       0x34 ./ap/module/stopwatch.o
 .ARM.attributes
                0x0000068f       0x34 ./ap/module/uart_cmd.o
 .ARM.attributes
                0x000006c3       0x34 ./hw/driver/button.o
 .ARM.attributes
                0x000006f7       0x34 ./hw/driver/hw_motor.o
 .ARM.attributes
                0x0000072b       0x34 ./hw/driver/hw_tim.o
 .ARM.attributes
                0x0000075f       0x34 ./hw/driver/led.o
 .ARM.attributes
                0x00000793       0x34 ./hw/driver/uart.o
 .ARM.attributes
                0x000007c7       0x34 ./hw/hw.o
 .ARM.attributes
                0x000007fb       0x34 ./rtos/rtos_task.o
 .ARM.attributes
                0x0000082f       0x34 ./rtos/servo_motor_task.o
 .ARM.attributes
                0x00000863       0x34 ./rtos/smart_blind_task.o
 .ARM.attributes
                0x00000897       0x34 ./rtos/stopwatch_task.o
 .ARM.attributes
                0x000008cb       0x34 ./rtos/uart_cmd_task.o
 .ARM.attributes
                0x000008ff       0x34 C:/ST/STM32CubeIDE_1.16.1/STM32CubeIDE/plugins/com.st.stm32cube.ide.mcu.externaltools.gnu-tools-for-stm32.12.3.rel1.win32_1.0.200.202406191623/tools/bin/../lib/gcc/arm-none-eabi/12.3.1/../../../../arm-none-eabi/lib/thumb/v7e-m+fp/hard\libc_nano.a(libc_a-findfp.o)
 .ARM.attributes
                0x00000933       0x34 C:/ST/STM32CubeIDE_1.16.1/STM32CubeIDE/plugins/com.st.stm32cube.ide.mcu.externaltools.gnu-tools-for-stm32.12.3.rel1.win32_1.0.200.202406191623/tools/bin/../lib/gcc/arm-none-eabi/12.3.1/../../../../arm-none-eabi/lib/thumb/v7e-m+fp/hard\libc_nano.a(libc_a-memset.o)
 .ARM.attributes
                0x00000967       0x34 C:/ST/STM32CubeIDE_1.16.1/STM32CubeIDE/plugins/com.st.stm32cube.ide.mcu.externaltools.gnu-tools-for-stm32.12.3.rel1.win32_1.0.200.202406191623/tools/bin/../lib/gcc/arm-none-eabi/12.3.1/../../../../arm-none-eabi/lib/thumb/v7e-m+fp/hard\libc_nano.a(libc_a-strncmp.o)
 .ARM.attributes
                0x0000099b       0x34 C:/ST/STM32CubeIDE_1.16.1/STM32CubeIDE/plugins/com.st.stm32cube.ide.mcu.externaltools.gnu-tools-for-stm32.12.3.rel1.win32_1.0.200.202406191623/tools/bin/../lib/gcc/arm-none-eabi/12.3.1/../../../../arm-none-eabi/lib/thumb/v7e-m+fp/hard\libc_nano.a(libc_a-reent.o)
 .ARM.attributes
                0x000009cf       0x34 C:/ST/STM32CubeIDE_1.16.1/STM32CubeIDE/plugins/com.st.stm32cube.ide.mcu.externaltools.gnu-tools-for-stm32.12.3.rel1.win32_1.0.200.202406191623/tools/bin/../lib/gcc/arm-none-eabi/12.3.1/../../../../arm-none-eabi/lib/thumb/v7e-m+fp/hard\libc_nano.a(libc_a-impure.o)
 .ARM.attributes
                0x00000a03       0x34 C:/ST/STM32CubeIDE_1.16.1/STM32CubeIDE/plugins/com.st.stm32cube.ide.mcu.externaltools.gnu-tools-for-stm32.12.3.rel1.win32_1.0.200.202406191623/tools/bin/../lib/gcc/arm-none-eabi/12.3.1/../../../../arm-none-eabi/lib/thumb/v7e-m+fp/hard\libc_nano.a(libc_a-init.o)
 .ARM.attributes
                0x00000a37       0x34 C:/ST/STM32CubeIDE_1.16.1/STM32CubeIDE/plugins/com.st.stm32cube.ide.mcu.externaltools.gnu-tools-for-stm32.12.3.rel1.win32_1.0.200.202406191623/tools/bin/../lib/gcc/arm-none-eabi/12.3.1/../../../../arm-none-eabi/lib/thumb/v7e-m+fp/hard\libc_nano.a(libc_a-lock.o)
 .ARM.attributes
                0x00000a6b       0x20 C:/ST/STM32CubeIDE_1.16.1/STM32CubeIDE/plugins/com.st.stm32cube.ide.mcu.externaltools.gnu-tools-for-stm32.12.3.rel1.win32_1.0.200.202406191623/tools/bin/../lib/gcc/arm-none-eabi/12.3.1/../../../../arm-none-eabi/lib/thumb/v7e-m+fp/hard\libc_nano.a(libc_a-strcmp.o)
 .ARM.attributes
                0x00000a8b       0x34 C:/ST/STM32CubeIDE_1.16.1/STM32CubeIDE/plugins/com.st.stm32cube.ide.mcu.externaltools.gnu-tools-for-stm32.12.3.rel1.win32_1.0.200.202406191623/tools/bin/../lib/gcc/arm-none-eabi/12.3.1/../../../../arm-none-eabi/lib/thumb/v7e-m+fp/hard\libc_nano.a(libc_a-memcpy-stub.o)
 .ARM.attributes
                0x00000abf       0x34 C:/ST/STM32CubeIDE_1.16.1/STM32CubeIDE/plugins/com.st.stm32cube.ide.mcu.externaltools.gnu-tools-for-stm32.12.3.rel1.win32_1.0.200.202406191623/tools/bin/../lib/gcc/arm-none-eabi/12.3.1/../../../../arm-none-eabi/lib/thumb/v7e-m+fp/hard\libc_nano.a(libc_a-freer.o)
 .ARM.attributes
                0x00000af3       0x34 C:/ST/STM32CubeIDE_1.16.1/STM32CubeIDE/plugins/com.st.stm32cube.ide.mcu.externaltools.gnu-tools-for-stm32.12.3.rel1.win32_1.0.200.202406191623/tools/bin/../lib/gcc/arm-none-eabi/12.3.1/../../../../arm-none-eabi/lib/thumb/v7e-m+fp/hard\libc_nano.a(libc_a-mallocr.o)
 .ARM.attributes
                0x00000b27       0x34 C:/ST/STM32CubeIDE_1.16.1/STM32CubeIDE/plugins/com.st.stm32cube.ide.mcu.externaltools.gnu-tools-for-stm32.12.3.rel1.win32_1.0.200.202406191623/tools/bin/../lib/gcc/arm-none-eabi/12.3.1/../../../../arm-none-eabi/lib/thumb/v7e-m+fp/hard\libc_nano.a(libc_a-mlock.o)
 .ARM.attributes
                0x00000b5b       0x22 C:/ST/STM32CubeIDE_1.16.1/STM32CubeIDE/plugins/com.st.stm32cube.ide.mcu.externaltools.gnu-tools-for-stm32.12.3.rel1.win32_1.0.200.202406191623/tools/bin/../lib/gcc/arm-none-eabi/12.3.1/thumb/v7e-m+fp/hard\libgcc.a(_aeabi_uldivmod.o)
 .ARM.attributes
                0x00000b7d       0x34 C:/ST/STM32CubeIDE_1.16.1/STM32CubeIDE/plugins/com.st.stm32cube.ide.mcu.externaltools.gnu-tools-for-stm32.12.3.rel1.win32_1.0.200.202406191623/tools/bin/../lib/gcc/arm-none-eabi/12.3.1/thumb/v7e-m+fp/hard\libgcc.a(_udivmoddi4.o)
 .ARM.attributes
                0x00000bb1       0x22 C:/ST/STM32CubeIDE_1.16.1/STM32CubeIDE/plugins/com.st.stm32cube.ide.mcu.externaltools.gnu-tools-for-stm32.12.3.rel1.win32_1.0.200.202406191623/tools/bin/../lib/gcc/arm-none-eabi/12.3.1/thumb/v7e-m+fp/hard\libgcc.a(_dvmd_tls.o)
 .ARM.attributes
                0x00000bd3       0x22 C:/ST/STM32CubeIDE_1.16.1/STM32CubeIDE/plugins/com.st.stm32cube.ide.mcu.externaltools.gnu-tools-for-stm32.12.3.rel1.win32_1.0.200.202406191623/tools/bin/../lib/gcc/arm-none-eabi/12.3.1/thumb/v7e-m+fp/hard/crtn.o
OUTPUT(stm32f411_RE.elf elf32-littlearm)
LOAD linker stubs
LOAD C:/ST/STM32CubeIDE_1.16.1/STM32CubeIDE/plugins/com.st.stm32cube.ide.mcu.externaltools.gnu-tools-for-stm32.12.3.rel1.win32_1.0.200.202406191623/tools/bin/../lib/gcc/arm-none-eabi/12.3.1/../../../../arm-none-eabi/lib/thumb/v7e-m+fp/hard\libc.a
LOAD C:/ST/STM32CubeIDE_1.16.1/STM32CubeIDE/plugins/com.st.stm32cube.ide.mcu.externaltools.gnu-tools-for-stm32.12.3.rel1.win32_1.0.200.202406191623/tools/bin/../lib/gcc/arm-none-eabi/12.3.1/../../../../arm-none-eabi/lib/thumb/v7e-m+fp/hard\libm.a
LOAD C:/ST/STM32CubeIDE_1.16.1/STM32CubeIDE/plugins/com.st.stm32cube.ide.mcu.externaltools.gnu-tools-for-stm32.12.3.rel1.win32_1.0.200.202406191623/tools/bin/../lib/gcc/arm-none-eabi/12.3.1/thumb/v7e-m+fp/hard\libgcc.a

.debug_info     0x00000000    0x1d7af
 .debug_info    0x00000000      0x9cd ./Core/Src/adc.o
 .debug_info    0x000009cd      0x4db ./Core/Src/freertos.o
 .debug_info    0x00000ea8      0x61f ./Core/Src/gpio.o
 .debug_info    0x000014c7      0xb94 ./Core/Src/main.o
 .debug_info    0x0000205b      0x456 ./Core/Src/stm32f4xx_hal_msp.o
 .debug_info    0x000024b1      0xb75 ./Core/Src/stm32f4xx_hal_timebase_tim.o
 .debug_info    0x00003026      0x990 ./Core/Src/stm32f4xx_it.o
 .debug_info    0x000039b6      0x53e ./Core/Src/system_stm32f4xx.o
 .debug_info    0x00003ef4      0xec6 ./Core/Src/tim.o
 .debug_info    0x00004dba      0xb35 ./Core/Src/usart.o
 .debug_info    0x000058ef       0x30 ./Core/Startup/startup_stm32f411retx.o
 .debug_info    0x0000591f      0x8c4 ./Drivers/STM32F4xx_HAL_Driver/Src/stm32f4xx_hal.o
 .debug_info    0x000061e3      0xce0 ./Drivers/STM32F4xx_HAL_Driver/Src/stm32f4xx_hal_adc.o
 .debug_info    0x00006ec3      0xcfc ./Drivers/STM32F4xx_HAL_Driver/Src/stm32f4xx_hal_cortex.o
 .debug_info    0x00007bbf      0x8e6 ./Drivers/STM32F4xx_HAL_Driver/Src/stm32f4xx_hal_dma.o
 .debug_info    0x000084a5      0x6f9 ./Drivers/STM32F4xx_HAL_Driver/Src/stm32f4xx_hal_gpio.o
 .debug_info    0x00008b9e      0x904 ./Drivers/STM32F4xx_HAL_Driver/Src/stm32f4xx_hal_rcc.o
 .debug_info    0x000094a2     0x2996 ./Drivers/STM32F4xx_HAL_Driver/Src/stm32f4xx_hal_tim.o
 .debug_info    0x0000be38     0x14d4 ./Drivers/STM32F4xx_HAL_Driver/Src/stm32f4xx_hal_tim_ex.o
 .debug_info    0x0000d30c     0x2f56 ./Drivers/STM32F4xx_HAL_Driver/Src/stm32f4xx_hal_uart.o
 .debug_info    0x00010262     0x4079 ./Middlewares/Third_Party/FreeRTOS/Source/CMSIS_RTOS_V2/cmsis_os2.o
 .debug_info    0x000142db      0x2af ./Middlewares/Third_Party/FreeRTOS/Source/list.o
 .debug_info    0x0001458a     0x1b79 ./Middlewares/Third_Party/FreeRTOS/Source/queue.o
 .debug_info    0x00016103     0x28c1 ./Middlewares/Third_Party/FreeRTOS/Source/tasks.o
 .debug_info    0x000189c4     0x1b50 ./Middlewares/Third_Party/FreeRTOS/Source/timers.o
 .debug_info    0x0001a514      0x4de ./Middlewares/Third_Party/FreeRTOS/Source/portable/GCC/ARM_CM4F/port.o
 .debug_info    0x0001a9f2      0x4d5 ./Middlewares/Third_Party/FreeRTOS/Source/portable/MemMang/heap_4.o
 .debug_info    0x0001aec7       0x91 ./ap/ap.o
 .debug_info    0x0001af58      0x1c6 ./ap/smart_blind.o
 .debug_info    0x0001b11e      0x219 ./ap/module/servo_motor.o
 .debug_info    0x0001b337      0x236 ./ap/module/stopwatch.o
 .debug_info    0x0001b56d      0x20a ./ap/module/uart_cmd.o
 .debug_info    0x0001b777      0x129 ./hw/driver/button.o
 .debug_info    0x0001b8a0      0x1a1 ./hw/driver/hw_motor.o
 .debug_info    0x0001ba41      0x80b ./hw/driver/hw_tim.o
 .debug_info    0x0001c24c      0x2aa ./hw/driver/led.o
 .debug_info    0x0001c4f6      0x761 ./hw/driver/uart.o
 .debug_info    0x0001cc57       0xd9 ./hw/hw.o
 .debug_info    0x0001cd30      0x157 ./rtos/rtos_task.o
 .debug_info    0x0001ce87      0x240 ./rtos/servo_motor_task.o
 .debug_info    0x0001d0c7      0x283 ./rtos/smart_blind_task.o
 .debug_info    0x0001d34a      0x1df ./rtos/stopwatch_task.o
 .debug_info    0x0001d529      0x286 ./rtos/uart_cmd_task.o

.debug_abbrev   0x00000000     0x4ea9
 .debug_abbrev  0x00000000      0x1f2 ./Core/Src/adc.o
 .debug_abbrev  0x000001f2      0x16b ./Core/Src/freertos.o
 .debug_abbrev  0x0000035d      0x173 ./Core/Src/gpio.o
 .debug_abbrev  0x000004d0      0x262 ./Core/Src/main.o
 .debug_abbrev  0x00000732      0x119 ./Core/Src/stm32f4xx_hal_msp.o
 .debug_abbrev  0x0000084b      0x207 ./Core/Src/stm32f4xx_hal_timebase_tim.o
 .debug_abbrev  0x00000a52      0x1b1 ./Core/Src/stm32f4xx_it.o
 .debug_abbrev  0x00000c03      0x11a ./Core/Src/system_stm32f4xx.o
 .debug_abbrev  0x00000d1d      0x22e ./Core/Src/tim.o
 .debug_abbrev  0x00000f4b      0x217 ./Core/Src/usart.o
 .debug_abbrev  0x00001162       0x24 ./Core/Startup/startup_stm32f411retx.o
 .debug_abbrev  0x00001186      0x24b ./Drivers/STM32F4xx_HAL_Driver/Src/stm32f4xx_hal.o
 .debug_abbrev  0x000013d1      0x20e ./Drivers/STM32F4xx_HAL_Driver/Src/stm32f4xx_hal_adc.o
 .debug_abbrev  0x000015df      0x31d ./Drivers/STM32F4xx_HAL_Driver/Src/stm32f4xx_hal_cortex.o
 .debug_abbrev  0x000018fc      0x221 ./Drivers/STM32F4xx_HAL_Driver/Src/stm32f4xx_hal_dma.o
 .debug_abbrev  0x00001b1d      0x1d3 ./Drivers/STM32F4xx_HAL_Driver/Src/stm32f4xx_hal_gpio.o
 .debug_abbrev  0x00001cf0      0x2b6 ./Drivers/STM32F4xx_HAL_Driver/Src/stm32f4xx_hal_rcc.o
 .debug_abbrev  0x00001fa6      0x28b ./Drivers/STM32F4xx_HAL_Driver/Src/stm32f4xx_hal_tim.o
 .debug_abbrev  0x00002231      0x296 ./Drivers/STM32F4xx_HAL_Driver/Src/stm32f4xx_hal_tim_ex.o
 .debug_abbrev  0x000024c7      0x31b ./Drivers/STM32F4xx_HAL_Driver/Src/stm32f4xx_hal_uart.o
 .debug_abbrev  0x000027e2      0x548 ./Middlewares/Third_Party/FreeRTOS/Source/CMSIS_RTOS_V2/cmsis_os2.o
 .debug_abbrev  0x00002d2a       0xf5 ./Middlewares/Third_Party/FreeRTOS/Source/list.o
 .debug_abbrev  0x00002e1f      0x3b6 ./Middlewares/Third_Party/FreeRTOS/Source/queue.o
 .debug_abbrev  0x000031d5      0x3fe ./Middlewares/Third_Party/FreeRTOS/Source/tasks.o
 .debug_abbrev  0x000035d3      0x368 ./Middlewares/Third_Party/FreeRTOS/Source/timers.o
 .debug_abbrev  0x0000393b      0x25c ./Middlewares/Third_Party/FreeRTOS/Source/portable/GCC/ARM_CM4F/port.o
 .debug_abbrev  0x00003b97      0x21d ./Middlewares/Third_Party/FreeRTOS/Source/portable/MemMang/heap_4.o
 .debug_abbrev  0x00003db4       0x45 ./ap/ap.o
 .debug_abbrev  0x00003df9       0xcd ./ap/smart_blind.o
 .debug_abbrev  0x00003ec6      0x107 ./ap/module/servo_motor.o
 .debug_abbrev  0x00003fcd      0x137 ./ap/module/stopwatch.o
 .debug_abbrev  0x00004104      0x110 ./ap/module/uart_cmd.o
 .debug_abbrev  0x00004214       0xad ./hw/driver/button.o
 .debug_abbrev  0x000042c1       0xce ./hw/driver/hw_motor.o
 .debug_abbrev  0x0000438f      0x1f6 ./hw/driver/hw_tim.o
 .debug_abbrev  0x00004585      0x155 ./hw/driver/led.o
 .debug_abbrev  0x000046da      0x1ce ./hw/driver/uart.o
 .debug_abbrev  0x000048a8       0x89 ./hw/hw.o
 .debug_abbrev  0x00004931       0xc4 ./rtos/rtos_task.o
 .debug_abbrev  0x000049f5      0x112 ./rtos/servo_motor_task.o
 .debug_abbrev  0x00004b07      0x12d ./rtos/smart_blind_task.o
 .debug_abbrev  0x00004c34      0x14b ./rtos/stopwatch_task.o
 .debug_abbrev  0x00004d7f      0x12a ./rtos/uart_cmd_task.o

.debug_aranges  0x00000000     0x18e8
 .debug_aranges
                0x00000000       0x30 ./Core/Src/adc.o
 .debug_aranges
                0x00000030       0x40 ./Core/Src/freertos.o
 .debug_aranges
                0x00000070       0x20 ./Core/Src/gpio.o
 .debug_aranges
                0x00000090       0x38 ./Core/Src/main.o
 .debug_aranges
                0x000000c8       0x20 ./Core/Src/stm32f4xx_hal_msp.o
 .debug_aranges
                0x000000e8       0x30 ./Core/Src/stm32f4xx_hal_timebase_tim.o
 .debug_aranges
                0x00000118       0x68 ./Core/Src/stm32f4xx_it.o
 .debug_aranges
                0x00000180       0x28 ./Core/Src/system_stm32f4xx.o
 .debug_aranges
                0x000001a8       0x50 ./Core/Src/tim.o
 .debug_aranges
                0x000001f8       0x30 ./Core/Src/usart.o
 .debug_aranges
                0x00000228       0x28 ./Core/Startup/startup_stm32f411retx.o
 .debug_aranges
                0x00000250       0xf0 ./Drivers/STM32F4xx_HAL_Driver/Src/stm32f4xx_hal.o
 .debug_aranges
                0x00000340       0xe8 ./Drivers/STM32F4xx_HAL_Driver/Src/stm32f4xx_hal_adc.o
 .debug_aranges
                0x00000428      0x130 ./Drivers/STM32F4xx_HAL_Driver/Src/stm32f4xx_hal_cortex.o
 .debug_aranges
                0x00000558       0x90 ./Drivers/STM32F4xx_HAL_Driver/Src/stm32f4xx_hal_dma.o
 .debug_aranges
                0x000005e8       0x58 ./Drivers/STM32F4xx_HAL_Driver/Src/stm32f4xx_hal_gpio.o
 .debug_aranges
                0x00000640       0x88 ./Drivers/STM32F4xx_HAL_Driver/Src/stm32f4xx_hal_rcc.o
 .debug_aranges
                0x000006c8      0x3d0 ./Drivers/STM32F4xx_HAL_Driver/Src/stm32f4xx_hal_tim.o
 .debug_aranges
                0x00000a98      0x168 ./Drivers/STM32F4xx_HAL_Driver/Src/stm32f4xx_hal_tim_ex.o
 .debug_aranges
                0x00000c00      0x208 ./Drivers/STM32F4xx_HAL_Driver/Src/stm32f4xx_hal_uart.o
 .debug_aranges
                0x00000e08      0x2b0 ./Middlewares/Third_Party/FreeRTOS/Source/CMSIS_RTOS_V2/cmsis_os2.o
 .debug_aranges
                0x000010b8       0x40 ./Middlewares/Third_Party/FreeRTOS/Source/list.o
 .debug_aranges
                0x000010f8      0x158 ./Middlewares/Third_Party/FreeRTOS/Source/queue.o
 .debug_aranges
                0x00001250      0x208 ./Middlewares/Third_Party/FreeRTOS/Source/tasks.o
 .debug_aranges
                0x00001458       0xf0 ./Middlewares/Third_Party/FreeRTOS/Source/timers.o
 .debug_aranges
                0x00001548       0x80 ./Middlewares/Third_Party/FreeRTOS/Source/portable/GCC/ARM_CM4F/port.o
 .debug_aranges
                0x000015c8       0x58 ./Middlewares/Third_Party/FreeRTOS/Source/portable/MemMang/heap_4.o
 .debug_aranges
                0x00001620       0x20 ./ap/ap.o
 .debug_aranges
                0x00001640       0x28 ./ap/smart_blind.o
 .debug_aranges
                0x00001668       0x30 ./ap/module/servo_motor.o
 .debug_aranges
                0x00001698       0x50 ./ap/module/stopwatch.o
 .debug_aranges
                0x000016e8       0x20 ./ap/module/uart_cmd.o
 .debug_aranges
                0x00001708       0x28 ./hw/driver/button.o
 .debug_aranges
                0x00001730       0x40 ./hw/driver/hw_motor.o
 .debug_aranges
                0x00001770       0x48 ./hw/driver/hw_tim.o
 .debug_aranges
                0x000017b8       0x38 ./hw/driver/led.o
 .debug_aranges
                0x000017f0       0x38 ./hw/driver/uart.o
 .debug_aranges
                0x00001828       0x20 ./hw/hw.o
 .debug_aranges
                0x00001848       0x20 ./rtos/rtos_task.o
 .debug_aranges
                0x00001868       0x20 ./rtos/servo_motor_task.o
 .debug_aranges
                0x00001888       0x20 ./rtos/smart_blind_task.o
 .debug_aranges
                0x000018a8       0x20 ./rtos/stopwatch_task.o
 .debug_aranges
                0x000018c8       0x20 ./rtos/uart_cmd_task.o

.debug_rnglists
                0x00000000     0x12ed
 .debug_rnglists
                0x00000000       0x21 ./Core/Src/adc.o
 .debug_rnglists
                0x00000021       0x2c ./Core/Src/freertos.o
 .debug_rnglists
                0x0000004d       0x14 ./Core/Src/gpio.o
 .debug_rnglists
                0x00000061       0x26 ./Core/Src/main.o
 .debug_rnglists
                0x00000087       0x13 ./Core/Src/stm32f4xx_hal_msp.o
 .debug_rnglists
                0x0000009a       0x20 ./Core/Src/stm32f4xx_hal_timebase_tim.o
 .debug_rnglists
                0x000000ba       0x49 ./Core/Src/stm32f4xx_it.o
 .debug_rnglists
                0x00000103       0x1a ./Core/Src/system_stm32f4xx.o
 .debug_rnglists
                0x0000011d       0x3a ./Core/Src/tim.o
 .debug_rnglists
                0x00000157       0x20 ./Core/Src/usart.o
 .debug_rnglists
                0x00000177       0x19 ./Core/Startup/startup_stm32f411retx.o
 .debug_rnglists
                0x00000190       0xaf ./Drivers/STM32F4xx_HAL_Driver/Src/stm32f4xx_hal.o
 .debug_rnglists
                0x0000023f       0xb5 ./Drivers/STM32F4xx_HAL_Driver/Src/stm32f4xx_hal_adc.o
 .debug_rnglists
                0x000002f4       0xe0 ./Drivers/STM32F4xx_HAL_Driver/Src/stm32f4xx_hal_cortex.o
 .debug_rnglists
                0x000003d4       0x70 ./Drivers/STM32F4xx_HAL_Driver/Src/stm32f4xx_hal_dma.o
 .debug_rnglists
                0x00000444       0x3f ./Drivers/STM32F4xx_HAL_Driver/Src/stm32f4xx_hal_gpio.o
 .debug_rnglists
                0x00000483       0x66 ./Drivers/STM32F4xx_HAL_Driver/Src/stm32f4xx_hal_rcc.o
 .debug_rnglists
                0x000004e9      0x31a ./Drivers/STM32F4xx_HAL_Driver/Src/stm32f4xx_hal_tim.o
 .debug_rnglists
                0x00000803      0x125 ./Drivers/STM32F4xx_HAL_Driver/Src/stm32f4xx_hal_tim_ex.o
 .debug_rnglists
                0x00000928      0x1bc ./Drivers/STM32F4xx_HAL_Driver/Src/stm32f4xx_hal_uart.o
 .debug_rnglists
                0x00000ae4      0x212 ./Middlewares/Third_Party/FreeRTOS/Source/CMSIS_RTOS_V2/cmsis_os2.o
 .debug_rnglists
                0x00000cf6       0x2b ./Middlewares/Third_Party/FreeRTOS/Source/list.o
 .debug_rnglists
                0x00000d21      0x109 ./Middlewares/Third_Party/FreeRTOS/Source/queue.o
 .debug_rnglists
                0x00000e2a      0x1a0 ./Middlewares/Third_Party/FreeRTOS/Source/tasks.o
 .debug_rnglists
                0x00000fca       0xb8 ./Middlewares/Third_Party/FreeRTOS/Source/timers.o
 .debug_rnglists
                0x00001082       0x5d ./Middlewares/Third_Party/FreeRTOS/Source/portable/GCC/ARM_CM4F/port.o
 .debug_rnglists
                0x000010df       0x42 ./Middlewares/Third_Party/FreeRTOS/Source/portable/MemMang/heap_4.o
 .debug_rnglists
                0x00001121       0x13 ./ap/ap.o
 .debug_rnglists
                0x00001134       0x1a ./ap/smart_blind.o
 .debug_rnglists
                0x0000114e       0x20 ./ap/module/servo_motor.o
 .debug_rnglists
                0x0000116e       0x38 ./ap/module/stopwatch.o
 .debug_rnglists
                0x000011a6       0x14 ./ap/module/uart_cmd.o
 .debug_rnglists
                0x000011ba       0x19 ./hw/driver/button.o
 .debug_rnglists
                0x000011d3       0x2b ./hw/driver/hw_motor.o
 .debug_rnglists
                0x000011fe       0x31 ./hw/driver/hw_tim.o
 .debug_rnglists
                0x0000122f       0x25 ./hw/driver/led.o
 .debug_rnglists
                0x00001254       0x25 ./hw/driver/uart.o
 .debug_rnglists
                0x00001279       0x13 ./hw/hw.o
 .debug_rnglists
                0x0000128c       0x14 ./rtos/rtos_task.o
 .debug_rnglists
                0x000012a0       0x13 ./rtos/servo_motor_task.o
 .debug_rnglists
                0x000012b3       0x13 ./rtos/smart_blind_task.o
 .debug_rnglists
                0x000012c6       0x13 ./rtos/stopwatch_task.o
 .debug_rnglists
                0x000012d9       0x14 ./rtos/uart_cmd_task.o

.debug_macro    0x00000000    0x1ef18